<html>
<body>
<pre>
<h1>礦ision Build Log</h1>
<h2>Tool Versions:</h2>
IDE-Version: μVision V5.26.2.0
Copyright (C) 2018 ARM Ltd and ARM Germany GmbH. All rights reserved.
License Information: yuan Microsoft, Microsoft, LIC=TIVAR-KR0Q3-M9JGG-V1P6Y-VWYZF-2Q2I7
 
Tool Versions:
Toolchain:       MDK-ARM Plus  Version: 5.26.2.0
Toolchain Path:  C:\Keil_v5\ARM\ARMCC\Bin
C Compiler:      Armcc.exe V5.06 update 6 (build 750)
Assembler:       Armasm.exe V5.06 update 6 (build 750)
Linker/Locator:  ArmLink.exe V5.06 update 6 (build 750)
Library Manager: ArmAr.exe V5.06 update 6 (build 750)
Hex Converter:   FromElf.exe V5.06 update 6 (build 750)
CPU DLL:         SARMCM3.DLL V5.26.2.0
Dialog DLL:      DCM.DLL V1.17.2.0
Target DLL:      STLink\ST-LINKIII-KEIL_SWO.dll V3.0.5.0
Dialog DLL:      TCM.DLL V1.36.1.0
 
<h2>Project:</h2>
E:\硬盘备份\github\Mango_pi_01\Mango_pi_01\MDK-ARM\Mango_pi_01.uvprojx
Project File Date:  06/12/2019

<h2>Output:</h2>
*** Using Compiler 'V5.06 update 6 (build 750)', folder: 'C:\Keil_v5\ARM\ARMCC\Bin'
Build target 'Mango_pi_01'
assembling startup_stm32f103xe.s...
compiling stm32f1xx_it.c...
compiling GPRS.c...
..\Src\GPRS.c(76): warning:  #167-D: argument of type "uint8_t *" is incompatible with parameter of type "const char *"
  	while(strstr((const char *)pData,check) == NULL)//没有数据返回
..\Src\GPRS.c(114): warning:  #940-D: missing return statement at end of non-void function "GPRS_AT_CIPSEND" 
  }
..\Src\GPRS.c: 2 warnings, 0 errors
compiling user_diskio.c...
compiling freertos.c...
compiling fatfs.c...
compiling Strategy.c...
compiling main.c...
compiling malloc.c...
compiling stm32f1xx_hal_msp.c...
compiling stm32f1xx_hal_gpio_ex.c...
compiling stm32f1xx_hal_spi_ex.c...
compiling stm32f1xx_hal_rtc_ex.c...
compiling stm32f1xx_hal_tim.c...
compiling stm32f1xx_hal_rtc.c...
compiling stm32f1xx_hal_spi.c...
compiling stm32f1xx_hal_tim_ex.c...
compiling stm32f1xx_hal_uart.c...
compiling stm32f1xx_hal_rcc_ex.c...
compiling stm32f1xx_hal_gpio.c...
compiling stm32f1xx_hal.c...
compiling stm32f1xx_hal_rcc.c...
compiling stm32f1xx_hal_dma.c...
compiling stm32f1xx_hal_cortex.c...
compiling stm32f1xx_hal_pwr.c...
compiling stm32f1xx_hal_flash_ex.c...
compiling uart.c...
compiling stm32f1xx_hal_flash.c...
compiling system_stm32f1xx.c...
compiling heap_4.c...
compiling croutine.c...
compiling port.c...
compiling list.c...
compiling syscall.c...
compiling event_groups.c...
compiling timers.c...
compiling queue.c...
compiling tasks.c...
compiling cmsis_os.c...
compiling diskio.c...
compiling TypeFace.c...
compiling ff_gen_drv.c...
compiling ff.c...
compiling delay.c...
compiling BUZZER.c...
compiling button.c...
compiling Check_Stroking_Cycle.c...
compiling LCD12864.c...
compiling Monitor_IN1.c...
compiling relay.c...
compiling IIC.c...
compiling 24C0x.c...
compiling LCD12864_Display_Menu.c...
compiling LCD12864_Display_Menu_Set_Strategy.c...
compiling LCD12864_Display_Menu_HUMI_Compensation.c...
compiling LCD12864_Display_Menu_Max_Route.c...
compiling LCD12864_Display_Menu_Route_Reset.c...
compiling LCD12864_Display_Menu_Stroking_Cycle.c...
compiling LCD12864_Display_Menu_Set_Strategy_Info.c...
compiling LCD12864_Display_Menu_Set_Time.c...
compiling HUMI.c...
compiling LCD12864_Display_Menu_Delay_Inspection.c...
compiling LED.c...
compiling AM2320.c...
compiling HTTP_CODE.c...
compiling SIM800C_Scheduler_data.c...
..\HARDWARE\SIM800C\SIM800C_Scheduler_data.c(18): warning:  #144-D: a value of type "uint8_t *" cannot be used to initialize an entity of type "char *"
  char *G_p_index_start = pData,*G_p_index_end = pData;			//表示一帧数据的前和尾
..\HARDWARE\SIM800C\SIM800C_Scheduler_data.c(18): warning:  #144-D: a value of type "uint8_t *" cannot be used to initialize an entity of type "char *"
  char *G_p_index_start = pData,*G_p_index_end = pData;			//表示一帧数据的前和尾
..\HARDWARE\SIM800C\SIM800C_Scheduler_data.c(90): warning:  #177-D: variable "str"  was declared but never referenced
  	char *str;
..\HARDWARE\SIM800C\SIM800C_Scheduler_data.c(141): warning:  #167-D: argument of type "uint8_t *" is incompatible with parameter of type "char *restrict"
  		strcpy(Recv_cmd_data,(const char*)(G_p_index_end+1+check_len+2+TopicNameLen));
..\HARDWARE\SIM800C\SIM800C_Scheduler_data.c: 4 warnings, 0 errors
compiling SIM800C_Send_State_data.c...
..\HARDWARE\SIM800C\SIM800C_Send_State_data.c(45): warning:  #177-D: variable "i"  was declared but never referenced
  	uint16_t Pack_Len,i = 0;
..\HARDWARE\SIM800C\SIM800C_Send_State_data.c(98): warning:  #167-D: argument of type "uint8_t *" is incompatible with parameter of type "char *restrict"
  	sprintf(JsonStr,"{\"Temp\":\"%02d.%d\",\"Humi\":\"%d\"}",(uint16_t)temp/10,(uint16_t)temp%10,(uint16_t)g_rh);
..\HARDWARE\SIM800C\SIM800C_Send_State_data.c(100): warning:  #167-D: argument of type "uint8_t *" is incompatible with parameter of type "const char *"
  	G_Send_Pack.JsonStr = cJSON_Parse(JsonStr);
..\HARDWARE\SIM800C\SIM800C_Send_State_data.c(112): warning:  #167-D: argument of type "char *" is incompatible with parameter of type "uint8_t *"
  	index = Create_Send_Pack(s);
..\HARDWARE\SIM800C\SIM800C_Send_State_data.c: 4 warnings, 0 errors
compiling SIM800C.C...
compiling board_info.c...
..\HARDWARE\BOARD_INFO\board_info.c(342): warning:  #167-D: argument of type "uint8_t *" is incompatible with parameter of type "char *restrict"
  	sprintf(str,"%d",G_Version_Information.Master_Control);
..\HARDWARE\BOARD_INFO\board_info.c(344): warning:  #167-D: argument of type "uint8_t *" is incompatible with parameter of type "char *restrict"
  	sprintf(str,"%d",G_Version_Information.Device_Type);
..\HARDWARE\BOARD_INFO\board_info.c(365): warning:  #167-D: argument of type "char *" is incompatible with parameter of type "uint8_t *"
  	index = Create_Send_Pack(s);
..\HARDWARE\BOARD_INFO\board_info.c(401): warning:  #940-D: missing return statement at end of non-void function "Send_Version_Information" 
  }
..\HARDWARE\BOARD_INFO\board_info.c: 4 warnings, 0 errors
compiling SIM800C_Recv_Onenet_data.c...
..\HARDWARE\SIM800C\SIM800C_Recv_Onenet_data.c(37): warning:  #513-D: a value of type "char *" cannot be assigned to an entity of type "int8_t *"
  			p_data = cJSON_Print(item_cmd);//p_data是命令的类型
..\HARDWARE\SIM800C\SIM800C_Recv_Onenet_data.c(40): warning:  #167-D: argument of type "int8_t *" is incompatible with parameter of type "const char *"
  			if(!strcmp(p_data,"\"set_cmd\"")){//匹配是设置命令类型
..\HARDWARE\SIM800C\SIM800C_Recv_Onenet_data.c(43): warning:  #513-D: a value of type "char *" cannot be assigned to an entity of type "int8_t *"
  				p_data = cJSON_Print(item_cmd);//p_data是命令的类型
..\HARDWARE\SIM800C\SIM800C_Recv_Onenet_data.c(47): warning:  #167-D: argument of type "int8_t *" is incompatible with parameter of type "const char *"
  			if(!strcmp(p_data,"\"exe_cmd\"")){
..\HARDWARE\SIM800C\SIM800C_Recv_Onenet_data.c(23): warning:  #550-D: variable "err"  was set but never used
  	BaseType_t err = 1;
..\HARDWARE\SIM800C\SIM800C_Recv_Onenet_data.c: 5 warnings, 0 errors
compiling cJSON.c...
..\CJSON\cJSON.c(118): warning:  #1293-D: assignment in condition
      if (!(copy = (unsigned char*)hooks->allocate(length)))
..\CJSON\cJSON.c: 1 warning, 0 errors
compiling Mqtt.c...
..\PROTOCOL\Mqtt.c(160): warning:  #940-D: missing return statement at end of non-void function "Connect_OneNet" 
  }
..\PROTOCOL\Mqtt.c(167): warning:  #177-D: variable "str"  was declared but never referenced
  	char* str;
..\PROTOCOL\Mqtt.c: 2 warnings, 0 errors
linking...
Program Size: Code=50956 RO-data=1800 RW-data=5064 ZI-data=41928  
FromELF: creating hex file...
"Mango_pi_01\Mango_pi_01.axf" - 0 Error(s), 22 Warning(s).

<h2>Software Packages used:</h2>

Package Vendor: ARM
                http://www.keil.com/pack/ARM.CMSIS.5.4.0.pack
                ARM.CMSIS.5.4.0
                CMSIS (Cortex Microcontroller Software Interface Standard)
   * Component: CORE Version: 5.1.2

Package Vendor: Keil
                http://www.keil.com/pack/Keil.STM32F1xx_DFP.2.3.0.pack
                Keil.STM32F1xx_DFP.2.3.0
                STMicroelectronics STM32F1 Series Device Support, Drivers and Examples

<h2>Collection of Component include folders:</h2>
  .\RTE\_Mango_pi_01
  C:\Keil_v5\ARM\PACK\ARM\CMSIS\5.4.0\CMSIS\Core\Include
  C:\Keil_v5\ARM\PACK\Keil\STM32F1xx_DFP\2.3.0\Device\Include

<h2>Collection of Component Files used:</h2>

   * Component: ARM::CMSIS:CORE:5.1.2
Build Time Elapsed:  00:00:40
</pre>
</body>
</html>
