Component: ARM Compiler 5.06 update 6 (build 750) Tool: armlink [4d35ed]

==============================================================================

Section Cross References

    startup_stm32f103xe.o(RESET) refers to startup_stm32f103xe.o(STACK) for __initial_sp
    startup_stm32f103xe.o(RESET) refers to startup_stm32f103xe.o(.text) for Reset_Handler
    startup_stm32f103xe.o(RESET) refers to stm32f1xx_it.o(i.NMI_Handler) for NMI_Handler
    startup_stm32f103xe.o(RESET) refers to stm32f1xx_it.o(i.HardFault_Handler) for HardFault_Handler
    startup_stm32f103xe.o(RESET) refers to stm32f1xx_it.o(i.MemManage_Handler) for MemManage_Handler
    startup_stm32f103xe.o(RESET) refers to stm32f1xx_it.o(i.BusFault_Handler) for BusFault_Handler
    startup_stm32f103xe.o(RESET) refers to stm32f1xx_it.o(i.UsageFault_Handler) for UsageFault_Handler
    startup_stm32f103xe.o(RESET) refers to port.o(.emb_text) for SVC_Handler
    startup_stm32f103xe.o(RESET) refers to stm32f1xx_it.o(i.DebugMon_Handler) for DebugMon_Handler
    startup_stm32f103xe.o(RESET) refers to stm32f1xx_it.o(i.SysTick_Handler) for SysTick_Handler
    startup_stm32f103xe.o(RESET) refers to stm32f1xx_it.o(i.DMA1_Channel6_IRQHandler) for DMA1_Channel6_IRQHandler
    startup_stm32f103xe.o(RESET) refers to stm32f1xx_it.o(i.DMA1_Channel7_IRQHandler) for DMA1_Channel7_IRQHandler
    startup_stm32f103xe.o(RESET) refers to stm32f1xx_it.o(i.SPI1_IRQHandler) for SPI1_IRQHandler
    startup_stm32f103xe.o(RESET) refers to stm32f1xx_it.o(i.USART1_IRQHandler) for USART1_IRQHandler
    startup_stm32f103xe.o(RESET) refers to stm32f1xx_it.o(i.USART2_IRQHandler) for USART2_IRQHandler
    startup_stm32f103xe.o(.text) refers to system_stm32f1xx.o(i.SystemInit) for SystemInit
    startup_stm32f103xe.o(.text) refers to entry.o(.ARM.Collect$$$$00000000) for __main
    strategy.o(i.Exe_Strategy_Type_Route) refers to stm32f1xx_hal_gpio.o(i.HAL_GPIO_ReadPin) for HAL_GPIO_ReadPin
    strategy.o(i.Exe_Strategy_Type_Route) refers to relay.o(i.Motor_Reverses) for Motor_Reverses
    strategy.o(i.Exe_Strategy_Type_Route) refers to relay.o(i.Motor_Stop) for Motor_Stop
    strategy.o(i.Exe_Strategy_Type_Route) refers to relay.o(i.Motor_Forward) for Motor_Forward
    strategy.o(i.Exe_Strategy_Type_Route) refers to relay.o(.data) for G_New_Mode
    strategy.o(i.Exe_Strategy_Type_Route) refers to lcd12864_display_menu_set_strategy.o(.bss) for G_Strategy
    strategy.o(i.Exe_Strategy_Type_Temp) refers to stm32f1xx_hal_gpio.o(i.HAL_GPIO_ReadPin) for HAL_GPIO_ReadPin
    strategy.o(i.Exe_Strategy_Type_Temp) refers to ffltui.o(.text) for __aeabi_ui2f
    strategy.o(i.Exe_Strategy_Type_Temp) refers to fdiv.o(.text) for __aeabi_fdiv
    strategy.o(i.Exe_Strategy_Type_Temp) refers to cfrcmple.o(.text) for __aeabi_cfrcmple
    strategy.o(i.Exe_Strategy_Type_Temp) refers to relay.o(i.Motor_Forward) for Motor_Forward
    strategy.o(i.Exe_Strategy_Type_Temp) refers to cfcmple.o(.text) for __aeabi_cfcmple
    strategy.o(i.Exe_Strategy_Type_Temp) refers to relay.o(i.Motor_Reverses) for Motor_Reverses
    strategy.o(i.Exe_Strategy_Type_Temp) refers to relay.o(i.Motor_Stop) for Motor_Stop
    strategy.o(i.Exe_Strategy_Type_Temp) refers to 24c0x.o(.data) for G_Delay_Inspection
    strategy.o(i.Exe_Strategy_Type_Temp) refers to relay.o(.data) for G_Now_Route
    strategy.o(i.Exe_Strategy_Type_Temp) refers to lcd12864_display_menu_set_strategy.o(.bss) for G_Strategy
    strategy.o(i.Exe_Strategy_Type_Temp) refers to humi.o(.data) for temp
    strategy.o(i.Init_Strategy) refers to 24c0x.o(i.AT24CXX_Write) for AT24CXX_Write
    strategy.o(i.Init_Strategy) refers to 24c0x.o(i.AT24CXX_Read) for AT24CXX_Read
    strategy.o(i.Init_Strategy) refers to printfa.o(i.__0printf) for __2printf
    strategy.o(i.Init_Strategy) refers to lcd12864_display_menu_set_strategy_info.o(.bss) for S_Strategy
    strategy.o(i.Init_Strategy) refers to lcd12864_display_menu_set_strategy.o(.bss) for G_Strategy
    strategy.o(i.Start_Strategy_Task) refers to cmsis_os.o(i.osDelay) for osDelay
    strategy.o(i.Start_Strategy_Task) refers to stm32f1xx_hal_rtc.o(i.HAL_RTC_GetTime) for HAL_RTC_GetTime
    strategy.o(i.Start_Strategy_Task) refers to lcd12864.o(i.LCD12864_Put_Str_At_Present_Mode) for LCD12864_Put_Str_At_Present_Mode
    strategy.o(i.Start_Strategy_Task) refers to strategy.o(i.Exe_Strategy_Type_Route) for Exe_Strategy_Type_Route
    strategy.o(i.Start_Strategy_Task) refers to strategy.o(i.Exe_Strategy_Type_Temp) for Exe_Strategy_Type_Temp
    strategy.o(i.Start_Strategy_Task) refers to lcd12864_display_menu_set_strategy.o(.bss) for G_Strategy
    strategy.o(i.Start_Strategy_Task) refers to relay.o(.data) for G_New_Mode
    strategy.o(i.Start_Strategy_Task) refers to main.o(.bss) for hrtc
    strategy.o(i.Start_Strategy_Task) refers to lcd12864.o(.data) for Now_page
    gprs.o(i.GPRS_AT) refers to uart.o(i.Send_To_Uart2_Str) for Send_To_Uart2_Str
[...]
    HAL_RCCEx_PeriphCLKConfig                0x0800219d   Thumb Code   224  stm32f1xx_hal_rcc_ex.o(i.HAL_RCCEx_PeriphCLKConfig)
    HAL_RCC_ClockConfig                      0x08002289   Thumb Code   322  stm32f1xx_hal_rcc.o(i.HAL_RCC_ClockConfig)
    HAL_RCC_GetHCLKFreq                      0x080023dd   Thumb Code     6  stm32f1xx_hal_rcc.o(i.HAL_RCC_GetHCLKFreq)
    HAL_RCC_GetPCLK1Freq                     0x080023e9   Thumb Code    20  stm32f1xx_hal_rcc.o(i.HAL_RCC_GetPCLK1Freq)
    HAL_RCC_GetPCLK2Freq                     0x08002409   Thumb Code    20  stm32f1xx_hal_rcc.o(i.HAL_RCC_GetPCLK2Freq)
    HAL_RCC_GetSysClockFreq                  0x08002429   Thumb Code    74  stm32f1xx_hal_rcc.o(i.HAL_RCC_GetSysClockFreq)
    HAL_RCC_OscConfig                        0x08002495   Thumb Code   750  stm32f1xx_hal_rcc.o(i.HAL_RCC_OscConfig)
    HAL_RTC_GetTime                          0x08002799   Thumb Code   216  stm32f1xx_hal_rtc.o(i.HAL_RTC_GetTime)
    HAL_RTC_Init                             0x08002871   Thumb Code   154  stm32f1xx_hal_rtc.o(i.HAL_RTC_Init)
    HAL_RTC_MspInit                          0x08002911   Thumb Code    40  stm32f1xx_hal_msp.o(i.HAL_RTC_MspInit)
    HAL_RTC_SetDate                          0x08002945   Thumb Code   192  stm32f1xx_hal_rtc.o(i.HAL_RTC_SetDate)
    HAL_RTC_SetTime                          0x08002a09   Thumb Code   168  stm32f1xx_hal_rtc.o(i.HAL_RTC_SetTime)
    HAL_RTC_WaitForSynchro                   0x08002ab5   Thumb Code    58  stm32f1xx_hal_rtc.o(i.HAL_RTC_WaitForSynchro)
    HAL_SPI_ErrorCallback                    0x08002aef   Thumb Code     2  stm32f1xx_hal_spi.o(i.HAL_SPI_ErrorCallback)
    HAL_SPI_IRQHandler                       0x08002af1   Thumb Code   190  stm32f1xx_hal_spi.o(i.HAL_SPI_IRQHandler)
    HAL_SPI_Init                             0x08002bb5   Thumb Code   130  stm32f1xx_hal_spi_ex.o(i.HAL_SPI_Init)
    HAL_SPI_MspInit                          0x08002c39   Thumb Code    90  stm32f1xx_hal_msp.o(i.HAL_SPI_MspInit)
    HAL_SYSTICK_CLKSourceConfig              0x08002ca1   Thumb Code    24  stm32f1xx_hal_cortex.o(i.HAL_SYSTICK_CLKSourceConfig)
    HAL_SYSTICK_Config                       0x08002cb9   Thumb Code    40  stm32f1xx_hal_cortex.o(i.HAL_SYSTICK_Config)
    HAL_UART_ErrorCallback                   0x08002ce1   Thumb Code     2  stm32f1xx_hal_uart.o(i.HAL_UART_ErrorCallback)
    HAL_UART_IRQHandler                      0x08002ce5   Thumb Code   266  stm32f1xx_hal_uart.o(i.HAL_UART_IRQHandler)
    HAL_UART_Init                            0x08002df5   Thumb Code    98  stm32f1xx_hal_uart.o(i.HAL_UART_Init)
    HAL_UART_MspInit                         0x08002e59   Thumb Code   240  stm32f1xx_hal_msp.o(i.HAL_UART_MspInit)
    HAL_UART_Receive_IT                      0x08002f81   Thumb Code    82  stm32f1xx_hal_uart.o(i.HAL_UART_Receive_IT)
    HAL_UART_RxCpltCallback                  0x08002fd5   Thumb Code    68  uart.o(i.HAL_UART_RxCpltCallback)
    HAL_UART_Transmit                        0x0800302d   Thumb Code   186  stm32f1xx_hal_uart.o(i.HAL_UART_Transmit)
    HAL_UART_TxCpltCallback                  0x080030e7   Thumb Code     2  stm32f1xx_hal_uart.o(i.HAL_UART_TxCpltCallback)
    HardFault_Handler                        0x080030e9   Thumb Code     8  stm32f1xx_it.o(i.HardFault_Handler)
    IIC_Ack                                  0x080030fd   Thumb Code   128  iic.o(i.IIC_Ack)
    IIC_Init                                 0x08003185   Thumb Code   178  iic.o(i.IIC_Init)
    IIC_NAck                                 0x08003249   Thumb Code   128  iic.o(i.IIC_NAck)
    IIC_Read_Byte                            0x080032d1   Thumb Code   230  iic.o(i.IIC_Read_Byte)
    IIC_Send_Byte                            0x080033c1   Thumb Code   194  iic.o(i.IIC_Send_Byte)
    IIC_Start                                0x0800348d   Thumb Code   122  iic.o(i.IIC_Start)
    IIC_Stop                                 0x08003511   Thumb Code   122  iic.o(i.IIC_Stop)
    IIC_Wait_Ack                             0x08003595   Thumb Code   168  iic.o(i.IIC_Wait_Ack)
    Init_Delay_Inspection                    0x08003645   Thumb Code    40  24c0x.o(i.Init_Delay_Inspection)
    Init_Humi_Comp                           0x08003671   Thumb Code    68  humi.o(i.Init_Humi_Comp)
    Init_Max_Route                           0x080036bd   Thumb Code    76  relay.o(i.Init_Max_Route)
    Init_Now_Route                           0x08003711   Thumb Code    38  relay.o(i.Init_Now_Route)
    Init_Strategy                            0x0800373d   Thumb Code   116  strategy.o(i.Init_Strategy)
    Init_Stroking_Cycle                      0x080037dd   Thumb Code    22  relay.o(i.Init_Stroking_Cycle)
    LCD12864_Delay_Inspection_Key_Null_Opt   0x080037f9   Thumb Code     4  lcd12864_display_menu_delay_inspection.o(i.LCD12864_Delay_Inspection_Key_Null_Opt)
    LCD12864_Display                         0x080037fd   Thumb Code    62  lcd12864.o(i.LCD12864_Display)
    LCD12864_Display_Clear_Success           0x0800383d   Thumb Code    60  lcd12864.o(i.LCD12864_Display_Clear_Success)
    LCD12864_Display_Delay_Inspection_Interior 0x0800387d   Thumb Code   114  lcd12864_display_menu_delay_inspection.o(i.LCD12864_Display_Delay_Inspection_Interior)
    LCD12864_Display_Delay_Inspection_Page   0x080038f1   Thumb Code   280  lcd12864_display_menu_delay_inspection.o(i.LCD12864_Display_Delay_Inspection_Page)
    LCD12864_Display_Delay_Inspection_Refresh 0x08003a41   Thumb Code   142  lcd12864_display_menu_delay_inspection.o(i.LCD12864_Display_Delay_Inspection_Refresh)
    LCD12864_Display_Delay_inspection        0x08003ad9   Thumb Code    90  lcd12864_display_menu.o(i.LCD12864_Display_Delay_inspection)
    LCD12864_Display_HUMI_Compensation       0x08003b33   Thumb Code    90  lcd12864_display_menu.o(i.LCD12864_Display_HUMI_Compensation)
    LCD12864_Display_HUMI_Compensation_Interior 0x08003b8d   Thumb Code   114  lcd12864_display_menu_humi_compensation.o(i.LCD12864_Display_HUMI_Compensation_Interior)
    LCD12864_Display_HUMI_Compensation_Page  0x08003c01   Thumb Code   270  lcd12864_display_menu_humi_compensation.o(i.LCD12864_Display_HUMI_Compensation_Page)
    LCD12864_Display_HUMI_Compensation_Refresh 0x08003d51   Thumb Code   254  lcd12864_display_menu_humi_compensation.o(i.LCD12864_Display_HUMI_Compensation_Refresh)
    LCD12864_Display_Max_Route               0x08003e61   Thumb Code    90  lcd12864_display_menu.o(i.LCD12864_Display_Max_Route)
    LCD12864_Display_Max_Route_Add           0x08003ebb   Thumb Code   110  lcd12864_display_menu_max_route.o(i.LCD12864_Display_Max_Route_Add)
    LCD12864_Display_Max_Route_Interior      0x08003f29   Thumb Code   114  lcd12864_display_menu_max_route.o(i.LCD12864_Display_Max_Route_Interior)
    LCD12864_Display_Max_Route_Page          0x08003f9d   Thumb Code   216  lcd12864_display_menu_max_route.o(i.LCD12864_Display_Max_Route_Page)
    LCD12864_Display_Max_Route_Refresh       0x080040a9   Thumb Code   174  lcd12864_display_menu_max_route.o(i.LCD12864_Display_Max_Route_Refresh)
    LCD12864_Display_Max_Route_Sub           0x08004161   Thumb Code   102  lcd12864_display_menu_max_route.o(i.LCD12864_Display_Max_Route_Sub)
    LCD12864_Display_Menu                    0x080041c9   Thumb Code   150  lcd12864_display_menu.o(i.LCD12864_Display_Menu)
    LCD12864_Display_Menu_Option_Refresh     0x08004279   Thumb Code   302  lcd12864_display_menu.o(i.LCD12864_Display_Menu_Option_Refresh)
    LCD12864_Display_Now_Route               0x080043a7   Thumb Code   106  lcd12864_display_menu_route_reset.o(i.LCD12864_Display_Now_Route)
    LCD12864_Display_Now_Route_Refresh       0x08004411   Thumb Code    84  lcd12864_display_menu_route_reset.o(i.LCD12864_Display_Now_Route_Refresh)
    LCD12864_Display_Route_Reset             0x08004471   Thumb Code    90  lcd12864_display_menu.o(i.LCD12864_Display_Route_Reset)
    LCD12864_Display_Route_Reset_Page        0x080044cd   Thumb Code   114  lcd12864_display_menu_route_reset.o(i.LCD12864_Display_Route_Reset_Page)
    LCD12864_Display_Set_Strategy            0x08004571   Thumb Code    88  lcd12864_display_menu.o(i.LCD12864_Display_Set_Strategy)
    LCD12864_Display_Set_Strategy_Refresh    0x080045c9   Thumb Code   328  lcd12864_display_menu_set_strategy.o(i.LCD12864_Display_Set_Strategy_Refresh)
    LCD12864_Display_Set_Time                0x08004711   Thumb Code    90  lcd12864_display_menu.o(i.LCD12864_Display_Set_Time)
    LCD12864_Display_Set_Time_Interior       0x0800476b   Thumb Code   102  lcd12864_display_menu_set_time.o(i.LCD12864_Display_Set_Time_Interior)
    LCD12864_Display_Set_Time_Page           0x080047d1   Thumb Code   302  lcd12864_display_menu_set_time.o(i.LCD12864_Display_Set_Time_Page)
    LCD12864_Display_Set_Time_Refresh        0x08004915   Thumb Code   438  lcd12864_display_menu_set_time.o(i.LCD12864_Display_Set_Time_Refresh)
    LCD12864_Display_Stroking_Cycle          0x08004ad5   Thumb Code    90  lcd12864_display_menu.o(i.LCD12864_Display_Stroking_Cycle)
    LCD12864_Display_Stroking_Cycle_Interior 0x08004b2f   Thumb Code    78  lcd12864_display_menu_stroking_cycle.o(i.LCD12864_Display_Stroking_Cycle_Interior)
    LCD12864_Display_Stroking_Cycle_Page     0x08004b7d   Thumb Code   228  lcd12864_display_menu_stroking_cycle.o(i.LCD12864_Display_Stroking_Cycle_Page)
    LCD12864_Display_Stroking_Cycle_Refresh  0x08004c95   Thumb Code   130  lcd12864_display_menu_stroking_cycle.o(i.LCD12864_Display_Stroking_Cycle_Refresh)
    LCD12864_Display_Success                 0x08004d21   Thumb Code    60  lcd12864.o(i.LCD12864_Display_Success)
    LCD12864_Display_Version_Information     0x08004d61   Thumb Code    90  lcd12864_display_menu.o(i.LCD12864_Display_Version_Information)
    LCD12864_HUMI_Compensation_Key_Null_Opt  0x08004dbb   Thumb Code     4  lcd12864_display_menu_humi_compensation.o(i.LCD12864_HUMI_Compensation_Key_Null_Opt)
    LCD12864_Init                            0x08004dc1   Thumb Code   144  lcd12864.o(i.LCD12864_Init)
    LCD12864_Key_Null_Opt                    0x08004e55   Thumb Code    64  lcd12864_display_menu.o(i.LCD12864_Key_Null_Opt)
    LCD12864_Max_Route_Key_Null_Opt          0x08004e95   Thumb Code     4  lcd12864_display_menu_max_route.o(i.LCD12864_Max_Route_Key_Null_Opt)
    LCD12864_Put_16_16_Char                  0x08004e99   Thumb Code   118  lcd12864.o(i.LCD12864_Put_16_16_Char)
    LCD12864_Put_8_16_Char                   0x08004f15   Thumb Code   106  lcd12864.o(i.LCD12864_Put_8_16_Char)
    LCD12864_Put_HUMI                        0x08004f85   Thumb Code   154  lcd12864.o(i.LCD12864_Put_HUMI)
    LCD12864_Put_Motor_Situation             0x08005025   Thumb Code    82  lcd12864.o(i.LCD12864_Put_Motor_Situation)
    LCD12864_Put_Open_Mouth_And_Time         0x0800507d   Thumb Code     2  lcd12864.o(i.LCD12864_Put_Open_Mouth_And_Time)
    LCD12864_Put_RH                          0x08005081   Thumb Code    46  lcd12864.o(i.LCD12864_Put_RH)
    LCD12864_Put_Signel_Sim                  0x080050b9   Thumb Code    76  lcd12864.o(i.LCD12864_Put_Signel_Sim)
    LCD12864_Put_Str_At_Present_Mode         0x08005109   Thumb Code    78  lcd12864.o(i.LCD12864_Put_Str_At_Present_Mode)
    LCD12864_Put_Str_Welcome                 0x08005159   Thumb Code    90  lcd12864.o(i.LCD12864_Put_Str_Welcome)
    LCD12864_Put_Symbol_C                    0x080051b9   Thumb Code    84  lcd12864.o(i.LCD12864_Put_Symbol_C)
    LCD12864_Put_Symbol_RH                   0x08005211   Thumb Code    30  lcd12864.o(i.LCD12864_Put_Symbol_RH)
    LCD12864_Refresh_Route                   0x08005231   Thumb Code    84  lcd12864.o(i.LCD12864_Refresh_Route)
    LCD12864_Refresh_Time                    0x08005291   Thumb Code   126  lcd12864.o(i.LCD12864_Refresh_Time)
    LCD12864_Set_Strategy_Info_Down_Key_Opt  0x0800531d   Thumb Code   376  lcd12864_display_menu_set_strategy_info.o(i.LCD12864_Set_Strategy_Info_Down_Key_Opt)
    LCD12864_Set_Strategy_Info_Line1         0x08005499   Thumb Code   188  lcd12864_display_menu_set_strategy_info.o(i.LCD12864_Set_Strategy_Info_Line1)
    LCD12864_Set_Strategy_Info_Line2         0x08005559   Thumb Code   144  lcd12864_display_menu_set_strategy_info.o(i.LCD12864_Set_Strategy_Info_Line2)
    LCD12864_Set_Strategy_Info_Line3         0x080055ed   Thumb Code   194  lcd12864_display_menu_set_strategy_info.o(i.LCD12864_Set_Strategy_Info_Line3)
    LCD12864_Set_Strategy_Info_Line4         0x080056bd   Thumb Code   424  lcd12864_display_menu_set_strategy_info.o(i.LCD12864_Set_Strategy_Info_Line4)
    LCD12864_Set_Strategy_Info_Page          0x08005879   Thumb Code   252  lcd12864_display_menu_set_strategy_info.o(i.LCD12864_Set_Strategy_Info_Page)
    LCD12864_Set_Strategy_Info_Refresh       0x0800598d   Thumb Code    38  lcd12864_display_menu_set_strategy_info.o(i.LCD12864_Set_Strategy_Info_Refresh)
    LCD12864_Set_Strategy_Info_Up_Key_Opt    0x080059b5   Thumb Code   398  lcd12864_display_menu_set_strategy_info.o(i.LCD12864_Set_Strategy_Info_Up_Key_Opt)
    LCD12864_Set_Strategy_Line               0x08005b51   Thumb Code   254  lcd12864_display_menu_set_strategy.o(i.LCD12864_Set_Strategy_Line)
    LCD12864_Set_Strategy_Line1              0x08005c5d   Thumb Code    12  lcd12864_display_menu_set_strategy.o(i.LCD12864_Set_Strategy_Line1)
    LCD12864_Set_Strategy_Line2              0x08005c69   Thumb Code    12  lcd12864_display_menu_set_strategy.o(i.LCD12864_Set_Strategy_Line2)
    LCD12864_Set_Strategy_Line3              0x08005c75   Thumb Code    12  lcd12864_display_menu_set_strategy.o(i.LCD12864_Set_Strategy_Line3)
    LCD12864_Set_Strategy_Line4              0x08005c81   Thumb Code    12  lcd12864_display_menu_set_strategy.o(i.LCD12864_Set_Strategy_Line4)
    LCD12864_Set_Strategy_Line5              0x08005c8d   Thumb Code    12  lcd12864_display_menu_set_strategy.o(i.LCD12864_Set_Strategy_Line5)
    LCD12864_Set_Strategy_Line6              0x08005c99   Thumb Code    12  lcd12864_display_menu_set_strategy.o(i.LCD12864_Set_Strategy_Line6)
    LCD12864_Set_Strategy_Line7              0x08005ca5   Thumb Code    12  lcd12864_display_menu_set_strategy.o(i.LCD12864_Set_Strategy_Line7)
    LCD12864_Set_Strategy_Line8              0x08005cb1   Thumb Code    12  lcd12864_display_menu_set_strategy.o(i.LCD12864_Set_Strategy_Line8)
    LCD12864_Set_Strategy_Menu               0x08005cbd   Thumb Code   242  lcd12864_display_menu_set_strategy.o(i.LCD12864_Set_Strategy_Menu)
    LCD12864_Set_Time_Key_Null_Opt           0x08005dcd   Thumb Code     4  lcd12864_display_menu_set_time.o(i.LCD12864_Set_Time_Key_Null_Opt)
    LCD12864_Stroking_Cycle_Key_Null_Opt     0x08005dd1   Thumb Code     4  lcd12864_display_menu_stroking_cycle.o(i.LCD12864_Stroking_Cycle_Key_Null_Opt)
    MX_FATFS_Init                            0x08005dd5   Thumb Code    18  fatfs.o(i.MX_FATFS_Init)
    MemManage_Handler                        0x08006075   Thumb Code     2  stm32f1xx_it.o(i.MemManage_Handler)
    Motor_Forward                            0x08006079   Thumb Code    86  relay.o(i.Motor_Forward)
    Motor_Reverses                           0x080060d9   Thumb Code    92  relay.o(i.Motor_Reverses)
    Motor_Stop                               0x0800613d   Thumb Code   136  relay.o(i.Motor_Stop)
    NMI_Handler                              0x080061d5   Thumb Code     2  stm32f1xx_it.o(i.NMI_Handler)
    ReadNByte                                0x0800640d   Thumb Code   106  am2320.o(i.ReadNByte)
    Relay_key_Opt                            0x0800648d   Thumb Code    62  relay.o(i.Relay_key_Opt)
    SDA_IN                                   0x080064d1   Thumb Code    46  iic.o(i.SDA_IN)
    SDA_OUT                                  0x08006509   Thumb Code    48  iic.o(i.SDA_OUT)
    SPI1_IRQHandler                          0x08006541   Thumb Code     6  stm32f1xx_it.o(i.SPI1_IRQHandler)
    Save_G_Now_Route                         0x0800655d   Thumb Code    34  monitor_in1.o(i.Save_G_Now_Route)
    Scan_Button_Task                         0x08006581   Thumb Code   484  button.o(i.Scan_Button_Task)
    Send_Notify                              0x08006795   Thumb Code   126  lcd12864.o(i.Send_Notify)
    StartDefaultTask                         0x0800683d   Thumb Code   228  main.o(i.StartDefaultTask)
    Start_Button_Task                        0x08006941   Thumb Code    54  button.o(i.Start_Button_Task)
    Start_Check_Stroking_Cycle_Task          0x08006981   Thumb Code   114  check_stroking_cycle.o(i.Start_Check_Stroking_Cycle_Task)
    Start_Delete_Task                        0x08006a35   Thumb Code    24  main.o(i.Start_Delete_Task)
    Start_HUMI_Task                          0x08006a51   Thumb Code    56  humi.o(i.Start_HUMI_Task)
    Start_LCD12864_Delay_Inspection_Task     0x08006a8d   Thumb Code    46  lcd12864_display_menu_delay_inspection.o(i.Start_LCD12864_Delay_Inspection_Task)
    Start_LCD12864_Display_HUMI_Task         0x08006abd   Thumb Code    90  lcd12864.o(i.Start_LCD12864_Display_HUMI_Task)
    Start_LCD12864_Display_Menu_Task         0x08006b2d   Thumb Code    52  lcd12864_display_menu.o(i.Start_LCD12864_Display_Menu_Task)
    Start_LCD12864_HUMI_Compensation_Task    0x08006b65   Thumb Code    46  lcd12864_display_menu_humi_compensation.o(i.Start_LCD12864_HUMI_Compensation_Task)
    Start_LCD12864_Max_Route_Task            0x08006b93   Thumb Code    46  lcd12864_display_menu_max_route.o(i.Start_LCD12864_Max_Route_Task)
    Start_LCD12864_Route_Reset_Task          0x08006bc1   Thumb Code    46  lcd12864_display_menu_route_reset.o(i.Start_LCD12864_Route_Reset_Task)
    Start_LCD12864_Set_Strategy_Info_Task    0x08006bef   Thumb Code    52  lcd12864_display_menu_set_strategy_info.o(i.Start_LCD12864_Set_Strategy_Info_Task)
    Start_LCD12864_Set_Strategy_Task         0x08006c23   Thumb Code    46  lcd12864_display_menu_set_strategy.o(i.Start_LCD12864_Set_Strategy_Task)
    Start_LCD12864_Set_Time_Task             0x08006c51   Thumb Code    46  lcd12864_display_menu_set_time.o(i.Start_LCD12864_Set_Time_Task)
    Start_LCD12864_Stroking_Cycle_Task       0x08006c7f   Thumb Code    46  lcd12864_display_menu_stroking_cycle.o(i.Start_LCD12864_Stroking_Cycle_Task)
    Start_LCD12864_Task                      0x08006cad   Thumb Code   240  lcd12864.o(i.Start_LCD12864_Task)
    Start_LED_Task                           0x08006dad   Thumb Code    26  led.o(i.Start_LED_Task)
    Start_Monitor_IN1_Task                   0x08006dd1   Thumb Code   274  monitor_in1.o(i.Start_Monitor_IN1_Task)
    Start_RUN_LED_Task                       0x08006f01   Thumb Code   158  led.o(i.Start_RUN_LED_Task)
    Start_Relay_Task                         0x08006fb9   Thumb Code    80  relay.o(i.Start_Relay_Task)
    Start_Strategy_Task                      0x08007011   Thumb Code   200  strategy.o(i.Start_Strategy_Task)
    SysTick_Handler                          0x080070e9   Thumb Code    14  stm32f1xx_it.o(i.SysTick_Handler)
    SystemClock_Config                       0x080070f9   Thumb Code   146  main.o(i.SystemClock_Config)
    SystemInit                               0x08007191   Thumb Code    56  system_stm32f1xx.o(i.SystemInit)
    Test_Ack                                 0x080071d9   Thumb Code    80  am2320.o(i.Test_Ack)
    USART1_IRQHandler                        0x08007529   Thumb Code     6  stm32f1xx_it.o(i.USART1_IRQHandler)
    USART2_IRQHandler                        0x08007535   Thumb Code     6  stm32f1xx_it.o(i.USART2_IRQHandler)
    USER_initialize                          0x08007541   Thumb Code    10  user_diskio.o(i.USER_initialize)
    USER_ioctl                               0x08007551   Thumb Code     4  user_diskio.o(i.USER_ioctl)
    USER_read                                0x08007555   Thumb Code     4  user_diskio.o(i.USER_read)
    USER_status                              0x08007559   Thumb Code    10  user_diskio.o(i.USER_status)
    USER_write                               0x08007569   Thumb Code     4  user_diskio.o(i.USER_write)
    UsageFault_Handler                       0x0800756d   Thumb Code     2  stm32f1xx_it.o(i.UsageFault_Handler)
    Waken                                    0x0800756f   Thumb Code    36  am2320.o(i.Waken)
    WriteCommand                             0x08007595   Thumb Code   128  lcd12864.o(i.WriteCommand)
    WriteNByte                               0x08007621   Thumb Code    92  am2320.o(i.WriteNByte)
    Write_Data                               0x080076a1   Thumb Code   128  lcd12864.o(i.Write_Data)
    _Error_Handler                           0x0800772d   Thumb Code     8  main.o(i._Error_Handler)
    __0printf                                0x08007745   Thumb Code    22  printfa.o(i.__0printf)
    __1printf                                0x08007745   Thumb Code     0  printfa.o(i.__0printf)
    __2printf                                0x08007745   Thumb Code     0  printfa.o(i.__0printf)
    __c89printf                              0x08007745   Thumb Code     0  printfa.o(i.__0printf)
    printf                                   0x08007745   Thumb Code     0  printfa.o(i.__0printf)
    __0sprintf                               0x08007765   Thumb Code    34  printfa.o(i.__0sprintf)
    __1sprintf                               0x08007765   Thumb Code     0  printfa.o(i.__0sprintf)
    __2sprintf                               0x08007765   Thumb Code     0  printfa.o(i.__0sprintf)
    __c89sprintf                             0x08007765   Thumb Code     0  printfa.o(i.__0sprintf)
    sprintf                                  0x08007765   Thumb Code     0  printfa.o(i.__0sprintf)
    __scatterload_copy                       0x0800778d   Thumb Code    14  handlers.o(i.__scatterload_copy)
    __scatterload_null                       0x0800779b   Thumb Code     2  handlers.o(i.__scatterload_null)
    __scatterload_zeroinit                   0x0800779d   Thumb Code    14  handlers.o(i.__scatterload_zeroinit)
    delay_us                                 0x08008069   Thumb Code    62  delay.o(i.delay_us)
    eTaskGetState                            0x080080ad   Thumb Code    94  tasks.o(i.eTaskGetState)
    fputc                                    0x08008115   Thumb Code    30  main.o(i.fputc)
    main                                     0x08008139   Thumb Code   124  main.o(i.main)
    osDelay                                  0x080081cd   Thumb Code    14  cmsis_os.o(i.osDelay)
    osKernelStart                            0x080081db   Thumb Code    10  cmsis_os.o(i.osKernelStart)
    osSystickHandler                         0x080081e5   Thumb Code    20  cmsis_os.o(i.osSystickHandler)
    osThreadCreate                           0x080081f9   Thumb Code    46  cmsis_os.o(i.osThreadCreate)
    osThreadTerminate                        0x08008227   Thumb Code    10  cmsis_os.o(i.osThreadTerminate)
    pvPortMalloc                             0x08008671   Thumb Code   210  heap_4.o(i.pvPortMalloc)
    pvTaskIncrementMutexHeldCount            0x08008749   Thumb Code    18  tasks.o(i.pvTaskIncrementMutexHeldCount)
    pxPortInitialiseStack                    0x08008761   Thumb Code    32  port.o(i.pxPortInitialiseStack)
    uxListRemove                             0x08008785   Thumb Code    36  list.o(i.uxListRemove)
    vListInitialise                          0x080087a9   Thumb Code    22  list.o(i.vListInitialise)
    vListInitialiseItem                      0x080087bf   Thumb Code     6  list.o(i.vListInitialiseItem)
    vListInsert                              0x080087c5   Thumb Code    48  list.o(i.vListInsert)
    vListInsertEnd                           0x080087f5   Thumb Code    24  list.o(i.vListInsertEnd)
    vPortEnterCritical                       0x0800880d   Thumb Code    54  port.o(i.vPortEnterCritical)
    vPortExitCritical                        0x0800884d   Thumb Code    34  port.o(i.vPortExitCritical)
    vPortFree                                0x08008875   Thumb Code    88  heap_4.o(i.vPortFree)
    vPortSetupTimerInterrupt                 0x080088d1   Thumb Code    26  port.o(i.vPortSetupTimerInterrupt)
    vPortValidateInterruptPriority           0x080088f1   Thumb Code    74  port.o(i.vPortValidateInterruptPriority)
    vTaskDelay                               0x08008945   Thumb Code    66  tasks.o(i.vTaskDelay)
    vTaskDelete                              0x08008991   Thumb Code   158  tasks.o(i.vTaskDelete)
    vTaskGetInfo                             0x08008a3d   Thumb Code   116  tasks.o(i.vTaskGetInfo)
    vTaskMissedYield                         0x08008ab5   Thumb Code     8  tasks.o(i.vTaskMissedYield)
    vTaskPlaceOnEventList                    0x08008ac1   Thumb Code    44  tasks.o(i.vTaskPlaceOnEventList)
    vTaskPriorityInherit                     0x08008af1   Thumb Code   124  tasks.o(i.vTaskPriorityInherit)
    vTaskResume                              0x08008b75   Thumb Code   112  tasks.o(i.vTaskResume)
    vTaskSetTimeOutState                     0x08008bf1   Thumb Code    30  tasks.o(i.vTaskSetTimeOutState)
    vTaskStartScheduler                      0x08008c15   Thumb Code    86  tasks.o(i.vTaskStartScheduler)
    vTaskSuspend                             0x08008c7d   Thumb Code   162  tasks.o(i.vTaskSuspend)
    vTaskSuspendAll                          0x08008d2d   Thumb Code    10  tasks.o(i.vTaskSuspendAll)
    vTaskSwitchContext                       0x08008d3d   Thumb Code    82  tasks.o(i.vTaskSwitchContext)
    xPortGetFreeHeapSize                     0x08008d99   Thumb Code     6  heap_4.o(i.xPortGetFreeHeapSize)
    xPortStartScheduler                      0x08008da5   Thumb Code   102  port.o(i.xPortStartScheduler)
    xPortSysTickHandler                      0x08008e19   Thumb Code    38  port.o(i.xPortSysTickHandler)
    xQueueGenericCreate                      0x08008e45   Thumb Code    82  queue.o(i.xQueueGenericCreate)
    xQueueGenericReceive                     0x08008e99   Thumb Code   360  queue.o(i.xQueueGenericReceive)
    xQueueGenericReset                       0x08009005   Thumb Code   132  queue.o(i.xQueueGenericReset)
    xQueueGiveFromISR                        0x0800908d   Thumb Code   156  queue.o(i.xQueueGiveFromISR)
    xTaskCheckForTimeOut                     0x08009129   Thumb Code   102  tasks.o(i.xTaskCheckForTimeOut)
    xTaskCreate                              0x08009195   Thumb Code    86  tasks.o(i.xTaskCreate)
    xTaskGenericNotify                       0x080091ed   Thumb Code   190  tasks.o(i.xTaskGenericNotify)
    xTaskGetSchedulerState                   0x080092b9   Thumb Code    22  tasks.o(i.xTaskGetSchedulerState)
    xTaskIncrementTick                       0x080092d5   Thumb Code   192  tasks.o(i.xTaskIncrementTick)
    xTaskNotifyWait                          0x0800939d   Thumb Code   130  tasks.o(i.xTaskNotifyWait)
    xTaskRemoveFromEventList                 0x08009429   Thumb Code   108  tasks.o(i.xTaskRemoveFromEventList)
    xTaskResumeAll                           0x0800949d   Thumb Code   182  tasks.o(i.xTaskResumeAll)
    AHBPrescTable                            0x08009600   Data          16  system_stm32f1xx.o(.constdata)
    APBPrescTable                            0x08009610   Data           8  system_stm32f1xx.o(.constdata)
    Region$$Table$$Base                      0x08009934   Number         0  anon$$obj.o(Region$$Table)
    Region$$Table$$Limit                     0x08009954   Number         0  anon$$obj.o(Region$$Table)
    defaultTaskHandle                        0x20000000   Data           4  main.o(.data)
    Start_LED_TaskHandle                     0x20000004   Data           4  main.o(.data)
    Start_HUMI_TaskHandle                    0x20000008   Data           4  main.o(.data)
    Start_Delete_TaskHandle                  0x2000000c   Data           4  main.o(.data)
    Start_Strategy_TaskHandle                0x20000010   Data           4  main.o(.data)
    Start_LCD12864_TaskHandle                0x20000014   Data           4  main.o(.data)
    Start_BUTTON_TaskHandle                  0x20000018   Data           4  main.o(.data)
    xSemaphore                               0x2000001c   Data           4  main.o(.data)
    G_Delete_Task_struct                     0x20000020   Data           8  main.o(.data)
    USER_Driver                              0x2000002c   Data          20  user_diskio.o(.data)
    retUSER                                  0x20000040   Data           1  fatfs.o(.data)
    USERPath                                 0x20000041   Data           4  fatfs.o(.data)
    uwTickFreq                               0x20000048   Data           1  stm32f1xx_hal.o(.data)
    uwTickPrio                               0x2000004c   Data           4  stm32f1xx_hal.o(.data)
    uwTick                                   0x20000050   Data           4  stm32f1xx_hal.o(.data)
    Uart1_Rx_Cnt                             0x20000054   Data           1  uart.o(.data)
    aRxBuffer                                0x20000055   Data           1  uart.o(.data)
    SystemCoreClock                          0x20000058   Data           4  system_stm32f1xx.o(.data)
    pxCurrentTCB                             0x20000080   Data           4  tasks.o(.data)
    ScanButtonTaskHandle                     0x200000bc   Data           4  button.o(.data)
    ButtonExeTaskHandle                      0x200000c0   Data           4  button.o(.data)
    Now_page                                 0x200000c4   Data           1  lcd12864.o(.data)
    Start_LCD12864_HUMI_TaskHandle           0x200000c8   Data           4  lcd12864.o(.data)
    Start_LCD12864_Menu_TaskHandle           0x200000cc   Data           4  lcd12864.o(.data)
    Welcome_type                             0x200000d0   Data         560  typeface.o(.data)
    Signal_Strength                          0x20000300   Data          64  typeface.o(.data)
    Chinese_Menu_Type                        0x20000340   Data        1696  typeface.o(.data)
    Symbol_number                            0x200009e0   Data         768  typeface.o(.data)
    Symbol                                   0x20000ce0   Data          96  typeface.o(.data)
    ASCIIchardot                             0x20000d40   Data        1456  typeface.o(.data)
    G_Beyond_Route_Mask                      0x200012f4   Data           1  monitor_in1.o(.data)
    G_New_Mode                               0x200012f8   Data           1  relay.o(.data)
    G_Stroking_Cycle                         0x200012f9   Data           1  relay.o(.data)
    G_Max_Route                              0x200012fa   Data           2  relay.o(.data)
    G_Now_Route                              0x200012fc   Data           2  relay.o(.data)
    G_Old_Route                              0x200012fe   Data           2  relay.o(.data)
    Start_Check_Stroking_Cycle_TaskHandle    0x20001300   Data           4  relay.o(.data)
    Start_Monitor_IN1_TaskHandle             0x20001304   Data           4  relay.o(.data)
    Start_Relay_TaskHandle                   0x20001308   Data           4  relay.o(.data)
    Start_LCD12864_Set_Strategy_TaskHandle   0x20001310   Data           4  lcd12864_display_menu_set_strategy.o(.data)
    G_Delay_Inspection                       0x20001314   Data           2  24c0x.o(.data)
    Start_LCD12864_HUMI_Compensation_TaskHandle 0x20001320   Data           4  lcd12864_display_menu_humi_compensation.o(.data)
    Start_LCD12864_Max_Route_TaskHandle      0x20001328   Data           4  lcd12864_display_menu_max_route.o(.data)
    Start_LCD12864_Route_Reset_TaskHandle    0x2000132c   Data           4  lcd12864_display_menu_route_reset.o(.data)
    Start_LCD12864_Set_Strategy_Info_TaskHandle 0x20001334   Data           4  lcd12864_display_menu_set_strategy_info.o(.data)
    Start_LCD12864_Set_Time_TaskHandle       0x20001340   Data           4  lcd12864_display_menu_set_time.o(.data)
    Start_LCD12864_Stroking_Cycle_TaskHandle 0x20001348   Data           4  lcd12864_display_menu_stroking_cycle.o(.data)
    Start_LCD12864_Delay_Inspection_TaskHandle 0x20001350   Data           4  lcd12864_display_menu_delay_inspection.o(.data)
    comp                                     0x20001354   Data           4  humi.o(.data)
    temp                                     0x20001358   Data           4  humi.o(.data)
    g_rh                                     0x2000135c   Data           4  humi.o(.data)
    G_Echo                                   0x20001360   Data           1  led.o(.data)
    Start_RUN_LED_TaskHandle                 0x20001364   Data           4  led.o(.data)
    G_Sim800C_Signal                         0x20001368   Data           1  sim800c.o(.data)
    Start_Send_State_data_TaskHandle         0x2000136c   Data           4  sim800c.o(.data)
    Sim800c_Semaphore                        0x20001370   Data           4  sim800c.o(.data)
    Start_Recv_Onenet_data_TaskHandle        0x20001374   Data           4  sim800c.o(.data)
    Start_Scheduler_data_Task_TaskHandle     0x20001378   Data           4  sim800c.o(.data)
    Start_Reset_Sim800c_Task_TaskHandle      0x2000137c   Data           4  sim800c.o(.data)
    WR_Flag                                  0x20001380   Data           1  am2320.o(.data)
    IIC_TX_Buffer                            0x20001381   Data           3  am2320.o(.data)
    __stdout                                 0x20001384   Data           4  stdout.o(.data)
    hrtc                                     0x20001388   Data          20  main.o(.bss)
    hspi1                                    0x2000139c   Data          88  main.o(.bss)
    huart1                                   0x200013f4   Data          64  main.o(.bss)
    huart2                                   0x20001434   Data          64  main.o(.bss)
    hdma_usart2_tx                           0x20001474   Data          68  main.o(.bss)
    hdma_usart2_rx                           0x200014b8   Data          68  main.o(.bss)
    pData                                    0x200014fc   Data         256  uart.o(.bss)
    Uart1_RxBuff                             0x200015fc   Data          64  uart.o(.bss)
    disk                                     0x2000163c   Data          12  ff_gen_drv.o(.bss)
    G_Strategy                               0x20006738   Data          96  lcd12864_display_menu_set_strategy.o(.bss)
    S_Strategy                               0x20006798   Data          96  lcd12864_display_menu_set_strategy_info.o(.bss)
    IIC_RX_Buffer                            0x200067f8   Data          15  am2320.o(.bss)
    G_Version_Information                    0x20006807   Data          50  board_info.o(.bss)
    __initial_sp                             0x20006c40   Data           0  startup_stm32f103xe.o(STACK)



==============================================================================

Memory Map of the image

  Image Entry point : 0x08000131

  Load Region LR_IROM1 (Base: 0x08000000, Size: 0x0000acdc, Max: 0x00040000, ABSOLUTE, COMPRESSED[0x0000a484])

    Execution Region ER_IROM1 (Exec base: 0x08000000, Load base: 0x08000000, Size: 0x00009954, Max: 0x00040000, ABSOLUTE)

    Exec Addr    Load Addr    Size         Type   Attr      Idx    E Section Name        Object

    0x08000000   0x08000000   0x00000130   Data   RO            3    RESET               startup_stm32f103xe.o
    0x08000130   0x08000130   0x00000000   Code   RO         7441  * .ARM.Collect$$$$00000000  mc_w.l(entry.o)
    0x08000130   0x08000130   0x00000004   Code   RO         7797    .ARM.Collect$$$$00000001  mc_w.l(entry2.o)
    0x08000134   0x08000134   0x00000004   Code   RO         7800    .ARM.Collect$$$$00000004  mc_w.l(entry5.o)
    0x08000138   0x08000138   0x00000000   Code   RO         7802    .ARM.Collect$$$$00000008  mc_w.l(entry7b.o)
    0x08000138   0x08000138   0x00000000   Code   RO         7804    .ARM.Collect$$$$0000000A  mc_w.l(entry8b.o)
    0x08000138   0x08000138   0x00000008   Code   RO         7805    .ARM.Collect$$$$0000000B  mc_w.l(entry9a.o)
    0x08000140   0x08000140   0x00000000   Code   RO         7807    .ARM.Collect$$$$0000000D  mc_w.l(entry10a.o)
    0x08000140   0x08000140   0x00000000   Code   RO         7809    .ARM.Collect$$$$0000000F  mc_w.l(entry11a.o)
    0x08000140   0x08000140   0x00000004   Code   RO         7798    .ARM.Collect$$$$00002712  mc_w.l(entry2.o)
    0x08000144   0x08000144   0x00000096   Code   RO         3527    .emb_text           port.o
    0x080001da   0x080001da   0x00000002   PAD
    0x080001dc   0x080001dc   0x00000024   Code   RO            4    .text               startup_stm32f103xe.o
    0x08000200   0x08000200   0x00000020   Code   RO         7444    .text               mc_w.l(llushr.o)
    0x08000220   0x08000220   0x00000024   Code   RO         7450    .text               mc_w.l(memcpya.o)
    0x08000244   0x08000244   0x00000024   Code   RO         7452    .text               mc_w.l(memseta.o)
    0x08000268   0x08000268   0x00000024   Code   RO         7456    .text               mc_w.l(strstr.o)
    0x0800028c   0x0800028c   0x00000018   Code   RO         7458    .text               mc_w.l(strncpy.o)
    0x080002a4   0x080002a4   0x0000000e   Code   RO         7460    .text               mc_w.l(strlen.o)
    0x080002b2   0x080002b2   0x000000b0   Code   RO         7769    .text               mf_w.l(fadd.o)
    0x08000362   0x08000362   0x00000064   Code   RO         7771    .text               mf_w.l(fmul.o)
    0x080003c6   0x080003c6   0x0000007c   Code   RO         7773    .text               mf_w.l(fdiv.o)
    0x08000442   0x08000442   0x00000012   Code   RO         7775    .text               mf_w.l(fflti.o)
    0x08000454   0x08000454   0x0000000a   Code   RO         7777    .text               mf_w.l(ffltui.o)
    0x0800045e   0x0800045e   0x00000032   Code   RO         7781    .text               mf_w.l(ffixi.o)
    0x08000490   0x08000490   0x00000028   Code   RO         7783    .text               mf_w.l(ffixui.o)
    0x080004b8   0x080004b8   0x00000030   Code   RO         7791    .text               mf_w.l(cdrcmple.o)
    0x080004e8   0x080004e8   0x00000014   Code   RO         7793    .text               mf_w.l(cfcmple.o)
    0x080004fc   0x080004fc   0x00000014   Code   RO         7795    .text               mf_w.l(cfrcmple.o)
    0x08000510   0x08000510   0x0000002c   Code   RO         7812    .text               mc_w.l(uidiv.o)
    0x0800053c   0x0800053c   0x00000062   Code   RO         7814    .text               mc_w.l(uldiv.o)
    0x0800059e   0x0800059e   0x00000000   Code   RO         7835    .text               mc_w.l(iusefp.o)
    0x0800059e   0x0800059e   0x0000006e   Code   RO         7836    .text               mf_w.l(fepilogue.o)
    0x0800060c   0x0800060c   0x000000ba   Code   RO         7838    .text               mf_w.l(depilogue.o)
    0x080006c6   0x080006c6   0x0000014e   Code   RO         7840    .text               mf_w.l(dadd.o)
    0x08000814   0x08000814   0x000000e4   Code   RO         7842    .text               mf_w.l(dmul.o)
    0x080008f8   0x080008f8   0x000000de   Code   RO         7844    .text               mf_w.l(ddiv.o)
    0x080009d6   0x080009d6   0x00000030   Code   RO         7848    .text               mf_w.l(dfixul.o)
    0x08000a06   0x08000a06   0x00000002   PAD
    0x08000a08   0x08000a08   0x00000024   Code   RO         7852    .text               mc_w.l(init.o)
    0x08000a2c   0x08000a2c   0x0000001e   Code   RO         7854    .text               mc_w.l(llshl.o)
    0x08000a4a   0x08000a4a   0x00000024   Code   RO         7856    .text               mc_w.l(llsshr.o)
    0x08000a6e   0x08000a6e   0x00000056   Code   RO         7905    .text               mc_w.l(__dczerorl2.o)
    0x08000ac4   0x08000ac4   0x000000a4   Code   RO         6198    i.AM2320_Get_TempResistor  am2320.o
    0x08000b68   0x08000b68   0x00000022   Code   RO         5262    i.AT24CXX_Read      24c0x.o
    0x08000b8a   0x08000b8a   0x00000056   Code   RO         5264    i.AT24CXX_ReadOneByte  24c0x.o
    0x08000be0   0x08000be0   0x00000020   Code   RO         5265    i.AT24CXX_Write     24c0x.o
    0x08000c00   0x08000c00   0x0000004e   Code   RO         5267    i.AT24CXX_WriteOneByte  24c0x.o
    0x08000c4e   0x08000c4e   0x00000002   Code   RO          719    i.BusFault_Handler  stm32f1xx_it.o
    0x08000c50   0x08000c50   0x000001f4   Code   RO         4596    i.Button_Exe_Task   button.o
    0x08000e44   0x08000e44   0x00000028   Code   RO         4646    i.Buzzer_ONE_Cycle  buzzer.o
    0x08000e6c   0x08000e6c   0x00000028   Code   RO         4647    i.Buzzer_TWO_Cycle  buzzer.o
    0x08000e94   0x08000e94   0x00000032   Code   RO         6199    i.CRC16             am2320.o
    0x08000ec6   0x08000ec6   0x0000002e   Code   RO         6200    i.CheckCRC          am2320.o
    0x08000ef4   0x08000ef4   0x00000080   Code   RO         6267    i.Check_Board_Info  board_info.o
    0x08000f74   0x08000f74   0x000000d8   Code   RO         6268    i.Check_Date_Of_Manufacture  board_info.o
    0x0800104c   0x0800104c   0x00000044   Code   RO         5268    i.Check_Delay_Inspection  24c0x.o
    0x08001090   0x08001090   0x000000d4   Code   RO         6269    i.Check_Device_ID   board_info.o
    0x08001164   0x08001164   0x0000000e   Code   RO         6270    i.Check_Device_Type  board_info.o
    0x08001172   0x08001172   0x00000002   PAD
    0x08001174   0x08001174   0x000000cc   Code   RO         6271    i.Check_Hardware_Versions  board_info.o
    0x08001240   0x08001240   0x0000003c   Code   RO         6272    i.Check_Master_Control  board_info.o
    0x0800127c   0x0800127c   0x00000070   Code   RO         5063    i.Check_Max_And_Now_Route  relay.o
    0x080012ec   0x080012ec   0x000000d8   Code   RO         6273    i.Check_Serial_Number  board_info.o
    0x080013c4   0x080013c4   0x000000d8   Code   RO         6274    i.Check_Soft_Versions  board_info.o
    0x0800149c   0x0800149c   0x0000001e   Code   RO         6275    i.Check_Str_Number  board_info.o
    0x080014ba   0x080014ba   0x00000002   PAD
    0x080014bc   0x080014bc   0x00000064   Code   RO          363    i.Check_Strategy    main.o
    0x08001520   0x08001520   0x00000028   Code   RO         5064    i.Check_Stroking_Cycle  relay.o
    0x08001548   0x08001548   0x00000014   Code   RO         6201    i.Clear_Data        am2320.o
    0x0800155c   0x0800155c   0x0000000c   Code   RO          720    i.DMA1_Channel6_IRQHandler  stm32f1xx_it.o
    0x08001568   0x08001568   0x0000000c   Code   RO          721    i.DMA1_Channel7_IRQHandler  stm32f1xx_it.o
    0x08001574   0x08001574   0x00000002   Code   RO          722    i.DebugMon_Handler  stm32f1xx_it.o
    0x08001576   0x08001576   0x00000002   PAD
    0x08001578   0x08001578   0x00000138   Code   RO         5421    i.Dispose_Function_Key  lcd12864_display_menu.o
    0x080016b0   0x080016b0   0x00000080   Code   RO           13    i.Exe_Strategy_Type_Route  strategy.o
    0x08001730   0x08001730   0x00000180   Code   RO           14    i.Exe_Strategy_Type_Temp  strategy.o
    0x080018b0   0x080018b0   0x00000006   Code   RO         3419    i.FATFS_LinkDriver  ff_gen_drv.o
    0x080018b6   0x080018b6   0x00000002   PAD
    0x080018b8   0x080018b8   0x00000040   Code   RO         3420    i.FATFS_LinkDriverEx  ff_gen_drv.o
    0x080018f8   0x080018f8   0x00000040   Code   RO         5065    i.G_Route_Reset     relay.o
    0x08001938   0x08001938   0x00000130   Code   RO         2351    i.HAL_DMA_Abort_IT  stm32f1xx_hal_dma.o
    0x08001a68   0x08001a68   0x00000248   Code   RO         2355    i.HAL_DMA_IRQHandler  stm32f1xx_hal_dma.o
    0x08001cb0   0x08001cb0   0x00000084   Code   RO         2356    i.HAL_DMA_Init      stm32f1xx_hal_dma.o
    0x08001d34   0x08001d34   0x000001e8   Code   RO         2286    i.HAL_GPIO_Init     stm32f1xx_hal_gpio.o
    0x08001f1c   0x08001f1c   0x0000000a   Code   RO         2288    i.HAL_GPIO_ReadPin  stm32f1xx_hal_gpio.o
    0x08001f26   0x08001f26   0x0000000a   Code   RO         2290    i.HAL_GPIO_WritePin  stm32f1xx_hal_gpio.o
    0x08001f30   0x08001f30   0x0000000c   Code   RO         1997    i.HAL_GetTick       stm32f1xx_hal.o
    0x08001f3c   0x08001f3c   0x00000010   Code   RO         2001    i.HAL_IncTick       stm32f1xx_hal.o
    0x08001f4c   0x08001f4c   0x00000024   Code   RO         2002    i.HAL_Init          stm32f1xx_hal.o
    0x08001f70   0x08001f70   0x00000040   Code   RO         2003    i.HAL_InitTick      stm32f1xx_hal.o
    0x08001fb0   0x08001fb0   0x00000090   Code   RO          813    i.HAL_MspInit       stm32f1xx_hal_msp.o
    0x08002040   0x08002040   0x00000016   Code   RO         2446    i.HAL_NVIC_EnableIRQ  stm32f1xx_hal_cortex.o
    0x08002056   0x08002056   0x00000002   PAD
    0x08002058   0x08002058   0x00000040   Code   RO         2452    i.HAL_NVIC_SetPriority  stm32f1xx_hal_cortex.o
    0x08002098   0x08002098   0x00000024   Code   RO         2453    i.HAL_NVIC_SetPriorityGrouping  stm32f1xx_hal_cortex.o
    0x080020bc   0x080020bc   0x0000000c   Code   RO         2568    i.HAL_PWR_EnableBkUpAccess  stm32f1xx_hal_pwr.o
    0x080020c8   0x080020c8   0x000000d4   Code   RO         2248    i.HAL_RCCEx_GetPeriphCLKFreq  stm32f1xx_hal_rcc_ex.o
    0x0800219c   0x0800219c   0x000000ec   Code   RO         2249    i.HAL_RCCEx_PeriphCLKConfig  stm32f1xx_hal_rcc_ex.o
    0x08002288   0x08002288   0x00000154   Code   RO         2146    i.HAL_RCC_ClockConfig  stm32f1xx_hal_rcc.o
    0x080023dc   0x080023dc   0x0000000c   Code   RO         2151    i.HAL_RCC_GetHCLKFreq  stm32f1xx_hal_rcc.o
    0x080023e8   0x080023e8   0x00000020   Code   RO         2153    i.HAL_RCC_GetPCLK1Freq  stm32f1xx_hal_rcc.o
    0x08002408   0x08002408   0x00000020   Code   RO         2154    i.HAL_RCC_GetPCLK2Freq  stm32f1xx_hal_rcc.o
    0x08002428   0x08002428   0x0000006c   Code   RO         2155    i.HAL_RCC_GetSysClockFreq  stm32f1xx_hal_rcc.o
    0x08002494   0x08002494   0x00000304   Code   RO         2158    i.HAL_RCC_OscConfig  stm32f1xx_hal_rcc.o
    0x08002798   0x08002798   0x000000d8   Code   RO         1012    i.HAL_RTC_GetTime   stm32f1xx_hal_rtc.o
    0x08002870   0x08002870   0x000000a0   Code   RO         1013    i.HAL_RTC_Init      stm32f1xx_hal_rtc.o
    0x08002910   0x08002910   0x00000034   Code   RO          815    i.HAL_RTC_MspInit   stm32f1xx_hal_msp.o
    0x08002944   0x08002944   0x000000c4   Code   RO         1019    i.HAL_RTC_SetDate   stm32f1xx_hal_rtc.o
    0x08002a08   0x08002a08   0x000000ac   Code   RO         1020    i.HAL_RTC_SetTime   stm32f1xx_hal_rtc.o
    0x08002ab4   0x08002ab4   0x0000003a   Code   RO         1021    i.HAL_RTC_WaitForSynchro  stm32f1xx_hal_rtc.o
    0x08002aee   0x08002aee   0x00000002   Code   RO         1284    i.HAL_SPI_ErrorCallback  stm32f1xx_hal_spi.o
    0x08002af0   0x08002af0   0x000000c4   Code   RO         1287    i.HAL_SPI_IRQHandler  stm32f1xx_hal_spi.o
    0x08002bb4   0x08002bb4   0x00000082   Code   RO         1600    i.HAL_SPI_Init      stm32f1xx_hal_spi_ex.o
    0x08002c36   0x08002c36   0x00000002   PAD
    0x08002c38   0x08002c38   0x00000068   Code   RO          817    i.HAL_SPI_MspInit   stm32f1xx_hal_msp.o
    0x08002ca0   0x08002ca0   0x00000018   Code   RO         2455    i.HAL_SYSTICK_CLKSourceConfig  stm32f1xx_hal_cortex.o
    0x08002cb8   0x08002cb8   0x00000028   Code   RO         2457    i.HAL_SYSTICK_Config  stm32f1xx_hal_cortex.o
    0x08002ce0   0x08002ce0   0x00000002   Code   RO         1681    i.HAL_UART_ErrorCallback  stm32f1xx_hal_uart.o
    0x08002ce2   0x08002ce2   0x00000002   PAD
    0x08002ce4   0x08002ce4   0x00000110   Code   RO         1684    i.HAL_UART_IRQHandler  stm32f1xx_hal_uart.o
    0x08002df4   0x08002df4   0x00000062   Code   RO         1685    i.HAL_UART_Init     stm32f1xx_hal_uart.o
    0x08002e56   0x08002e56   0x00000002   PAD
    0x08002e58   0x08002e58   0x00000128   Code   RO          819    i.HAL_UART_MspInit  stm32f1xx_hal_msp.o
    0x08002f80   0x08002f80   0x00000052   Code   RO         1690    i.HAL_UART_Receive_IT  stm32f1xx_hal_uart.o
    0x08002fd2   0x08002fd2   0x00000002   PAD
    0x08002fd4   0x08002fd4   0x00000058   Code   RO         2874    i.HAL_UART_RxCpltCallback  uart.o
    0x0800302c   0x0800302c   0x000000ba   Code   RO         1693    i.HAL_UART_Transmit  stm32f1xx_hal_uart.o
    0x080030e6   0x080030e6   0x00000002   Code   RO         1696    i.HAL_UART_TxCpltCallback  stm32f1xx_hal_uart.o
    0x080030e8   0x080030e8   0x00000014   Code   RO          723    i.HardFault_Handler  stm32f1xx_it.o
    0x080030fc   0x080030fc   0x00000088   Code   RO         5343    i.IIC_Ack           iic.o
    0x08003184   0x08003184   0x000000c4   Code   RO         5344    i.IIC_Init          iic.o
    0x08003248   0x08003248   0x00000088   Code   RO         5345    i.IIC_NAck          iic.o
    0x080032d0   0x080032d0   0x000000f0   Code   RO         5346    i.IIC_Read_Byte     iic.o
    0x080033c0   0x080033c0   0x000000cc   Code   RO         5347    i.IIC_Send_Byte     iic.o
    0x0800348c   0x0800348c   0x00000084   Code   RO         5348    i.IIC_Start         iic.o
    0x08003510   0x08003510   0x00000084   Code   RO         5349    i.IIC_Stop          iic.o
    0x08003594   0x08003594   0x000000b0   Code   RO         5350    i.IIC_Wait_Ack      iic.o
    0x08003644   0x08003644   0x0000002c   Code   RO         5269    i.Init_Delay_Inspection  24c0x.o
    0x08003670   0x08003670   0x0000004c   Code   RO         5946    i.Init_Humi_Comp    humi.o
    0x080036bc   0x080036bc   0x00000054   Code   RO         5066    i.Init_Max_Route    relay.o
    0x08003710   0x08003710   0x0000002c   Code   RO         5067    i.Init_Now_Route    relay.o
    0x0800373c   0x0800373c   0x000000a0   Code   RO           15    i.Init_Strategy     strategy.o
    0x080037dc   0x080037dc   0x0000001c   Code   RO         5068    i.Init_Stroking_Cycle  relay.o
    0x080037f8   0x080037f8   0x00000004   Code   RO         5892    i.LCD12864_Delay_Inspection_Key_Null_Opt  lcd12864_display_menu_delay_inspection.o
    0x080037fc   0x080037fc   0x0000003e   Code   RO         4679    i.LCD12864_Display  lcd12864.o
    0x0800383a   0x0800383a   0x00000002   PAD
    0x0800383c   0x0800383c   0x00000040   Code   RO         4680    i.LCD12864_Display_Clear_Success  lcd12864.o
    0x0800387c   0x0800387c   0x00000072   Code   RO         5893    i.LCD12864_Display_Delay_Inspection_Interior  lcd12864_display_menu_delay_inspection.o
    0x080038ee   0x080038ee   0x00000002   PAD
    0x080038f0   0x080038f0   0x00000150   Code   RO         5894    i.LCD12864_Display_Delay_Inspection_Page  lcd12864_display_menu_delay_inspection.o
    0x08003a40   0x08003a40   0x00000098   Code   RO         5895    i.LCD12864_Display_Delay_Inspection_Refresh  lcd12864_display_menu_delay_inspection.o
    0x08003ad8   0x08003ad8   0x0000005a   Code   RO         5422    i.LCD12864_Display_Delay_inspection  lcd12864_display_menu.o
    0x08003b32   0x08003b32   0x0000005a   Code   RO         5423    i.LCD12864_Display_HUMI_Compensation  lcd12864_display_menu.o
    0x08003b8c   0x08003b8c   0x00000072   Code   RO         5527    i.LCD12864_Display_HUMI_Compensation_Interior  lcd12864_display_menu_humi_compensation.o
    0x08003bfe   0x08003bfe   0x00000002   PAD
    0x08003c00   0x08003c00   0x00000150   Code   RO         5528    i.LCD12864_Display_HUMI_Compensation_Page  lcd12864_display_menu_humi_compensation.o
    0x08003d50   0x08003d50   0x00000110   Code   RO         5529    i.LCD12864_Display_HUMI_Compensation_Refresh  lcd12864_display_menu_humi_compensation.o
    0x08003e60   0x08003e60   0x0000005a   Code   RO         5424    i.LCD12864_Display_Max_Route  lcd12864_display_menu.o
    0x08003eba   0x08003eba   0x0000006e   Code   RO         5581    i.LCD12864_Display_Max_Route_Add  lcd12864_display_menu_max_route.o
    0x08003f28   0x08003f28   0x00000072   Code   RO         5582    i.LCD12864_Display_Max_Route_Interior  lcd12864_display_menu_max_route.o
    0x08003f9a   0x08003f9a   0x00000002   PAD
    0x08003f9c   0x08003f9c   0x0000010c   Code   RO         5583    i.LCD12864_Display_Max_Route_Page  lcd12864_display_menu_max_route.o
    0x080040a8   0x080040a8   0x000000b8   Code   RO         5584    i.LCD12864_Display_Max_Route_Refresh  lcd12864_display_menu_max_route.o
    0x08004160   0x08004160   0x00000066   Code   RO         5585    i.LCD12864_Display_Max_Route_Sub  lcd12864_display_menu_max_route.o
    0x080041c6   0x080041c6   0x00000002   PAD
    0x080041c8   0x080041c8   0x000000b0   Code   RO         5425    i.LCD12864_Display_Menu  lcd12864_display_menu.o
    0x08004278   0x08004278   0x0000012e   Code   RO         5426    i.LCD12864_Display_Menu_Option_Refresh  lcd12864_display_menu.o
    0x080043a6   0x080043a6   0x0000006a   Code   RO         5647    i.LCD12864_Display_Now_Route  lcd12864_display_menu_route_reset.o
    0x08004410   0x08004410   0x00000060   Code   RO         5648    i.LCD12864_Display_Now_Route_Refresh  lcd12864_display_menu_route_reset.o
    0x08004470   0x08004470   0x0000005a   Code   RO         5428    i.LCD12864_Display_Route_Reset  lcd12864_display_menu.o
    0x080044ca   0x080044ca   0x00000002   PAD
    0x080044cc   0x080044cc   0x000000a4   Code   RO         5649    i.LCD12864_Display_Route_Reset_Page  lcd12864_display_menu_route_reset.o
    0x08004570   0x08004570   0x00000058   Code   RO         5429    i.LCD12864_Display_Set_Strategy  lcd12864_display_menu.o
    0x080045c8   0x080045c8   0x00000148   Code   RO         5160    i.LCD12864_Display_Set_Strategy_Refresh  lcd12864_display_menu_set_strategy.o
    0x08004710   0x08004710   0x0000005a   Code   RO         5430    i.LCD12864_Display_Set_Time  lcd12864_display_menu.o
    0x0800476a   0x0800476a   0x00000066   Code   RO         5783    i.LCD12864_Display_Set_Time_Interior  lcd12864_display_menu_set_time.o
    0x080047d0   0x080047d0   0x00000144   Code   RO         5784    i.LCD12864_Display_Set_Time_Page  lcd12864_display_menu_set_time.o
    0x08004914   0x08004914   0x000001c0   Code   RO         5785    i.LCD12864_Display_Set_Time_Refresh  lcd12864_display_menu_set_time.o
    0x08004ad4   0x08004ad4   0x0000005a   Code   RO         5431    i.LCD12864_Display_Stroking_Cycle  lcd12864_display_menu.o
    0x08004b2e   0x08004b2e   0x0000004e   Code   RO         5838    i.LCD12864_Display_Stroking_Cycle_Interior  lcd12864_display_menu_stroking_cycle.o
    0x08004b7c   0x08004b7c   0x00000118   Code   RO         5839    i.LCD12864_Display_Stroking_Cycle_Page  lcd12864_display_menu_stroking_cycle.o
    0x08004c94   0x08004c94   0x0000008c   Code   RO         5840    i.LCD12864_Display_Stroking_Cycle_Refresh  lcd12864_display_menu_stroking_cycle.o
    0x08004d20   0x08004d20   0x00000040   Code   RO         4681    i.LCD12864_Display_Success  lcd12864.o
    0x08004d60   0x08004d60   0x0000005a   Code   RO         5432    i.LCD12864_Display_Version_Information  lcd12864_display_menu.o
    0x08004dba   0x08004dba   0x00000004   Code   RO         5530    i.LCD12864_HUMI_Compensation_Key_Null_Opt  lcd12864_display_menu_humi_compensation.o
    0x08004dbe   0x08004dbe   0x00000002   PAD
    0x08004dc0   0x08004dc0   0x00000094   Code   RO         4682    i.LCD12864_Init     lcd12864.o
    0x08004e54   0x08004e54   0x00000040   Code   RO         5433    i.LCD12864_Key_Null_Opt  lcd12864_display_menu.o
    0x08004e94   0x08004e94   0x00000004   Code   RO         5586    i.LCD12864_Max_Route_Key_Null_Opt  lcd12864_display_menu_max_route.o
    0x08004e98   0x08004e98   0x0000007c   Code   RO         4683    i.LCD12864_Put_16_16_Char  lcd12864.o
    0x08004f14   0x08004f14   0x00000070   Code   RO         4684    i.LCD12864_Put_8_16_Char  lcd12864.o
    0x08004f84   0x08004f84   0x000000a0   Code   RO         4685    i.LCD12864_Put_HUMI  lcd12864.o
    0x08005024   0x08005024   0x00000058   Code   RO         4686    i.LCD12864_Put_Motor_Situation  lcd12864.o
    0x0800507c   0x0800507c   0x00000002   Code   RO         4687    i.LCD12864_Put_Open_Mouth_And_Time  lcd12864.o
    0x0800507e   0x0800507e   0x00000002   PAD
    0x08005080   0x08005080   0x00000038   Code   RO         4688    i.LCD12864_Put_RH   lcd12864.o
    0x080050b8   0x080050b8   0x00000050   Code   RO         4689    i.LCD12864_Put_Signel_Sim  lcd12864.o
    0x08005108   0x08005108   0x0000004e   Code   RO         4691    i.LCD12864_Put_Str_At_Present_Mode  lcd12864.o
    0x08005156   0x08005156   0x00000002   PAD
    0x08005158   0x08005158   0x00000060   Code   RO         4692    i.LCD12864_Put_Str_Welcome  lcd12864.o
    0x080051b8   0x080051b8   0x00000058   Code   RO         4693    i.LCD12864_Put_Symbol_C  lcd12864.o
    0x08005210   0x08005210   0x0000001e   Code   RO         4694    i.LCD12864_Put_Symbol_RH  lcd12864.o
    0x0800522e   0x0800522e   0x00000002   PAD
    0x08005230   0x08005230   0x00000060   Code   RO         4695    i.LCD12864_Refresh_Route  lcd12864.o
    0x08005290   0x08005290   0x0000008c   Code   RO         4696    i.LCD12864_Refresh_Time  lcd12864.o
    0x0800531c   0x0800531c   0x0000017c   Code   RO         5701    i.LCD12864_Set_Strategy_Info_Down_Key_Opt  lcd12864_display_menu_set_strategy_info.o
    0x08005498   0x08005498   0x000000c0   Code   RO         5702    i.LCD12864_Set_Strategy_Info_Line1  lcd12864_display_menu_set_strategy_info.o
    0x08005558   0x08005558   0x00000094   Code   RO         5703    i.LCD12864_Set_Strategy_Info_Line2  lcd12864_display_menu_set_strategy_info.o
    0x080055ec   0x080055ec   0x000000d0   Code   RO         5704    i.LCD12864_Set_Strategy_Info_Line3  lcd12864_display_menu_set_strategy_info.o
    0x080056bc   0x080056bc   0x000001bc   Code   RO         5705    i.LCD12864_Set_Strategy_Info_Line4  lcd12864_display_menu_set_strategy_info.o
    0x08005878   0x08005878   0x00000114   Code   RO         5706    i.LCD12864_Set_Strategy_Info_Page  lcd12864_display_menu_set_strategy_info.o
    0x0800598c   0x0800598c   0x00000026   Code   RO         5707    i.LCD12864_Set_Strategy_Info_Refresh  lcd12864_display_menu_set_strategy_info.o
    0x080059b2   0x080059b2   0x00000002   PAD
    0x080059b4   0x080059b4   0x0000019c   Code   RO         5708    i.LCD12864_Set_Strategy_Info_Up_Key_Opt  lcd12864_display_menu_set_strategy_info.o
    0x08005b50   0x08005b50   0x0000010c   Code   RO         5161    i.LCD12864_Set_Strategy_Line  lcd12864_display_menu_set_strategy.o
    0x08005c5c   0x08005c5c   0x0000000c   Code   RO         5162    i.LCD12864_Set_Strategy_Line1  lcd12864_display_menu_set_strategy.o
    0x08005c68   0x08005c68   0x0000000c   Code   RO         5163    i.LCD12864_Set_Strategy_Line2  lcd12864_display_menu_set_strategy.o
    0x08005c74   0x08005c74   0x0000000c   Code   RO         5164    i.LCD12864_Set_Strategy_Line3  lcd12864_display_menu_set_strategy.o
    0x08005c80   0x08005c80   0x0000000c   Code   RO         5165    i.LCD12864_Set_Strategy_Line4  lcd12864_display_menu_set_strategy.o
    0x08005c8c   0x08005c8c   0x0000000c   Code   RO         5166    i.LCD12864_Set_Strategy_Line5  lcd12864_display_menu_set_strategy.o
    0x08005c98   0x08005c98   0x0000000c   Code   RO         5167    i.LCD12864_Set_Strategy_Line6  lcd12864_display_menu_set_strategy.o
    0x08005ca4   0x08005ca4   0x0000000c   Code   RO         5168    i.LCD12864_Set_Strategy_Line7  lcd12864_display_menu_set_strategy.o
    0x08005cb0   0x08005cb0   0x0000000c   Code   RO         5169    i.LCD12864_Set_Strategy_Line8  lcd12864_display_menu_set_strategy.o
    0x08005cbc   0x08005cbc   0x00000110   Code   RO         5170    i.LCD12864_Set_Strategy_Menu  lcd12864_display_menu_set_strategy.o
    0x08005dcc   0x08005dcc   0x00000004   Code   RO         5786    i.LCD12864_Set_Time_Key_Null_Opt  lcd12864_display_menu_set_time.o
    0x08005dd0   0x08005dd0   0x00000004   Code   RO         5841    i.LCD12864_Stroking_Cycle_Key_Null_Opt  lcd12864_display_menu_stroking_cycle.o
    0x08005dd4   0x08005dd4   0x0000001c   Code   RO          637    i.MX_FATFS_Init     fatfs.o
    0x08005df0   0x08005df0   0x00000148   Code   RO          364    i.MX_GPIO_Init      main.o
    0x08005f38   0x08005f38   0x00000078   Code   RO          365    i.MX_RTC_Init       main.o
    0x08005fb0   0x08005fb0   0x0000004c   Code   RO          366    i.MX_SPI1_Init      main.o
    0x08005ffc   0x08005ffc   0x0000003c   Code   RO          367    i.MX_USART1_UART_Init  main.o
    0x08006038   0x08006038   0x0000003c   Code   RO          368    i.MX_USART2_UART_Init  main.o
    0x08006074   0x08006074   0x00000002   Code   RO          724    i.MemManage_Handler  stm32f1xx_it.o
    0x08006076   0x08006076   0x00000002   PAD
    0x08006078   0x08006078   0x00000060   Code   RO         5069    i.Motor_Forward     relay.o
    0x080060d8   0x080060d8   0x00000064   Code   RO         5070    i.Motor_Reverses    relay.o
    0x0800613c   0x0800613c   0x00000098   Code   RO         5071    i.Motor_Stop        relay.o
    0x080061d4   0x080061d4   0x00000002   Code   RO          725    i.NMI_Handler       stm32f1xx_it.o
    0x080061d6   0x080061d6   0x00000020   Code   RO         2459    i.NVIC_SetPriority  stm32f1xx_hal_cortex.o
    0x080061f6   0x080061f6   0x00000012   Code   RO         1022    i.RTC_Bcd2ToByte    stm32f1xx_hal_rtc.o
    0x08006208   0x08006208   0x00000016   Code   RO         1023    i.RTC_ByteToBcd2    stm32f1xx_hal_rtc.o
    0x0800621e   0x0800621e   0x000000ae   Code   RO         1024    i.RTC_DateUpdate    stm32f1xx_hal_rtc.o
    0x080062cc   0x080062cc   0x00000034   Code   RO         1025    i.RTC_EnterInitMode  stm32f1xx_hal_rtc.o
    0x08006300   0x08006300   0x00000036   Code   RO         1026    i.RTC_ExitInitMode  stm32f1xx_hal_rtc.o
    0x08006336   0x08006336   0x0000000e   Code   RO         1027    i.RTC_ReadAlarmCounter  stm32f1xx_hal_rtc.o
    0x08006344   0x08006344   0x00000020   Code   RO         1028    i.RTC_ReadTimeCounter  stm32f1xx_hal_rtc.o
    0x08006364   0x08006364   0x00000056   Code   RO         1029    i.RTC_WeekDayNum    stm32f1xx_hal_rtc.o
    0x080063ba   0x080063ba   0x00000028   Code   RO         1030    i.RTC_WriteAlarmCounter  stm32f1xx_hal_rtc.o
    0x080063e2   0x080063e2   0x00000028   Code   RO         1031    i.RTC_WriteTimeCounter  stm32f1xx_hal_rtc.o
    0x0800640a   0x0800640a   0x00000002   PAD
    0x0800640c   0x0800640c   0x00000080   Code   RO         6202    i.ReadNByte         am2320.o
    0x0800648c   0x0800648c   0x00000044   Code   RO         5072    i.Relay_key_Opt     relay.o
    0x080064d0   0x080064d0   0x00000038   Code   RO         5351    i.SDA_IN            iic.o
    0x08006508   0x08006508   0x00000038   Code   RO         5352    i.SDA_OUT           iic.o
    0x08006540   0x08006540   0x0000000c   Code   RO          726    i.SPI1_IRQHandler   stm32f1xx_it.o
    0x0800654c   0x0800654c   0x00000010   Code   RO         1316    i.SPI_DMAAbortOnError  stm32f1xx_hal_spi.o
    0x0800655c   0x0800655c   0x00000022   Code   RO         4972    i.Save_G_Now_Route  monitor_in1.o
    0x0800657e   0x0800657e   0x00000002   PAD
    0x08006580   0x08006580   0x00000214   Code   RO         4597    i.Scan_Button_Task  button.o
    0x08006794   0x08006794   0x000000a8   Code   RO         4697    i.Send_Notify       lcd12864.o
    0x0800683c   0x0800683c   0x00000104   Code   RO          369    i.StartDefaultTask  main.o
    0x08006940   0x08006940   0x00000040   Code   RO         4598    i.Start_Button_Task  button.o
    0x08006980   0x08006980   0x000000b4   Code   RO         4892    i.Start_Check_Stroking_Cycle_Task  check_stroking_cycle.o
    0x08006a34   0x08006a34   0x0000001c   Code   RO          370    i.Start_Delete_Task  main.o
    0x08006a50   0x08006a50   0x0000003c   Code   RO         5947    i.Start_HUMI_Task   humi.o
    0x08006a8c   0x08006a8c   0x0000002e   Code   RO         5896    i.Start_LCD12864_Delay_Inspection_Task  lcd12864_display_menu_delay_inspection.o
    0x08006aba   0x08006aba   0x00000002   PAD
    0x08006abc   0x08006abc   0x00000070   Code   RO         4698    i.Start_LCD12864_Display_HUMI_Task  lcd12864.o
    0x08006b2c   0x08006b2c   0x00000038   Code   RO         5434    i.Start_LCD12864_Display_Menu_Task  lcd12864_display_menu.o
    0x08006b64   0x08006b64   0x0000002e   Code   RO         5531    i.Start_LCD12864_HUMI_Compensation_Task  lcd12864_display_menu_humi_compensation.o
    0x08006b92   0x08006b92   0x0000002e   Code   RO         5587    i.Start_LCD12864_Max_Route_Task  lcd12864_display_menu_max_route.o
    0x08006bc0   0x08006bc0   0x0000002e   Code   RO         5651    i.Start_LCD12864_Route_Reset_Task  lcd12864_display_menu_route_reset.o
    0x08006bee   0x08006bee   0x00000034   Code   RO         5709    i.Start_LCD12864_Set_Strategy_Info_Task  lcd12864_display_menu_set_strategy_info.o
    0x08006c22   0x08006c22   0x0000002e   Code   RO         5171    i.Start_LCD12864_Set_Strategy_Task  lcd12864_display_menu_set_strategy.o
    0x08006c50   0x08006c50   0x0000002e   Code   RO         5787    i.Start_LCD12864_Set_Time_Task  lcd12864_display_menu_set_time.o
    0x08006c7e   0x08006c7e   0x0000002e   Code   RO         5842    i.Start_LCD12864_Stroking_Cycle_Task  lcd12864_display_menu_stroking_cycle.o
    0x08006cac   0x08006cac   0x00000100   Code   RO         4699    i.Start_LCD12864_Task  lcd12864.o
    0x08006dac   0x08006dac   0x00000024   Code   RO         6049    i.Start_LED_Task    led.o
    0x08006dd0   0x08006dd0   0x00000130   Code   RO         4973    i.Start_Monitor_IN1_Task  monitor_in1.o
    0x08006f00   0x08006f00   0x000000b8   Code   RO         6050    i.Start_RUN_LED_Task  led.o
    0x08006fb8   0x08006fb8   0x00000058   Code   RO         5073    i.Start_Relay_Task  relay.o
    0x08007010   0x08007010   0x000000d8   Code   RO           16    i.Start_Strategy_Task  strategy.o
    0x080070e8   0x080070e8   0x0000000e   Code   RO          727    i.SysTick_Handler   stm32f1xx_it.o
    0x080070f6   0x080070f6   0x00000002   PAD
    0x080070f8   0x080070f8   0x00000098   Code   RO          371    i.SystemClock_Config  main.o
    0x08007190   0x08007190   0x00000048   Code   RO         2948    i.SystemInit        system_stm32f1xx.o
    0x080071d8   0x080071d8   0x00000054   Code   RO         6203    i.Test_Ack          am2320.o
    0x0800722c   0x0800722c   0x00000010   Code   RO         1698    i.UART_DMAAbortOnError  stm32f1xx_hal_uart.o
    0x0800723c   0x0800723c   0x0000001c   Code   RO         1708    i.UART_EndRxTransfer  stm32f1xx_hal_uart.o
    0x08007258   0x08007258   0x00000096   Code   RO         1710    i.UART_Receive_IT   stm32f1xx_hal_uart.o
    0x080072ee   0x080072ee   0x00000002   PAD
    0x080072f0   0x080072f0   0x00000170   Code   RO         1711    i.UART_SetConfig    stm32f1xx_hal_uart.o
    0x08007460   0x08007460   0x00000062   Code   RO         1712    i.UART_Transmit_IT  stm32f1xx_hal_uart.o
    0x080074c2   0x080074c2   0x00000064   Code   RO         1713    i.UART_WaitOnFlagUntilTimeout  stm32f1xx_hal_uart.o
    0x08007526   0x08007526   0x00000002   PAD
    0x08007528   0x08007528   0x0000000c   Code   RO          728    i.USART1_IRQHandler  stm32f1xx_it.o
    0x08007534   0x08007534   0x0000000c   Code   RO          729    i.USART2_IRQHandler  stm32f1xx_it.o
    0x08007540   0x08007540   0x00000010   Code   RO          556    i.USER_initialize   user_diskio.o
    0x08007550   0x08007550   0x00000004   Code   RO          557    i.USER_ioctl        user_diskio.o
    0x08007554   0x08007554   0x00000004   Code   RO          558    i.USER_read         user_diskio.o
    0x08007558   0x08007558   0x00000010   Code   RO          559    i.USER_status       user_diskio.o
    0x08007568   0x08007568   0x00000004   Code   RO          560    i.USER_write        user_diskio.o
    0x0800756c   0x0800756c   0x00000002   Code   RO          730    i.UsageFault_Handler  stm32f1xx_it.o
    0x0800756e   0x0800756e   0x00000024   Code   RO         6204    i.Waken             am2320.o
    0x08007592   0x08007592   0x00000002   PAD
    0x08007594   0x08007594   0x0000008c   Code   RO         4700    i.WriteCommand      lcd12864.o
    0x08007620   0x08007620   0x00000080   Code   RO         6205    i.WriteNByte        am2320.o
    0x080076a0   0x080076a0   0x0000008c   Code   RO         4701    i.Write_Data        lcd12864.o
    0x0800772c   0x0800772c   0x00000018   Code   RO          372    i._Error_Handler    main.o
    0x08007744   0x08007744   0x00000020   Code   RO         7705    i.__0printf         mc_w.l(printfa.o)
    0x08007764   0x08007764   0x00000028   Code   RO         7707    i.__0sprintf        mc_w.l(printfa.o)
    0x0800778c   0x0800778c   0x0000000e   Code   RO         7899    i.__scatterload_copy  mc_w.l(handlers.o)
    0x0800779a   0x0800779a   0x00000002   Code   RO         7900    i.__scatterload_null  mc_w.l(handlers.o)
    0x0800779c   0x0800779c   0x0000000e   Code   RO         7901    i.__scatterload_zeroinit  mc_w.l(handlers.o)
    0x080077aa   0x080077aa   0x00000002   PAD
    0x080077ac   0x080077ac   0x00000184   Code   RO         7712    i._fp_digits        mc_w.l(printfa.o)
    0x08007930   0x08007930   0x000006dc   Code   RO         7713    i._printf_core      mc_w.l(printfa.o)
    0x0800800c   0x0800800c   0x00000024   Code   RO         7714    i._printf_post_padding  mc_w.l(printfa.o)
    0x08008030   0x08008030   0x0000002e   Code   RO         7715    i._printf_pre_padding  mc_w.l(printfa.o)
    0x0800805e   0x0800805e   0x0000000a   Code   RO         7717    i._sputc            mc_w.l(printfa.o)
    0x08008068   0x08008068   0x00000044   Code   RO         4866    i.delay_us          delay.o
    0x080080ac   0x080080ac   0x00000068   Code   RO         3890    i.eTaskGetState     tasks.o
    0x08008114   0x08008114   0x00000024   Code   RO          373    i.fputc             main.o
    0x08008138   0x08008138   0x00000088   Code   RO          374    i.main              main.o
    0x080081c0   0x080081c0   0x0000000c   Code   RO         4226    i.makeFreeRtosPriority  cmsis_os.o
    0x080081cc   0x080081cc   0x0000000e   Code   RO         4228    i.osDelay           cmsis_os.o
    0x080081da   0x080081da   0x0000000a   Code   RO         4231    i.osKernelStart     cmsis_os.o
    0x080081e4   0x080081e4   0x00000014   Code   RO         4264    i.osSystickHandler  cmsis_os.o
    0x080081f8   0x080081f8   0x0000002e   Code   RO         4265    i.osThreadCreate    cmsis_os.o
    0x08008226   0x08008226   0x0000000a   Code   RO         4274    i.osThreadTerminate  cmsis_os.o
    0x08008230   0x08008230   0x00000070   Code   RO         3892    i.prvAddCurrentTaskToDelayedList  tasks.o
    0x080082a0   0x080082a0   0x000000d0   Code   RO         3893    i.prvAddNewTaskToReadyList  tasks.o
    0x08008370   0x08008370   0x00000050   Code   RO         3894    i.prvCheckTasksWaitingTermination  tasks.o
    0x080083c0   0x080083c0   0x00000026   Code   RO         3736    i.prvCopyDataFromQueue  queue.o
    0x080083e6   0x080083e6   0x00000014   Code   RO         3895    i.prvDeleteTCB      tasks.o
    0x080083fa   0x080083fa   0x00000002   PAD
    0x080083fc   0x080083fc   0x0000004c   Code   RO         3466    i.prvHeapInit       heap_4.o
    0x08008448   0x08008448   0x00000028   Code   RO         3896    i.prvIdleTask       tasks.o
    0x08008470   0x08008470   0x0000009c   Code   RO         3897    i.prvInitialiseNewTask  tasks.o
    0x0800850c   0x0800850c   0x0000004c   Code   RO         3467    i.prvInsertBlockIntoFreeList  heap_4.o
    0x08008558   0x08008558   0x0000001c   Code   RO         3738    i.prvIsQueueEmpty   queue.o
    0x08008574   0x08008574   0x00000020   Code   RO         3899    i.prvResetNextTaskUnblockTime  tasks.o
    0x08008594   0x08008594   0x00000014   Code   RO         3900    i.prvTaskCheckFreeStackSpace  tasks.o
    0x080085a8   0x080085a8   0x00000028   Code   RO         3528    i.prvTaskExitError  port.o
    0x080085d0   0x080085d0   0x00000034   Code   RO         3901    i.prvTaskIsTaskSuspended  tasks.o
    0x08008604   0x08008604   0x0000006a   Code   RO         3739    i.prvUnlockQueue    queue.o
    0x0800866e   0x0800866e   0x00000002   PAD
    0x08008670   0x08008670   0x000000d8   Code   RO         3468    i.pvPortMalloc      heap_4.o
    0x08008748   0x08008748   0x00000018   Code   RO         3902    i.pvTaskIncrementMutexHeldCount  tasks.o
    0x08008760   0x08008760   0x00000024   Code   RO         3529    i.pxPortInitialiseStack  port.o
    0x08008784   0x08008784   0x00000024   Code   RO         3699    i.uxListRemove      list.o
    0x080087a8   0x080087a8   0x00000016   Code   RO         3700    i.vListInitialise   list.o
    0x080087be   0x080087be   0x00000006   Code   RO         3701    i.vListInitialiseItem  list.o
    0x080087c4   0x080087c4   0x00000030   Code   RO         3702    i.vListInsert       list.o
    0x080087f4   0x080087f4   0x00000018   Code   RO         3703    i.vListInsertEnd    list.o
    0x0800880c   0x0800880c   0x00000040   Code   RO         3531    i.vPortEnterCritical  port.o
    0x0800884c   0x0800884c   0x00000028   Code   RO         3532    i.vPortExitCritical  port.o
    0x08008874   0x08008874   0x0000005c   Code   RO         3469    i.vPortFree         heap_4.o
    0x080088d0   0x080088d0   0x00000020   Code   RO         3533    i.vPortSetupTimerInterrupt  port.o
    0x080088f0   0x080088f0   0x00000054   Code   RO         3534    i.vPortValidateInterruptPriority  port.o
    0x08008944   0x08008944   0x0000004c   Code   RO         3911    i.vTaskDelay        tasks.o
    0x08008990   0x08008990   0x000000ac   Code   RO         3912    i.vTaskDelete       tasks.o
    0x08008a3c   0x08008a3c   0x00000078   Code   RO         3914    i.vTaskGetInfo      tasks.o
    0x08008ab4   0x08008ab4   0x0000000c   Code   RO         3915    i.vTaskMissedYield  tasks.o
    0x08008ac0   0x08008ac0   0x00000030   Code   RO         3917    i.vTaskPlaceOnEventList  tasks.o
    0x08008af0   0x08008af0   0x00000084   Code   RO         3919    i.vTaskPriorityInherit  tasks.o
    0x08008b74   0x08008b74   0x0000007c   Code   RO         3921    i.vTaskResume       tasks.o
    0x08008bf0   0x08008bf0   0x00000024   Code   RO         3923    i.vTaskSetTimeOutState  tasks.o
    0x08008c14   0x08008c14   0x00000068   Code   RO         3924    i.vTaskStartScheduler  tasks.o
    0x08008c7c   0x08008c7c   0x000000b0   Code   RO         3925    i.vTaskSuspend      tasks.o
    0x08008d2c   0x08008d2c   0x00000010   Code   RO         3926    i.vTaskSuspendAll   tasks.o
    0x08008d3c   0x08008d3c   0x0000005c   Code   RO         3927    i.vTaskSwitchContext  tasks.o
    0x08008d98   0x08008d98   0x0000000c   Code   RO         3471    i.xPortGetFreeHeapSize  heap_4.o
    0x08008da4   0x08008da4   0x00000074   Code   RO         3535    i.xPortStartScheduler  port.o
    0x08008e18   0x08008e18   0x0000002c   Code   RO         3536    i.xPortSysTickHandler  port.o
    0x08008e44   0x08008e44   0x00000052   Code   RO         3750    i.xQueueGenericCreate  queue.o
    0x08008e96   0x08008e96   0x00000002   PAD
    0x08008e98   0x08008e98   0x0000016c   Code   RO         3751    i.xQueueGenericReceive  queue.o
    0x08009004   0x08009004   0x00000088   Code   RO         3752    i.xQueueGenericReset  queue.o
    0x0800908c   0x0800908c   0x0000009c   Code   RO         3755    i.xQueueGiveFromISR  queue.o
    0x08009128   0x08009128   0x0000006c   Code   RO         3928    i.xTaskCheckForTimeOut  tasks.o
    0x08009194   0x08009194   0x00000056   Code   RO         3929    i.xTaskCreate       tasks.o
    0x080091ea   0x080091ea   0x00000002   PAD
    0x080091ec   0x080091ec   0x000000cc   Code   RO         3930    i.xTaskGenericNotify  tasks.o
    0x080092b8   0x080092b8   0x0000001c   Code   RO         3933    i.xTaskGetSchedulerState  tasks.o
    0x080092d4   0x080092d4   0x000000c8   Code   RO         3936    i.xTaskIncrementTick  tasks.o
    0x0800939c   0x0800939c   0x0000008c   Code   RO         3938    i.xTaskNotifyWait   tasks.o
    0x08009428   0x08009428   0x00000074   Code   RO         3940    i.xTaskRemoveFromEventList  tasks.o
    0x0800949c   0x0800949c   0x000000c4   Code   RO         3942    i.xTaskResumeAll    tasks.o
    0x08009560   0x08009560   0x000000a0   Data   RO          378    .constdata          main.o
    0x08009600   0x08009600   0x00000010   Data   RO         2949    .constdata          system_stm32f1xx.o
    0x08009610   0x08009610   0x00000008   Data   RO         2950    .constdata          system_stm32f1xx.o
    0x08009618   0x08009618   0x00000028   Data   RO         4599    .constdata          button.o
    0x08009640   0x08009640   0x00000028   Data   RO         4702    .constdata          lcd12864.o
    0x08009668   0x08009668   0x00000028   Data   RO         5074    .constdata          relay.o
    0x08009690   0x08009690   0x00000028   Data   RO         5173    .constdata          lcd12864_display_menu_set_strategy.o
    0x080096b8   0x080096b8   0x0000008c   Data   RO         5435    .constdata          lcd12864_display_menu.o
    0x08009744   0x08009744   0x00000014   Data   RO         6051    .constdata          led.o
    0x08009758   0x08009758   0x0000005c   Data   RO          379    .conststring        main.o
    0x080097b4   0x080097b4   0x0000001f   Data   RO         4600    .conststring        button.o
    0x080097d3   0x080097d3   0x00000001   PAD
    0x080097d4   0x080097d4   0x00000037   Data   RO         4703    .conststring        lcd12864.o
    0x0800980b   0x0800980b   0x00000001   PAD
    0x0800980c   0x0800980c   0x0000002e   Data   RO         5075    .conststring        relay.o
    0x0800983a   0x0800983a   0x00000002   PAD
    0x0800983c   0x0800983c   0x00000020   Data   RO         5174    .conststring        lcd12864_display_menu_set_strategy.o
    0x0800985c   0x0800985c   0x000000c7   Data   RO         5436    .conststring        lcd12864_display_menu.o
    0x08009923   0x08009923   0x00000001   PAD
    0x08009924   0x08009924   0x0000000d   Data   RO         6052    .conststring        led.o
    0x08009931   0x08009931   0x00000003   PAD
    0x08009934   0x08009934   0x00000020   Data   RO         7897    Region$$Table       anon$$obj.o


    Execution Region RW_IRAM1 (Exec base: 0x20000000, Load base: 0x08009954, Size: 0x00006c40, Max: 0x0000c000, ABSOLUTE, COMPRESSED[0x00000b30])

    Exec Addr    Load Addr    Size         Type   Attr      Idx    E Section Name        Object

    0x20000000   COMPRESSED   0x00000028   Data   RW          380    .data               main.o
    0x20000028   COMPRESSED   0x00000001   Data   RW          561    .data               user_diskio.o
    0x20000029   COMPRESSED   0x00000003   PAD
    0x2000002c   COMPRESSED   0x00000014   Data   RW          562    .data               user_diskio.o
    0x20000040   COMPRESSED   0x00000005   Data   RW          641    .data               fatfs.o
    0x20000045   COMPRESSED   0x00000003   PAD
    0x20000048   COMPRESSED   0x0000000c   Data   RW         2009    .data               stm32f1xx_hal.o
    0x20000054   COMPRESSED   0x00000002   Data   RW         2882    .data               uart.o
    0x20000056   COMPRESSED   0x00000002   PAD
    0x20000058   COMPRESSED   0x00000004   Data   RW         2951    .data               system_stm32f1xx.o
    0x2000005c   COMPRESSED   0x00000018   Data   RW         3474    .data               heap_4.o
    0x20000074   COMPRESSED   0x0000000c   Data   RW         3537    .data               port.o
    0x20000080   COMPRESSED   0x0000003c   Data   RW         3945    .data               tasks.o
    0x200000bc   COMPRESSED   0x00000008   Data   RW         4601    .data               button.o
    0x200000c4   COMPRESSED   0x0000000c   Data   RW         4704    .data               lcd12864.o
    0x200000d0   COMPRESSED   0x00000230   Data   RW         4844    .data               typeface.o
    0x20000300   COMPRESSED   0x00000040   Data   RW         4846    .data               typeface.o
    0x20000340   COMPRESSED   0x000006a0   Data   RW         4847    .data               typeface.o
    0x200009e0   COMPRESSED   0x00000300   Data   RW         4848    .data               typeface.o
    0x20000ce0   COMPRESSED   0x00000060   Data   RW         4849    .data               typeface.o
    0x20000d40   COMPRESSED   0x000005b0   Data   RW         4850    .data               typeface.o
    0x200012f0   COMPRESSED   0x00000001   Data   RW         4867    .data               delay.o
    0x200012f1   COMPRESSED   0x00000001   PAD
    0x200012f2   COMPRESSED   0x00000002   Data   RW         4893    .data               check_stroking_cycle.o
    0x200012f4   COMPRESSED   0x00000001   Data   RW         4974    .data               monitor_in1.o
    0x200012f5   COMPRESSED   0x00000003   PAD
    0x200012f8   COMPRESSED   0x00000010   Data   RW         5076    .data               relay.o
    0x20001308   COMPRESSED   0x00000004   Data   RW         5077    .data               relay.o
    0x2000130c   COMPRESSED   0x00000008   Data   RW         5175    .data               lcd12864_display_menu_set_strategy.o
    0x20001314   COMPRESSED   0x00000002   Data   RW         5270    .data               24c0x.o
    0x20001316   COMPRESSED   0x00000003   Data   RW         5437    .data               lcd12864_display_menu.o
    0x20001319   COMPRESSED   0x00000003   PAD
    0x2000131c   COMPRESSED   0x00000008   Data   RW         5532    .data               lcd12864_display_menu_humi_compensation.o
    0x20001324   COMPRESSED   0x00000008   Data   RW         5588    .data               lcd12864_display_menu_max_route.o
    0x2000132c   COMPRESSED   0x00000004   Data   RW         5652    .data               lcd12864_display_menu_route_reset.o
    0x20001330   COMPRESSED   0x00000008   Data   RW         5711    .data               lcd12864_display_menu_set_strategy_info.o
    0x20001338   COMPRESSED   0x0000000c   Data   RW         5788    .data               lcd12864_display_menu_set_time.o
    0x20001344   COMPRESSED   0x00000008   Data   RW         5843    .data               lcd12864_display_menu_stroking_cycle.o
    0x2000134c   COMPRESSED   0x00000008   Data   RW         5897    .data               lcd12864_display_menu_delay_inspection.o
    0x20001354   COMPRESSED   0x0000000c   Data   RW         5953    .data               humi.o
    0x20001360   COMPRESSED   0x00000008   Data   RW         6053    .data               led.o
    0x20001368   COMPRESSED   0x00000018   Data   RW         6092    .data               sim800c.o
    0x20001380   COMPRESSED   0x00000004   Data   RW         6208    .data               am2320.o
    0x20001384   COMPRESSED   0x00000004   Data   RW         7811    .data               mc_w.l(stdout.o)
    0x20001388        -       0x000000ec   Zero   RW          375    .bss                main.o
    0x20001474        -       0x00000044   Zero   RW          376    .bss                main.o
    0x200014b8        -       0x00000044   Zero   RW          377    .bss                main.o
    0x200014fc        -       0x00000140   Zero   RW         2880    .bss                uart.o
    0x2000163c        -       0x0000000c   Zero   RW         3423    .bss                ff_gen_drv.o
    0x20001648        -       0x00005000   Zero   RW         3473    .bss                heap_4.o
    0x20006648        -       0x000000f0   Zero   RW         3944    .bss                tasks.o
    0x20006738        -       0x00000060   Zero   RW         5172    .bss                lcd12864_display_menu_set_strategy.o
    0x20006798        -       0x00000060   Zero   RW         5710    .bss                lcd12864_display_menu_set_strategy_info.o
    0x200067f8        -       0x0000000f   Zero   RW         6206    .bss                am2320.o
    0x20006807        -       0x00000032   Zero   RW         6278    .bss                board_info.o
    0x20006839   COMPRESSED   0x00000007   PAD
    0x20006840        -       0x00000400   Zero   RW            1    STACK               startup_stm32f103xe.o


==============================================================================

Image component sizes


      Code (inc. data)   RO Data    RW Data    ZI Data      Debug   Object Name

       342          8          0          2          0       4086   24c0x.o
       656         78          0          4         15       5516   am2320.o
      1296        316          0          0         50       7073   board_info.o
      1096        272         71          8          0       6714   button.o
        80         10          0          0          0        910   buzzer.o
       180         66          0          2          0       4590   check_stroking_cycle.o
       112          0          0          0          0      13520   cmsis_os.o
        68          6          0          1          0        799   delay.o
         0          0          0          0          0       8008   event_groups.o
        28         10          0          5          0        938   fatfs.o
        70          4          0          0         12       1495   ff_gen_drv.o
       472         30          0         24      20480       7570   heap_4.o
       136         12          0         12          0       5201   humi.o
      1464        100          0          0          0       7073   iic.o
      2304        190         95         12          0      16816   lcd12864.o
      1628         96        339          3          0      10390   lcd12864_display_menu.o
       652         76          0          8          0       4743   lcd12864_display_menu_delay_inspection.o
       772         94          0          8          0       4845   lcd12864_display_menu_humi_compensation.o
       828         72          0          8          0       5967   lcd12864_display_menu_max_route.o
       412         72          0          4          0       3480   lcd12864_display_menu_route_reset.o
      1010         62         72          8         96      10079   lcd12864_display_menu_set_strategy.o
      2150        128          0          8         96       8186   lcd12864_display_menu_set_strategy_info.o
       924         42          0         12          0       4723   lcd12864_display_menu_set_time.o
       548         72          0          8          0       4639   lcd12864_display_menu_stroking_cycle.o
       220         36         33          8          0       2309   led.o
       136          0          0          0          0       3218   list.o
      1380        156        252         40        372      17611   main.o
       338         30          0          1          0       6838   monitor_in1.o
       606         72          0         12          0      10681   port.o
       910          8          0          0          0       9178   queue.o
       876        104         86         20          0       7082   relay.o
         0          0          0         24          0        684   sim800c.o
        36          8        304          0       1024        768   startup_stm32f103xe.o
       128         24          0         12          0       3061   stm32f1xx_hal.o
       218         14          0          0          0      26149   stm32f1xx_hal_cortex.o
      1020         52          0          0          0       2743   stm32f1xx_hal_dma.o
       508         42          0          0          0       3399   stm32f1xx_hal_gpio.o
       596         92          0          0          0       2925   stm32f1xx_hal_msp.o
        12          4          0          0          0        483   stm32f1xx_hal_pwr.o
      1296        104          0          0          0       5444   stm32f1xx_hal_rcc.o
       448         44          0          0          0       2481   stm32f1xx_hal_rcc_ex.o
      1334         14          0          0          0      11446   stm32f1xx_hal_rtc.o
       214          6          0          0          0       2497   stm32f1xx_hal_spi.o
       130          0          0          0          0       1007   stm32f1xx_hal_spi_ex.o
      1402         10          0          0          0       8911   stm32f1xx_hal_uart.o
       104         42          0          0          0       4811   stm32f1xx_it.o
       888        110          0          0          0     492465   strategy.o
        72         16         24          4          0       1075   system_stm32f1xx.o
      3034        250          0         60        240      27888   tasks.o
         0          0          0       4640          0        883   typeface.o
        88         20          0          2        320       1737   uart.o
        44         12          0         21          0       9104   user_diskio.o

    ----------------------------------------------------------------------
     33332       3086       1316       4996      22712     814239   Object Totals
         0          0         32          0          0          0   (incl. Generated)
        66          0          8         15          7          0   (incl. Padding)

    ----------------------------------------------------------------------

      Code (inc. data)   RO Data    RW Data    ZI Data      Debug   Library Member Name

        86          0          0          0          0          0   __dczerorl2.o
         0          0          0          0          0          0   entry.o
         0          0          0          0          0          0   entry10a.o
         0          0          0          0          0          0   entry11a.o
         8          4          0          0          0          0   entry2.o
         4          0          0          0          0          0   entry5.o
         0          0          0          0          0          0   entry7b.o
         0          0          0          0          0          0   entry8b.o
         8          4          0          0          0          0   entry9a.o
        30          0          0          0          0          0   handlers.o
        36          8          0          0          0         68   init.o
         0          0          0          0          0          0   iusefp.o
        30          0          0          0          0         68   llshl.o
        36          0          0          0          0         68   llsshr.o
        32          0          0          0          0         68   llushr.o
        36          0          0          0          0         68   memcpya.o
        36          0          0          0          0        108   memseta.o
      2308         96          0          0          0        604   printfa.o
         0          0          0          4          0          0   stdout.o
        14          0          0          0          0         68   strlen.o
        24          0          0          0          0         76   strncpy.o
        36          0          0          0          0         80   strstr.o
        44          0          0          0          0         80   uidiv.o
        98          0          0          0          0         92   uldiv.o
        48          0          0          0          0         68   cdrcmple.o
        20          0          0          0          0         68   cfcmple.o
        20          0          0          0          0         68   cfrcmple.o
       334          0          0          0          0        148   dadd.o
       222          0          0          0          0        100   ddiv.o
       186          0          0          0          0        176   depilogue.o
        48          0          0          0          0         68   dfixul.o
       228          0          0          0          0         96   dmul.o
       176          0          0          0          0        140   fadd.o
       124          0          0          0          0         88   fdiv.o
       110          0          0          0          0        168   fepilogue.o
        50          0          0          0          0         68   ffixi.o
        40          0          0          0          0         68   ffixui.o
        18          0          0          0          0         68   fflti.o
        10          0          0          0          0         68   ffltui.o
       100          0          0          0          0         76   fmul.o

    ----------------------------------------------------------------------
      4604        112          0          4          0       2984   Library Totals
         4          0          0          0          0          0   (incl. Padding)

    ----------------------------------------------------------------------

      Code (inc. data)   RO Data    RW Data    ZI Data      Debug   Library Name

      2866        112          0          4          0       1448   mc_w.l
      1734          0          0          0          0       1536   mf_w.l

    ----------------------------------------------------------------------
      4604        112          0          4          0       2984   Library Totals

    ----------------------------------------------------------------------

==============================================================================


      Code (inc. data)   RO Data    RW Data    ZI Data      Debug   

     37936       3198       1316       5000      22712     800087   Grand Totals
     37936       3198       1316       2864      22712     800087   ELF Image Totals (compressed)
     37936       3198       1316       2864          0          0   ROM Totals

==============================================================================

    Total RO  Size (Code + RO Data)                39252 (  38.33kB)
    Total RW  Size (RW Data + ZI Data)             27712 (  27.06kB)
    Total ROM Size (Code + RO Data + RW Data)      42116 (  41.13kB)

==============================================================================

