Component: ARM Compiler 5.06 update 6 (build 750) Tool: armlink [4d35ed]

==============================================================================

Section Cross References

    startup_stm32f103xe.o(RESET) refers to startup_stm32f103xe.o(STACK) for __initial_sp
    startup_stm32f103xe.o(RESET) refers to startup_stm32f103xe.o(.text) for Reset_Handler
    startup_stm32f103xe.o(RESET) refers to stm32f1xx_it.o(i.NMI_Handler) for NMI_Handler
    startup_stm32f103xe.o(RESET) refers to stm32f1xx_it.o(i.HardFault_Handler) for HardFault_Handler
    startup_stm32f103xe.o(RESET) refers to stm32f1xx_it.o(i.MemManage_Handler) for MemManage_Handler
    startup_stm32f103xe.o(RESET) refers to stm32f1xx_it.o(i.BusFault_Handler) for BusFault_Handler
    startup_stm32f103xe.o(RESET) refers to stm32f1xx_it.o(i.UsageFault_Handler) for UsageFault_Handler
    startup_stm32f103xe.o(RESET) refers to port.o(.emb_text) for SVC_Handler
    startup_stm32f103xe.o(RESET) refers to stm32f1xx_it.o(i.DebugMon_Handler) for DebugMon_Handler
    startup_stm32f103xe.o(RESET) refers to stm32f1xx_it.o(i.SysTick_Handler) for SysTick_Handler
    startup_stm32f103xe.o(RESET) refers to stm32f1xx_it.o(i.DMA1_Channel6_IRQHandler) for DMA1_Channel6_IRQHandler
    startup_stm32f103xe.o(RESET) refers to stm32f1xx_it.o(i.DMA1_Channel7_IRQHandler) for DMA1_Channel7_IRQHandler
    startup_stm32f103xe.o(RESET) refers to stm32f1xx_it.o(i.SPI1_IRQHandler) for SPI1_IRQHandler
    startup_stm32f103xe.o(RESET) refers to stm32f1xx_it.o(i.USART1_IRQHandler) for USART1_IRQHandler
    startup_stm32f103xe.o(RESET) refers to stm32f1xx_it.o(i.USART2_IRQHandler) for USART2_IRQHandler
    startup_stm32f103xe.o(.text) refers to system_stm32f1xx.o(i.SystemInit) for SystemInit
    startup_stm32f103xe.o(.text) refers to entry.o(.ARM.Collect$$$$00000000) for __main
    strategy.o(i.Exe_Strategy_Type_Route) refers to stm32f1xx_hal_gpio.o(i.HAL_GPIO_ReadPin) for HAL_GPIO_ReadPin
    strategy.o(i.Exe_Strategy_Type_Route) refers to relay.o(i.Motor_Reverses) for Motor_Reverses
    strategy.o(i.Exe_Strategy_Type_Route) refers to relay.o(i.Motor_Stop) for Motor_Stop
    strategy.o(i.Exe_Strategy_Type_Route) refers to relay.o(i.Motor_Forward) for Motor_Forward
    strategy.o(i.Exe_Strategy_Type_Route) refers to relay.o(.data) for G_New_Mode
    strategy.o(i.Exe_Strategy_Type_Route) refers to lcd12864_display_menu_set_strategy.o(.bss) for G_Strategy
    strategy.o(i.Exe_Strategy_Type_Temp) refers to stm32f1xx_hal_gpio.o(i.HAL_GPIO_ReadPin) for HAL_GPIO_ReadPin
    strategy.o(i.Exe_Strategy_Type_Temp) refers to ffltui.o(.text) for __aeabi_ui2f
    strategy.o(i.Exe_Strategy_Type_Temp) refers to fdiv.o(.text) for __aeabi_fdiv
    strategy.o(i.Exe_Strategy_Type_Temp) refers to cfrcmple.o(.text) for __aeabi_cfrcmple
    strategy.o(i.Exe_Strategy_Type_Temp) refers to relay.o(i.Motor_Forward) for Motor_Forward
    strategy.o(i.Exe_Strategy_Type_Temp) refers to cfcmple.o(.text) for __aeabi_cfcmple
    strategy.o(i.Exe_Strategy_Type_Temp) refers to relay.o(i.Motor_Reverses) for Motor_Reverses
    strategy.o(i.Exe_Strategy_Type_Temp) refers to relay.o(i.Motor_Stop) for Motor_Stop
    strategy.o(i.Exe_Strategy_Type_Temp) refers to 24c0x.o(.data) for G_Delay_Inspection
    strategy.o(i.Exe_Strategy_Type_Temp) refers to relay.o(.data) for G_Now_Route
    strategy.o(i.Exe_Strategy_Type_Temp) refers to lcd12864_display_menu_set_strategy.o(.bss) for G_Strategy
    strategy.o(i.Exe_Strategy_Type_Temp) refers to humi.o(.data) for temp
    strategy.o(i.Init_Strategy) refers to 24c0x.o(i.AT24CXX_Write) for AT24CXX_Write
    strategy.o(i.Init_Strategy) refers to 24c0x.o(i.AT24CXX_Read) for AT24CXX_Read
    strategy.o(i.Init_Strategy) refers to printfa.o(i.__0printf) for __2printf
    strategy.o(i.Init_Strategy) refers to lcd12864_display_menu_set_strategy_info.o(.bss) for S_Strategy
    strategy.o(i.Init_Strategy) refers to lcd12864_display_menu_set_strategy.o(.bss) for G_Strategy
    strategy.o(i.Start_Strategy_Task) refers to cmsis_os.o(i.osDelay) for osDelay
    strategy.o(i.Start_Strategy_Task) refers to stm32f1xx_hal_rtc.o(i.HAL_RTC_GetTime) for HAL_RTC_GetTime
    strategy.o(i.Start_Strategy_Task) refers to lcd12864.o(i.LCD12864_Put_Str_At_Present_Mode) for LCD12864_Put_Str_At_Present_Mode
    strategy.o(i.Start_Strategy_Task) refers to strategy.o(i.Exe_Strategy_Type_Route) for Exe_Strategy_Type_Route
    strategy.o(i.Start_Strategy_Task) refers to strategy.o(i.Exe_Strategy_Type_Temp) for Exe_Strategy_Type_Temp
    strategy.o(i.Start_Strategy_Task) refers to lcd12864_display_menu_set_strategy.o(.bss) for G_Strategy
    strategy.o(i.Start_Strategy_Task) refers to relay.o(.data) for G_New_Mode
    strategy.o(i.Start_Strategy_Task) refers to main.o(.bss) for hrtc
    strategy.o(i.Start_Strategy_Task) refers to lcd12864.o(.data) for Now_page
    gprs.o(i.GPRS_AT) refers to uart.o(i.Send_To_Uart2_Str) for Send_To_Uart2_Str
    gprs.o(i.GPRS_AT) refers to strstr.o(.text) for strstr
[...]
    __0sprintf                               0x0800919d   Thumb Code    34  printfa.o(i.__0sprintf)
    __1sprintf                               0x0800919d   Thumb Code     0  printfa.o(i.__0sprintf)
    __2sprintf                               0x0800919d   Thumb Code     0  printfa.o(i.__0sprintf)
    __c89sprintf                             0x0800919d   Thumb Code     0  printfa.o(i.__0sprintf)
    sprintf                                  0x0800919d   Thumb Code     0  printfa.o(i.__0sprintf)
    __aeabi_errno_addr                       0x080091c5   Thumb Code     4  errno.o(i.__aeabi_errno_addr)
    __rt_errno_addr                          0x080091c5   Thumb Code     0  errno.o(i.__aeabi_errno_addr)
    __scatterload_copy                       0x080091cd   Thumb Code    14  handlers.o(i.__scatterload_copy)
    __scatterload_null                       0x080091db   Thumb Code     2  handlers.o(i.__scatterload_null)
    __scatterload_zeroinit                   0x080091dd   Thumb Code    14  handlers.o(i.__scatterload_zeroinit)
    _is_digit                                0x08009371   Thumb Code    14  scanf_fp.o(i._is_digit)
    cJSON_AddItemToArray                     0x08009ae5   Thumb Code    30  cjson.o(i.cJSON_AddItemToArray)
    cJSON_AddItemToObject                    0x08009b05   Thumb Code    38  cjson.o(i.cJSON_AddItemToObject)
    cJSON_AddItemToObjectCS                  0x08009b31   Thumb Code    54  cjson.o(i.cJSON_AddItemToObjectCS)
    cJSON_CreateObject                       0x08009b6d   Thumb Code    18  cjson.o(i.cJSON_CreateObject)
    cJSON_CreateString                       0x08009b85   Thumb Code    44  cjson.o(i.cJSON_CreateString)
    cJSON_Delete                             0x08009bb5   Thumb Code    66  cjson.o(i.cJSON_Delete)
    cJSON_GetObjectItem                      0x08009bfd   Thumb Code     6  cjson.o(i.cJSON_GetObjectItem)
    cJSON_Parse                              0x08009c19   Thumb Code     8  cjson.o(i.cJSON_Parse)
    cJSON_ParseWithOpts                      0x08009c21   Thumb Code   176  cjson.o(i.cJSON_ParseWithOpts)
    cJSON_Print                              0x08009cd5   Thumb Code     8  cjson.o(i.cJSON_Print)
    cJSON_PrintUnformatted                   0x08009ce1   Thumb Code     8  cjson.o(i.cJSON_PrintUnformatted)
    delay_us                                 0x08009d15   Thumb Code    62  delay.o(i.delay_us)
    eTaskGetState                            0x08009d59   Thumb Code    94  tasks.o(i.eTaskGetState)
    fputc                                    0x08009e4d   Thumb Code    30  main.o(i.fputc)
    free                                     0x08009e71   Thumb Code    76  malloc.o(i.free)
    init_OneNet_Pack                         0x08009f3d   Thumb Code   318  mqtt.o(i.init_OneNet_Pack)
    init_OneNet_Temp_Humi_F_R_Pack           0x0800a0bd   Thumb Code   136  sim800c_send_state_data.o(i.init_OneNet_Temp_Humi_F_R_Pack)
    init_OneNet_Version_Information_Pack     0x0800a195   Thumb Code   260  board_info.o(i.init_OneNet_Version_Information_Pack)
    init_Sim800C                             0x0800a32d   Thumb Code   214  sim800c.o(i.init_Sim800C)
    main                                     0x0800a4a1   Thumb Code   124  main.o(i.main)
    mem_free                                 0x0800a535   Thumb Code    58  malloc.o(i.mem_free)
    mem_init                                 0x0800a575   Thumb Code    34  malloc.o(i.mem_init)
    mem_malloc                               0x0800a59d   Thumb Code    88  malloc.o(i.mem_malloc)
    mem_perused                              0x0800a5f9   Thumb Code    40  malloc.o(i.mem_perused)
    myfree                                   0x0800a625   Thumb Code    16  malloc.o(i.myfree)
    mymalloc                                 0x0800a639   Thumb Code    22  malloc.o(i.mymalloc)
    mymemcpy                                 0x0800a655   Thumb Code    18  malloc.o(i.mymemcpy)
    mymemset                                 0x0800a669   Thumb Code    14  malloc.o(i.mymemset)
    myrealloc                                0x0800a679   Thumb Code    48  malloc.o(i.myrealloc)
    osDelay                                  0x0800a6ad   Thumb Code    14  cmsis_os.o(i.osDelay)
    osKernelStart                            0x0800a6bb   Thumb Code    10  cmsis_os.o(i.osKernelStart)
    osSystickHandler                         0x0800a6c5   Thumb Code    20  cmsis_os.o(i.osSystickHandler)
    osThreadCreate                           0x0800a6d9   Thumb Code    46  cmsis_os.o(i.osThreadCreate)
    osThreadTerminate                        0x0800a707   Thumb Code    10  cmsis_os.o(i.osThreadTerminate)
    pvPortMalloc                             0x0800b5c5   Thumb Code   210  heap_4.o(i.pvPortMalloc)
    pvTaskIncrementMutexHeldCount            0x0800b69d   Thumb Code    18  tasks.o(i.pvTaskIncrementMutexHeldCount)
    pxPortInitialiseStack                    0x0800b6b5   Thumb Code    32  port.o(i.pxPortInitialiseStack)
    reset_Sim800C                            0x0800b6d9   Thumb Code    76  sim800c.o(i.reset_Sim800C)
    strtod                                   0x0800b739   Thumb Code    28  strtod.o(i.strtod)
    uxListRemove                             0x0800b843   Thumb Code    36  list.o(i.uxListRemove)
    vListInitialise                          0x0800b867   Thumb Code    22  list.o(i.vListInitialise)
    vListInitialiseItem                      0x0800b87d   Thumb Code     6  list.o(i.vListInitialiseItem)
    vListInsert                              0x0800b883   Thumb Code    48  list.o(i.vListInsert)
    vListInsertEnd                           0x0800b8b3   Thumb Code    24  list.o(i.vListInsertEnd)
    vPortEnterCritical                       0x0800b8cd   Thumb Code    54  port.o(i.vPortEnterCritical)
    vPortExitCritical                        0x0800b90d   Thumb Code    34  port.o(i.vPortExitCritical)
    vPortFree                                0x0800b935   Thumb Code    88  heap_4.o(i.vPortFree)
    vPortSetupTimerInterrupt                 0x0800b991   Thumb Code    26  port.o(i.vPortSetupTimerInterrupt)
    vPortValidateInterruptPriority           0x0800b9b1   Thumb Code    74  port.o(i.vPortValidateInterruptPriority)
    vTaskDelay                               0x0800ba05   Thumb Code    66  tasks.o(i.vTaskDelay)
    vTaskDelete                              0x0800ba51   Thumb Code   158  tasks.o(i.vTaskDelete)
    vTaskGetInfo                             0x0800bafd   Thumb Code   116  tasks.o(i.vTaskGetInfo)
    vTaskMissedYield                         0x0800bb75   Thumb Code     8  tasks.o(i.vTaskMissedYield)
    vTaskPlaceOnEventList                    0x0800bb81   Thumb Code    44  tasks.o(i.vTaskPlaceOnEventList)
    vTaskPriorityInherit                     0x0800bbb1   Thumb Code   124  tasks.o(i.vTaskPriorityInherit)
    vTaskResume                              0x0800bc35   Thumb Code   112  tasks.o(i.vTaskResume)
    vTaskSetTimeOutState                     0x0800bcb1   Thumb Code    30  tasks.o(i.vTaskSetTimeOutState)
    vTaskStartScheduler                      0x0800bcd5   Thumb Code    86  tasks.o(i.vTaskStartScheduler)
    vTaskSuspend                             0x0800bd3d   Thumb Code   162  tasks.o(i.vTaskSuspend)
    vTaskSuspendAll                          0x0800bded   Thumb Code    10  tasks.o(i.vTaskSuspendAll)
    vTaskSwitchContext                       0x0800bdfd   Thumb Code    82  tasks.o(i.vTaskSwitchContext)
    xPortGetFreeHeapSize                     0x0800be59   Thumb Code     6  heap_4.o(i.xPortGetFreeHeapSize)
    xPortStartScheduler                      0x0800be65   Thumb Code   102  port.o(i.xPortStartScheduler)
    xPortSysTickHandler                      0x0800bed9   Thumb Code    38  port.o(i.xPortSysTickHandler)
    xQueueCreateMutex                        0x0800bf05   Thumb Code    36  queue.o(i.xQueueCreateMutex)
    xQueueGenericCreate                      0x0800bf29   Thumb Code    82  queue.o(i.xQueueGenericCreate)
    xQueueGenericReceive                     0x0800bf7d   Thumb Code   360  queue.o(i.xQueueGenericReceive)
    xQueueGenericReset                       0x0800c0e9   Thumb Code   132  queue.o(i.xQueueGenericReset)
    xQueueGenericSend                        0x0800c171   Thumb Code   346  queue.o(i.xQueueGenericSend)
    xQueueGiveFromISR                        0x0800c2d1   Thumb Code   156  queue.o(i.xQueueGiveFromISR)
    xTaskCheckForTimeOut                     0x0800c36d   Thumb Code   102  tasks.o(i.xTaskCheckForTimeOut)
    xTaskCreate                              0x0800c3d9   Thumb Code    86  tasks.o(i.xTaskCreate)
    xTaskGenericNotify                       0x0800c431   Thumb Code   190  tasks.o(i.xTaskGenericNotify)
    xTaskGetSchedulerState                   0x0800c4fd   Thumb Code    22  tasks.o(i.xTaskGetSchedulerState)
    xTaskIncrementTick                       0x0800c519   Thumb Code   192  tasks.o(i.xTaskIncrementTick)
    xTaskNotifyWait                          0x0800c5e1   Thumb Code   130  tasks.o(i.xTaskNotifyWait)
    xTaskPriorityDisinherit                  0x0800c66d   Thumb Code   144  tasks.o(i.xTaskPriorityDisinherit)
    xTaskRemoveFromEventList                 0x0800c705   Thumb Code   108  tasks.o(i.xTaskRemoveFromEventList)
    xTaskResumeAll                           0x0800c779   Thumb Code   182  tasks.o(i.xTaskResumeAll)
    AHBPrescTable                            0x0800c8f0   Data          16  system_stm32f1xx.o(.constdata)
    APBPrescTable                            0x0800c900   Data           8  system_stm32f1xx.o(.constdata)
    __internal_lconv                         0x0800cae8   Data          56  ilconv.o(.constdata)
    __ctype_table                            0x0800cb20   Data         129  ctype_o.o(.constdata)
    Region$$Table$$Base                      0x0800cdf4   Number         0  anon$$obj.o(Region$$Table)
    Region$$Table$$Limit                     0x0800ce14   Number         0  anon$$obj.o(Region$$Table)
    defaultTaskHandle                        0x20000000   Data           4  main.o(.data)
    Start_LED_TaskHandle                     0x20000004   Data           4  main.o(.data)
    Start_HUMI_TaskHandle                    0x20000008   Data           4  main.o(.data)
    Start_Delete_TaskHandle                  0x2000000c   Data           4  main.o(.data)
    Start_Strategy_TaskHandle                0x20000010   Data           4  main.o(.data)
    Start_LCD12864_TaskHandle                0x20000014   Data           4  main.o(.data)
    Start_BUTTON_TaskHandle                  0x20000018   Data           4  main.o(.data)
    xSemaphore                               0x2000001c   Data           4  main.o(.data)
    Start_SIM800C_TaskHandle                 0x20000020   Data           4  main.o(.data)
    G_Delete_Task_struct                     0x20000024   Data           8  main.o(.data)
    USER_Driver                              0x20000030   Data          20  user_diskio.o(.data)
    retUSER                                  0x20000044   Data           1  fatfs.o(.data)
    USERPath                                 0x20000045   Data           4  fatfs.o(.data)
    mallco_dev                               0x2000004c   Data          20  malloc.o(.data)
    uwTickFreq                               0x20000060   Data           1  stm32f1xx_hal.o(.data)
    uwTickPrio                               0x20000064   Data           4  stm32f1xx_hal.o(.data)
    uwTick                                   0x20000068   Data           4  stm32f1xx_hal.o(.data)
    Uart1_Rx_Cnt                             0x2000006c   Data           1  uart.o(.data)
    aRxBuffer                                0x2000006d   Data           1  uart.o(.data)
    SystemCoreClock                          0x20000070   Data           4  system_stm32f1xx.o(.data)
    pxCurrentTCB                             0x20000098   Data           4  tasks.o(.data)
    ScanButtonTaskHandle                     0x200000d4   Data           4  button.o(.data)
    ButtonExeTaskHandle                      0x200000d8   Data           4  button.o(.data)
    Now_page                                 0x200000dc   Data           1  lcd12864.o(.data)
    Start_LCD12864_HUMI_TaskHandle           0x200000e0   Data           4  lcd12864.o(.data)
    Start_LCD12864_Menu_TaskHandle           0x200000e4   Data           4  lcd12864.o(.data)
    Welcome_type                             0x200000e8   Data         560  typeface.o(.data)
    Signal_Strength                          0x20000318   Data          64  typeface.o(.data)
    Chinese_Menu_Type                        0x20000358   Data        1696  typeface.o(.data)
    Symbol_number                            0x200009f8   Data         768  typeface.o(.data)
    Symbol                                   0x20000cf8   Data          96  typeface.o(.data)
    ASCIIchardot                             0x20000d58   Data        1456  typeface.o(.data)
    G_Beyond_Route_Mask                      0x2000130c   Data           1  monitor_in1.o(.data)
    G_New_Mode                               0x20001310   Data           1  relay.o(.data)
    G_Stroking_Cycle                         0x20001311   Data           1  relay.o(.data)
    G_Max_Route                              0x20001312   Data           2  relay.o(.data)
    G_Now_Route                              0x20001314   Data           2  relay.o(.data)
    G_Old_Route                              0x20001316   Data           2  relay.o(.data)
    Start_Check_Stroking_Cycle_TaskHandle    0x20001318   Data           4  relay.o(.data)
    Start_Monitor_IN1_TaskHandle             0x2000131c   Data           4  relay.o(.data)
    Start_Relay_TaskHandle                   0x20001320   Data           4  relay.o(.data)
    Start_LCD12864_Set_Strategy_TaskHandle   0x20001328   Data           4  lcd12864_display_menu_set_strategy.o(.data)
    G_Delay_Inspection                       0x2000132c   Data           2  24c0x.o(.data)
    Start_LCD12864_HUMI_Compensation_TaskHandle 0x20001338   Data           4  lcd12864_display_menu_humi_compensation.o(.data)
    Start_LCD12864_Max_Route_TaskHandle      0x20001340   Data           4  lcd12864_display_menu_max_route.o(.data)
    Start_LCD12864_Route_Reset_TaskHandle    0x20001344   Data           4  lcd12864_display_menu_route_reset.o(.data)
    Start_LCD12864_Set_Strategy_Info_TaskHandle 0x2000134c   Data           4  lcd12864_display_menu_set_strategy_info.o(.data)
    Start_LCD12864_Set_Time_TaskHandle       0x20001358   Data           4  lcd12864_display_menu_set_time.o(.data)
    Start_LCD12864_Stroking_Cycle_TaskHandle 0x20001360   Data           4  lcd12864_display_menu_stroking_cycle.o(.data)
    Start_LCD12864_Delay_Inspection_TaskHandle 0x20001368   Data           4  lcd12864_display_menu_delay_inspection.o(.data)
    comp                                     0x2000136c   Data           4  humi.o(.data)
    temp                                     0x20001370   Data           4  humi.o(.data)
    g_rh                                     0x20001374   Data           4  humi.o(.data)
    G_Echo                                   0x20001378   Data           1  led.o(.data)
    Start_RUN_LED_TaskHandle                 0x2000137c   Data           4  led.o(.data)
    G_Sim800C_Signal                         0x20001380   Data           1  sim800c.o(.data)
    Start_Send_State_data_TaskHandle         0x20001384   Data           4  sim800c.o(.data)
    Sim800c_Semaphore                        0x20001388   Data           4  sim800c.o(.data)
    Start_Recv_Onenet_data_TaskHandle        0x2000138c   Data           4  sim800c.o(.data)
    Start_Scheduler_data_Task_TaskHandle     0x20001390   Data           4  sim800c.o(.data)
    Start_Reset_Sim800c_Task_TaskHandle      0x20001394   Data           4  sim800c.o(.data)
    WR_Flag                                  0x20001398   Data           1  am2320.o(.data)
    IIC_TX_Buffer                            0x20001399   Data           3  am2320.o(.data)
    g_init_send                              0x2000139c   Data           1  sim800c_send_state_data.o(.data)
    G_p_index_start                          0x200013a0   Data           4  sim800c_scheduler_data.o(.data)
    G_p_index_end                            0x200013a4   Data           4  sim800c_scheduler_data.o(.data)
    __stdout                                 0x200013bc   Data           4  stdout.o(.data)
    __microlib_freelist                      0x200013c0   Data           4  mvars.o(.data)
    Send_data_recv                           0x200013c8   Data         128  gprs.o(.bss)
    hrtc                                     0x20001448   Data          20  main.o(.bss)
    hspi1                                    0x2000145c   Data          88  main.o(.bss)
    huart1                                   0x200014b4   Data          64  main.o(.bss)
    huart2                                   0x200014f4   Data          64  main.o(.bss)
    hdma_usart2_tx                           0x20001534   Data          68  main.o(.bss)
    hdma_usart2_rx                           0x20001578   Data          68  main.o(.bss)
    membase                                  0x200015bc   Data       16384  malloc.o(.bss)
    memmapbase                               0x200055bc   Data        1024  malloc.o(.bss)
    pData                                    0x200059bc   Data         256  uart.o(.bss)
    Uart1_RxBuff                             0x20005abc   Data          64  uart.o(.bss)
    disk                                     0x20005afc   Data          12  ff_gen_drv.o(.bss)
    G_Strategy                               0x2000abf8   Data          96  lcd12864_display_menu_set_strategy.o(.bss)
    S_Strategy                               0x2000ac58   Data          96  lcd12864_display_menu_set_strategy_info.o(.bss)
    IIC_RX_Buffer                            0x2000acb8   Data          15  am2320.o(.bss)
    G_Version_Information                    0x2000acc7   Data          50  board_info.o(.bss)
    Recv_cmd_data                            0x2000acf9   Data         512  sim800c_recv_onenet_data.o(.bss)
    G_Connect_Pack                           0x2000aefc   Data         118  mqtt.o(.bss)
    G_Send_Pack                              0x2000af74   Data          28  mqtt.o(.bss)
    g_send_Onenet_buf                        0x2000af90   Data        1024  mqtt.o(.bss)
    __initial_sp                             0x2000b790   Data           0  startup_stm32f103xe.o(STACK)



==============================================================================

Memory Map of the image

  Image Entry point : 0x08000131

  Load Region LR_IROM1 (Base: 0x08000000, Size: 0x0000e1dc, Max: 0x00040000, ABSOLUTE, COMPRESSED[0x0000d964])

    Execution Region ER_IROM1 (Exec base: 0x08000000, Load base: 0x08000000, Size: 0x0000ce14, Max: 0x00040000, ABSOLUTE)

    Exec Addr    Load Addr    Size         Type   Attr      Idx    E Section Name        Object

    0x08000000   0x08000000   0x00000130   Data   RO            3    RESET               startup_stm32f103xe.o
    0x08000130   0x08000130   0x00000000   Code   RO         7050  * .ARM.Collect$$$$00000000  mc_w.l(entry.o)
    0x08000130   0x08000130   0x00000004   Code   RO         7404    .ARM.Collect$$$$00000001  mc_w.l(entry2.o)
    0x08000134   0x08000134   0x00000004   Code   RO         7407    .ARM.Collect$$$$00000004  mc_w.l(entry5.o)
    0x08000138   0x08000138   0x00000000   Code   RO         7409    .ARM.Collect$$$$00000008  mc_w.l(entry7b.o)
    0x08000138   0x08000138   0x00000000   Code   RO         7411    .ARM.Collect$$$$0000000A  mc_w.l(entry8b.o)
    0x08000138   0x08000138   0x00000008   Code   RO         7412    .ARM.Collect$$$$0000000B  mc_w.l(entry9a.o)
    0x08000140   0x08000140   0x00000000   Code   RO         7414    .ARM.Collect$$$$0000000D  mc_w.l(entry10a.o)
    0x08000140   0x08000140   0x00000000   Code   RO         7416    .ARM.Collect$$$$0000000F  mc_w.l(entry11a.o)
    0x08000140   0x08000140   0x00000004   Code   RO         7405    .ARM.Collect$$$$00002712  mc_w.l(entry2.o)
    0x08000144   0x08000144   0x00000096   Code   RO         3526    .emb_text           port.o
    0x080001da   0x080001da   0x00000002   PAD
    0x080001dc   0x080001dc   0x00000024   Code   RO            4    .text               startup_stm32f103xe.o
    0x08000200   0x08000200   0x00000020   Code   RO         7053    .text               mc_w.l(llushr.o)
    0x08000220   0x08000220   0x0000000c   Code   RO         7055    .text               mc_w.l(tolower.o)
    0x0800022c   0x0800022c   0x00000008   Code   RO         7057    .text               mc_w.l(localeconv.o)
    0x08000234   0x08000234   0x00000024   Code   RO         7059    .text               mc_w.l(memcpya.o)
    0x08000258   0x08000258   0x00000024   Code   RO         7061    .text               mc_w.l(memseta.o)
    0x0800027c   0x0800027c   0x00000024   Code   RO         7065    .text               mc_w.l(strstr.o)
    0x080002a0   0x080002a0   0x00000018   Code   RO         7067    .text               mc_w.l(strncpy.o)
    0x080002b8   0x080002b8   0x0000000e   Code   RO         7069    .text               mc_w.l(strlen.o)
    0x080002c6   0x080002c6   0x0000001c   Code   RO         7071    .text               mc_w.l(strcmp.o)
    0x080002e2   0x080002e2   0x00000012   Code   RO         7073    .text               mc_w.l(strcpy.o)
    0x080002f4   0x080002f4   0x0000001e   Code   RO         7075    .text               mc_w.l(strncmp.o)
    0x08000312   0x08000312   0x00000002   PAD
    0x08000314   0x08000314   0x00000038   Code   RO         7368    .text               mc_w.l(__0sscanf.o)
    0x0800034c   0x0800034c   0x00000360   Code   RO         7370    .text               mc_w.l(scanf_fp.o)
    0x080006ac   0x080006ac   0x0000001a   Code   RO         7374    .text               mc_w.l(atoi.o)
    0x080006c6   0x080006c6   0x000000b0   Code   RO         7376    .text               mf_w.l(fadd.o)
    0x08000776   0x08000776   0x00000064   Code   RO         7378    .text               mf_w.l(fmul.o)
    0x080007da   0x080007da   0x0000007c   Code   RO         7380    .text               mf_w.l(fdiv.o)
    0x08000856   0x08000856   0x00000012   Code   RO         7382    .text               mf_w.l(fflti.o)
    0x08000868   0x08000868   0x0000000a   Code   RO         7384    .text               mf_w.l(ffltui.o)
    0x08000872   0x08000872   0x00000032   Code   RO         7388    .text               mf_w.l(ffixi.o)
    0x080008a4   0x080008a4   0x00000028   Code   RO         7390    .text               mf_w.l(ffixui.o)
    0x080008cc   0x080008cc   0x0000003e   Code   RO         7392    .text               mf_w.l(dfixi.o)
    0x0800090a   0x0800090a   0x00000002   PAD
    0x0800090c   0x0800090c   0x00000030   Code   RO         7396    .text               mf_w.l(cdcmple.o)
    0x0800093c   0x0800093c   0x00000030   Code   RO         7398    .text               mf_w.l(cdrcmple.o)
    0x0800096c   0x0800096c   0x00000014   Code   RO         7400    .text               mf_w.l(cfcmple.o)
    0x08000980   0x08000980   0x00000014   Code   RO         7402    .text               mf_w.l(cfrcmple.o)
    0x08000994   0x08000994   0x0000002c   Code   RO         7419    .text               mc_w.l(uidiv.o)
    0x080009c0   0x080009c0   0x00000062   Code   RO         7421    .text               mc_w.l(uldiv.o)
    0x08000a22   0x08000a22   0x00000002   PAD
    0x08000a24   0x08000a24   0x00000028   Code   RO         7434    .text               mc_w.l(scanf_char.o)
    0x08000a4c   0x08000a4c   0x00000040   Code   RO         7436    .text               mc_w.l(_sgetc.o)
    0x08000a8c   0x08000a8c   0x0000009c   Code   RO         7438    .text               mc_w.l(strtod.o)
    0x08000b28   0x08000b28   0x00000070   Code   RO         7440    .text               mc_w.l(strtol.o)
    0x08000b98   0x08000b98   0x00000000   Code   RO         7442    .text               mc_w.l(iusefp.o)
    0x08000b98   0x08000b98   0x0000006e   Code   RO         7443    .text               mf_w.l(fepilogue.o)
    0x08000c06   0x08000c06   0x000000ba   Code   RO         7445    .text               mf_w.l(depilogue.o)
    0x08000cc0   0x08000cc0   0x0000014e   Code   RO         7447    .text               mf_w.l(dadd.o)
    0x08000e0e   0x08000e0e   0x000000e4   Code   RO         7449    .text               mf_w.l(dmul.o)
    0x08000ef2   0x08000ef2   0x000000de   Code   RO         7451    .text               mf_w.l(ddiv.o)
    0x08000fd0   0x08000fd0   0x00000018   Code   RO         7453    .text               mf_w.l(dfltul.o)
    0x08000fe8   0x08000fe8   0x00000030   Code   RO         7455    .text               mf_w.l(dfixul.o)
    0x08001018   0x08001018   0x00000038   Code   RO         7457    .text               mf_w.l(d2f.o)
    0x08001050   0x08001050   0x00000024   Code   RO         7459    .text               mc_w.l(init.o)
    0x08001074   0x08001074   0x0000001e   Code   RO         7461    .text               mc_w.l(llshl.o)
    0x08001092   0x08001092   0x00000024   Code   RO         7463    .text               mc_w.l(llsshr.o)
    0x080010b6   0x080010b6   0x00000002   PAD
    0x080010b8   0x080010b8   0x00000008   Code   RO         7467    .text               mc_w.l(ctype_o.o)
    0x080010c0   0x080010c0   0x00000012   Code   RO         7489    .text               mc_w.l(isspace_o.o)
    0x080010d2   0x080010d2   0x00000002   PAD
    0x080010d4   0x080010d4   0x0000032c   Code   RO         7495    .text               mc_w.l(_scanf.o)
    0x08001400   0x08001400   0x0000009e   Code   RO         7497    .text               mc_w.l(_strtoul.o)
    0x0800149e   0x0800149e   0x0000001c   Code   RO         7502    .text               mc_w.l(_chval.o)
    0x080014ba   0x080014ba   0x00000056   Code   RO         7512    .text               mc_w.l(__dczerorl2.o)
    0x08001510   0x08001510   0x000000a4   Code   RO         6176    i.AM2320_Get_TempResistor  am2320.o
    0x080015b4   0x080015b4   0x00000022   Code   RO         5261    i.AT24CXX_Read      24c0x.o
    0x080015d6   0x080015d6   0x00000056   Code   RO         5263    i.AT24CXX_ReadOneByte  24c0x.o
    0x0800162c   0x0800162c   0x00000020   Code   RO         5264    i.AT24CXX_Write     24c0x.o
    0x0800164c   0x0800164c   0x0000004e   Code   RO         5266    i.AT24CXX_WriteOneByte  24c0x.o
    0x0800169a   0x0800169a   0x00000002   Code   RO          718    i.BusFault_Handler  stm32f1xx_it.o
    0x0800169c   0x0800169c   0x000001f4   Code   RO         4595    i.Button_Exe_Task   button.o
    0x08001890   0x08001890   0x00000028   Code   RO         4645    i.Buzzer_ONE_Cycle  buzzer.o
    0x080018b8   0x080018b8   0x00000028   Code   RO         4646    i.Buzzer_TWO_Cycle  buzzer.o
    0x080018e0   0x080018e0   0x00000032   Code   RO         6177    i.CRC16             am2320.o
    0x08001912   0x08001912   0x0000002e   Code   RO         6178    i.CheckCRC          am2320.o
    0x08001940   0x08001940   0x00000080   Code   RO         6245    i.Check_Board_Info  board_info.o
    0x080019c0   0x080019c0   0x000000d8   Code   RO         6246    i.Check_Date_Of_Manufacture  board_info.o
    0x08001a98   0x08001a98   0x00000044   Code   RO         5267    i.Check_Delay_Inspection  24c0x.o
    0x08001adc   0x08001adc   0x000000d4   Code   RO         6247    i.Check_Device_ID   board_info.o
    0x08001bb0   0x08001bb0   0x0000000e   Code   RO         6248    i.Check_Device_Type  board_info.o
    0x08001bbe   0x08001bbe   0x00000002   PAD
    0x08001bc0   0x08001bc0   0x000000cc   Code   RO         6249    i.Check_Hardware_Versions  board_info.o
    0x08001c8c   0x08001c8c   0x0000003c   Code   RO         6250    i.Check_Master_Control  board_info.o
    0x08001cc8   0x08001cc8   0x00000070   Code   RO         5062    i.Check_Max_And_Now_Route  relay.o
    0x08001d38   0x08001d38   0x000000d8   Code   RO         6251    i.Check_Serial_Number  board_info.o
    0x08001e10   0x08001e10   0x000000d8   Code   RO         6252    i.Check_Soft_Versions  board_info.o
    0x08001ee8   0x08001ee8   0x0000001e   Code   RO         6253    i.Check_Str_Number  board_info.o
    0x08001f06   0x08001f06   0x00000002   PAD
    0x08001f08   0x08001f08   0x00000064   Code   RO          363    i.Check_Strategy    main.o
    0x08001f6c   0x08001f6c   0x00000028   Code   RO         5063    i.Check_Stroking_Cycle  relay.o
    0x08001f94   0x08001f94   0x00000014   Code   RO         6179    i.Clear_Data        am2320.o
    0x08001fa8   0x08001fa8   0x00000100   Code   RO         6488    i.Connect_OneNet    mqtt.o
    0x080020a8   0x080020a8   0x000000ec   Code   RO         6489    i.Create_Send_Pack  mqtt.o
    0x08002194   0x08002194   0x0000000c   Code   RO          719    i.DMA1_Channel6_IRQHandler  stm32f1xx_it.o
    0x080021a0   0x080021a0   0x0000000c   Code   RO          720    i.DMA1_Channel7_IRQHandler  stm32f1xx_it.o
    0x080021ac   0x080021ac   0x0000002a   Code   RO         2348    i.DMA_SetConfig     stm32f1xx_hal_dma.o
    0x080021d6   0x080021d6   0x00000002   Code   RO          721    i.DebugMon_Handler  stm32f1xx_it.o
    0x080021d8   0x080021d8   0x00000138   Code   RO         5420    i.Dispose_Function_Key  lcd12864_display_menu.o
    0x08002310   0x08002310   0x00000080   Code   RO           13    i.Exe_Strategy_Type_Route  strategy.o
    0x08002390   0x08002390   0x00000180   Code   RO           14    i.Exe_Strategy_Type_Temp  strategy.o
    0x08002510   0x08002510   0x00000006   Code   RO         3418    i.FATFS_LinkDriver  ff_gen_drv.o
    0x08002516   0x08002516   0x00000002   PAD
    0x08002518   0x08002518   0x00000040   Code   RO         3419    i.FATFS_LinkDriverEx  ff_gen_drv.o
    0x08002558   0x08002558   0x00000028   Code   RO          278    i.GPRS_AT           gprs.o
    0x08002580   0x08002580   0x00000018   Code   RO          279    i.GPRS_ATE0         gprs.o
    0x08002598   0x08002598   0x00000038   Code   RO          280    i.GPRS_AT_CGATT     gprs.o
    0x080025d0   0x080025d0   0x0000003c   Code   RO          281    i.GPRS_AT_CGDCONT   gprs.o
    0x0800260c   0x0800260c   0x00000038   Code   RO          282    i.GPRS_AT_CIPCSGP   gprs.o
    0x08002644   0x08002644   0x0000003c   Code   RO          283    i.GPRS_AT_CIPSEND   gprs.o
    0x08002680   0x08002680   0x00000088   Code   RO          284    i.GPRS_AT_CIPSTART  gprs.o
    0x08002708   0x08002708   0x00000030   Code   RO          285    i.GPRS_AT_CIPSTATUS  gprs.o
    0x08002738   0x08002738   0x0000001c   Code   RO          286    i.GPRS_AT_CSQ       gprs.o
    0x08002754   0x08002754   0x00000040   Code   RO         5064    i.G_Route_Reset     relay.o
    0x08002794   0x08002794   0x00000020   Code   RO         6490    i.Get_Sim800C_Signal  mqtt.o
    0x080027b4   0x080027b4   0x00000030   Code   RO         2349    i.HAL_DMA_Abort     stm32f1xx_hal_dma.o
    0x080027e4   0x080027e4   0x00000130   Code   RO         2350    i.HAL_DMA_Abort_IT  stm32f1xx_hal_dma.o
    0x08002914   0x08002914   0x00000248   Code   RO         2354    i.HAL_DMA_IRQHandler  stm32f1xx_hal_dma.o
    0x08002b5c   0x08002b5c   0x00000084   Code   RO         2355    i.HAL_DMA_Init      stm32f1xx_hal_dma.o
    0x08002be0   0x08002be0   0x00000070   Code   RO         2359    i.HAL_DMA_Start_IT  stm32f1xx_hal_dma.o
    0x08002c50   0x08002c50   0x000001e8   Code   RO         2285    i.HAL_GPIO_Init     stm32f1xx_hal_gpio.o
    0x08002e38   0x08002e38   0x0000000a   Code   RO         2287    i.HAL_GPIO_ReadPin  stm32f1xx_hal_gpio.o
    0x08002e42   0x08002e42   0x0000000a   Code   RO         2289    i.HAL_GPIO_WritePin  stm32f1xx_hal_gpio.o
    0x08002e4c   0x08002e4c   0x0000000c   Code   RO         1996    i.HAL_GetTick       stm32f1xx_hal.o
    0x08002e58   0x08002e58   0x00000010   Code   RO         2000    i.HAL_IncTick       stm32f1xx_hal.o
    0x08002e68   0x08002e68   0x00000024   Code   RO         2001    i.HAL_Init          stm32f1xx_hal.o
    0x08002e8c   0x08002e8c   0x00000040   Code   RO         2002    i.HAL_InitTick      stm32f1xx_hal.o
    0x08002ecc   0x08002ecc   0x00000090   Code   RO          812    i.HAL_MspInit       stm32f1xx_hal_msp.o
    0x08002f5c   0x08002f5c   0x00000016   Code   RO         2445    i.HAL_NVIC_EnableIRQ  stm32f1xx_hal_cortex.o
    0x08002f72   0x08002f72   0x00000002   PAD
    0x08002f74   0x08002f74   0x00000040   Code   RO         2451    i.HAL_NVIC_SetPriority  stm32f1xx_hal_cortex.o
    0x08002fb4   0x08002fb4   0x00000024   Code   RO         2452    i.HAL_NVIC_SetPriorityGrouping  stm32f1xx_hal_cortex.o
    0x08002fd8   0x08002fd8   0x0000000c   Code   RO         2567    i.HAL_PWR_EnableBkUpAccess  stm32f1xx_hal_pwr.o
    0x08002fe4   0x08002fe4   0x000000d4   Code   RO         2247    i.HAL_RCCEx_GetPeriphCLKFreq  stm32f1xx_hal_rcc_ex.o
    0x080030b8   0x080030b8   0x000000ec   Code   RO         2248    i.HAL_RCCEx_PeriphCLKConfig  stm32f1xx_hal_rcc_ex.o
    0x080031a4   0x080031a4   0x00000154   Code   RO         2145    i.HAL_RCC_ClockConfig  stm32f1xx_hal_rcc.o
    0x080032f8   0x080032f8   0x0000000c   Code   RO         2150    i.HAL_RCC_GetHCLKFreq  stm32f1xx_hal_rcc.o
    0x08003304   0x08003304   0x00000020   Code   RO         2152    i.HAL_RCC_GetPCLK1Freq  stm32f1xx_hal_rcc.o
    0x08003324   0x08003324   0x00000020   Code   RO         2153    i.HAL_RCC_GetPCLK2Freq  stm32f1xx_hal_rcc.o
    0x08003344   0x08003344   0x0000006c   Code   RO         2154    i.HAL_RCC_GetSysClockFreq  stm32f1xx_hal_rcc.o
    0x080033b0   0x080033b0   0x00000304   Code   RO         2157    i.HAL_RCC_OscConfig  stm32f1xx_hal_rcc.o
    0x080036b4   0x080036b4   0x000000d8   Code   RO         1011    i.HAL_RTC_GetTime   stm32f1xx_hal_rtc.o
    0x0800378c   0x0800378c   0x000000a0   Code   RO         1012    i.HAL_RTC_Init      stm32f1xx_hal_rtc.o
    0x0800382c   0x0800382c   0x00000034   Code   RO          814    i.HAL_RTC_MspInit   stm32f1xx_hal_msp.o
    0x08003860   0x08003860   0x000000c4   Code   RO         1018    i.HAL_RTC_SetDate   stm32f1xx_hal_rtc.o
    0x08003924   0x08003924   0x000000ac   Code   RO         1019    i.HAL_RTC_SetTime   stm32f1xx_hal_rtc.o
    0x080039d0   0x080039d0   0x0000003a   Code   RO         1020    i.HAL_RTC_WaitForSynchro  stm32f1xx_hal_rtc.o
    0x08003a0a   0x08003a0a   0x00000002   Code   RO         1283    i.HAL_SPI_ErrorCallback  stm32f1xx_hal_spi.o
    0x08003a0c   0x08003a0c   0x000000c4   Code   RO         1286    i.HAL_SPI_IRQHandler  stm32f1xx_hal_spi.o
    0x08003ad0   0x08003ad0   0x00000082   Code   RO         1599    i.HAL_SPI_Init      stm32f1xx_hal_spi_ex.o
    0x08003b52   0x08003b52   0x00000002   PAD
    0x08003b54   0x08003b54   0x00000068   Code   RO          816    i.HAL_SPI_MspInit   stm32f1xx_hal_msp.o
    0x08003bbc   0x08003bbc   0x00000018   Code   RO         2454    i.HAL_SYSTICK_CLKSourceConfig  stm32f1xx_hal_cortex.o
    0x08003bd4   0x08003bd4   0x00000028   Code   RO         2456    i.HAL_SYSTICK_Config  stm32f1xx_hal_cortex.o
    0x08003bfc   0x08003bfc   0x00000058   Code   RO         1678    i.HAL_UART_DMAStop  stm32f1xx_hal_uart.o
    0x08003c54   0x08003c54   0x00000002   Code   RO         1680    i.HAL_UART_ErrorCallback  stm32f1xx_hal_uart.o
    0x08003c56   0x08003c56   0x00000002   PAD
    0x08003c58   0x08003c58   0x00000110   Code   RO         1683    i.HAL_UART_IRQHandler  stm32f1xx_hal_uart.o
    0x08003d68   0x08003d68   0x00000062   Code   RO         1684    i.HAL_UART_Init     stm32f1xx_hal_uart.o
    0x08003dca   0x08003dca   0x00000002   PAD
    0x08003dcc   0x08003dcc   0x00000128   Code   RO          818    i.HAL_UART_MspInit  stm32f1xx_hal_msp.o
    0x08003ef4   0x08003ef4   0x00000098   Code   RO         1688    i.HAL_UART_Receive_DMA  stm32f1xx_hal_uart.o
    0x08003f8c   0x08003f8c   0x00000052   Code   RO         1689    i.HAL_UART_Receive_IT  stm32f1xx_hal_uart.o
    0x08003fde   0x08003fde   0x00000002   PAD
    0x08003fe0   0x08003fe0   0x00000058   Code   RO         2873    i.HAL_UART_RxCpltCallback  uart.o
    0x08004038   0x08004038   0x00000002   Code   RO         1691    i.HAL_UART_RxHalfCpltCallback  stm32f1xx_hal_uart.o
    0x0800403a   0x0800403a   0x000000ba   Code   RO         1692    i.HAL_UART_Transmit  stm32f1xx_hal_uart.o
    0x080040f4   0x080040f4   0x00000080   Code   RO         1693    i.HAL_UART_Transmit_DMA  stm32f1xx_hal_uart.o
    0x08004174   0x08004174   0x00000002   Code   RO         1695    i.HAL_UART_TxCpltCallback  stm32f1xx_hal_uart.o
    0x08004176   0x08004176   0x00000002   Code   RO         1696    i.HAL_UART_TxHalfCpltCallback  stm32f1xx_hal_uart.o
    0x08004178   0x08004178   0x00000014   Code   RO          722    i.HardFault_Handler  stm32f1xx_it.o
    0x0800418c   0x0800418c   0x00000088   Code   RO         5342    i.IIC_Ack           iic.o
    0x08004214   0x08004214   0x000000c4   Code   RO         5343    i.IIC_Init          iic.o
    0x080042d8   0x080042d8   0x00000088   Code   RO         5344    i.IIC_NAck          iic.o
    0x08004360   0x08004360   0x000000f0   Code   RO         5345    i.IIC_Read_Byte     iic.o
    0x08004450   0x08004450   0x000000cc   Code   RO         5346    i.IIC_Send_Byte     iic.o
    0x0800451c   0x0800451c   0x00000084   Code   RO         5347    i.IIC_Start         iic.o
    0x080045a0   0x080045a0   0x00000084   Code   RO         5348    i.IIC_Stop          iic.o
    0x08004624   0x08004624   0x000000b0   Code   RO         5349    i.IIC_Wait_Ack      iic.o
    0x080046d4   0x080046d4   0x0000002c   Code   RO         5268    i.Init_Delay_Inspection  24c0x.o
    0x08004700   0x08004700   0x0000004c   Code   RO         5945    i.Init_Humi_Comp    humi.o
    0x0800474c   0x0800474c   0x00000054   Code   RO         5065    i.Init_Max_Route    relay.o
    0x080047a0   0x080047a0   0x0000002c   Code   RO         5066    i.Init_Now_Route    relay.o
    0x080047cc   0x080047cc   0x000000a0   Code   RO           15    i.Init_Strategy     strategy.o
    0x0800486c   0x0800486c   0x0000001c   Code   RO         5067    i.Init_Stroking_Cycle  relay.o
    0x08004888   0x08004888   0x00000004   Code   RO         5891    i.LCD12864_Delay_Inspection_Key_Null_Opt  lcd12864_display_menu_delay_inspection.o
    0x0800488c   0x0800488c   0x0000003e   Code   RO         4678    i.LCD12864_Display  lcd12864.o
    0x080048ca   0x080048ca   0x00000002   PAD
    0x080048cc   0x080048cc   0x00000040   Code   RO         4679    i.LCD12864_Display_Clear_Success  lcd12864.o
    0x0800490c   0x0800490c   0x00000072   Code   RO         5892    i.LCD12864_Display_Delay_Inspection_Interior  lcd12864_display_menu_delay_inspection.o
    0x0800497e   0x0800497e   0x00000002   PAD
    0x08004980   0x08004980   0x00000150   Code   RO         5893    i.LCD12864_Display_Delay_Inspection_Page  lcd12864_display_menu_delay_inspection.o
    0x08004ad0   0x08004ad0   0x00000098   Code   RO         5894    i.LCD12864_Display_Delay_Inspection_Refresh  lcd12864_display_menu_delay_inspection.o
    0x08004b68   0x08004b68   0x0000005a   Code   RO         5421    i.LCD12864_Display_Delay_inspection  lcd12864_display_menu.o
    0x08004bc2   0x08004bc2   0x0000005a   Code   RO         5422    i.LCD12864_Display_HUMI_Compensation  lcd12864_display_menu.o
    0x08004c1c   0x08004c1c   0x00000072   Code   RO         5526    i.LCD12864_Display_HUMI_Compensation_Interior  lcd12864_display_menu_humi_compensation.o
    0x08004c8e   0x08004c8e   0x00000002   PAD
    0x08004c90   0x08004c90   0x00000150   Code   RO         5527    i.LCD12864_Display_HUMI_Compensation_Page  lcd12864_display_menu_humi_compensation.o
    0x08004de0   0x08004de0   0x00000110   Code   RO         5528    i.LCD12864_Display_HUMI_Compensation_Refresh  lcd12864_display_menu_humi_compensation.o
    0x08004ef0   0x08004ef0   0x0000005a   Code   RO         5423    i.LCD12864_Display_Max_Route  lcd12864_display_menu.o
    0x08004f4a   0x08004f4a   0x0000006e   Code   RO         5580    i.LCD12864_Display_Max_Route_Add  lcd12864_display_menu_max_route.o
    0x08004fb8   0x08004fb8   0x00000072   Code   RO         5581    i.LCD12864_Display_Max_Route_Interior  lcd12864_display_menu_max_route.o
    0x0800502a   0x0800502a   0x00000002   PAD
    0x0800502c   0x0800502c   0x0000010c   Code   RO         5582    i.LCD12864_Display_Max_Route_Page  lcd12864_display_menu_max_route.o
    0x08005138   0x08005138   0x000000b8   Code   RO         5583    i.LCD12864_Display_Max_Route_Refresh  lcd12864_display_menu_max_route.o
    0x080051f0   0x080051f0   0x00000066   Code   RO         5584    i.LCD12864_Display_Max_Route_Sub  lcd12864_display_menu_max_route.o
    0x08005256   0x08005256   0x00000002   PAD
    0x08005258   0x08005258   0x000000b0   Code   RO         5424    i.LCD12864_Display_Menu  lcd12864_display_menu.o
    0x08005308   0x08005308   0x0000012e   Code   RO         5425    i.LCD12864_Display_Menu_Option_Refresh  lcd12864_display_menu.o
    0x08005436   0x08005436   0x0000006a   Code   RO         5646    i.LCD12864_Display_Now_Route  lcd12864_display_menu_route_reset.o
    0x080054a0   0x080054a0   0x00000060   Code   RO         5647    i.LCD12864_Display_Now_Route_Refresh  lcd12864_display_menu_route_reset.o
    0x08005500   0x08005500   0x0000005a   Code   RO         5427    i.LCD12864_Display_Route_Reset  lcd12864_display_menu.o
    0x0800555a   0x0800555a   0x00000002   PAD
    0x0800555c   0x0800555c   0x000000a4   Code   RO         5648    i.LCD12864_Display_Route_Reset_Page  lcd12864_display_menu_route_reset.o
    0x08005600   0x08005600   0x00000058   Code   RO         5428    i.LCD12864_Display_Set_Strategy  lcd12864_display_menu.o
    0x08005658   0x08005658   0x00000148   Code   RO         5159    i.LCD12864_Display_Set_Strategy_Refresh  lcd12864_display_menu_set_strategy.o
    0x080057a0   0x080057a0   0x0000005a   Code   RO         5429    i.LCD12864_Display_Set_Time  lcd12864_display_menu.o
    0x080057fa   0x080057fa   0x00000066   Code   RO         5782    i.LCD12864_Display_Set_Time_Interior  lcd12864_display_menu_set_time.o
    0x08005860   0x08005860   0x00000144   Code   RO         5783    i.LCD12864_Display_Set_Time_Page  lcd12864_display_menu_set_time.o
    0x080059a4   0x080059a4   0x000001c0   Code   RO         5784    i.LCD12864_Display_Set_Time_Refresh  lcd12864_display_menu_set_time.o
    0x08005b64   0x08005b64   0x0000005a   Code   RO         5430    i.LCD12864_Display_Stroking_Cycle  lcd12864_display_menu.o
    0x08005bbe   0x08005bbe   0x0000004e   Code   RO         5837    i.LCD12864_Display_Stroking_Cycle_Interior  lcd12864_display_menu_stroking_cycle.o
    0x08005c0c   0x08005c0c   0x00000118   Code   RO         5838    i.LCD12864_Display_Stroking_Cycle_Page  lcd12864_display_menu_stroking_cycle.o
    0x08005d24   0x08005d24   0x0000008c   Code   RO         5839    i.LCD12864_Display_Stroking_Cycle_Refresh  lcd12864_display_menu_stroking_cycle.o
    0x08005db0   0x08005db0   0x00000040   Code   RO         4680    i.LCD12864_Display_Success  lcd12864.o
    0x08005df0   0x08005df0   0x0000005a   Code   RO         5431    i.LCD12864_Display_Version_Information  lcd12864_display_menu.o
    0x08005e4a   0x08005e4a   0x00000004   Code   RO         5529    i.LCD12864_HUMI_Compensation_Key_Null_Opt  lcd12864_display_menu_humi_compensation.o
    0x08005e4e   0x08005e4e   0x00000002   PAD
    0x08005e50   0x08005e50   0x00000094   Code   RO         4681    i.LCD12864_Init     lcd12864.o
    0x08005ee4   0x08005ee4   0x00000040   Code   RO         5432    i.LCD12864_Key_Null_Opt  lcd12864_display_menu.o
    0x08005f24   0x08005f24   0x00000004   Code   RO         5585    i.LCD12864_Max_Route_Key_Null_Opt  lcd12864_display_menu_max_route.o
    0x08005f28   0x08005f28   0x0000007c   Code   RO         4682    i.LCD12864_Put_16_16_Char  lcd12864.o
    0x08005fa4   0x08005fa4   0x00000070   Code   RO         4683    i.LCD12864_Put_8_16_Char  lcd12864.o
    0x08006014   0x08006014   0x000000a0   Code   RO         4684    i.LCD12864_Put_HUMI  lcd12864.o
    0x080060b4   0x080060b4   0x00000058   Code   RO         4685    i.LCD12864_Put_Motor_Situation  lcd12864.o
    0x0800610c   0x0800610c   0x00000002   Code   RO         4686    i.LCD12864_Put_Open_Mouth_And_Time  lcd12864.o
    0x0800610e   0x0800610e   0x00000002   PAD
    0x08006110   0x08006110   0x00000038   Code   RO         4687    i.LCD12864_Put_RH   lcd12864.o
    0x08006148   0x08006148   0x00000050   Code   RO         4688    i.LCD12864_Put_Signel_Sim  lcd12864.o
    0x08006198   0x08006198   0x0000004e   Code   RO         4690    i.LCD12864_Put_Str_At_Present_Mode  lcd12864.o
    0x080061e6   0x080061e6   0x00000002   PAD
    0x080061e8   0x080061e8   0x00000060   Code   RO         4691    i.LCD12864_Put_Str_Welcome  lcd12864.o
    0x08006248   0x08006248   0x00000058   Code   RO         4692    i.LCD12864_Put_Symbol_C  lcd12864.o
    0x080062a0   0x080062a0   0x0000001e   Code   RO         4693    i.LCD12864_Put_Symbol_RH  lcd12864.o
    0x080062be   0x080062be   0x00000002   PAD
    0x080062c0   0x080062c0   0x00000060   Code   RO         4694    i.LCD12864_Refresh_Route  lcd12864.o
    0x08006320   0x08006320   0x0000008c   Code   RO         4695    i.LCD12864_Refresh_Time  lcd12864.o
    0x080063ac   0x080063ac   0x0000017c   Code   RO         5700    i.LCD12864_Set_Strategy_Info_Down_Key_Opt  lcd12864_display_menu_set_strategy_info.o
    0x08006528   0x08006528   0x000000c0   Code   RO         5701    i.LCD12864_Set_Strategy_Info_Line1  lcd12864_display_menu_set_strategy_info.o
    0x080065e8   0x080065e8   0x00000094   Code   RO         5702    i.LCD12864_Set_Strategy_Info_Line2  lcd12864_display_menu_set_strategy_info.o
    0x0800667c   0x0800667c   0x000000d0   Code   RO         5703    i.LCD12864_Set_Strategy_Info_Line3  lcd12864_display_menu_set_strategy_info.o
    0x0800674c   0x0800674c   0x000001bc   Code   RO         5704    i.LCD12864_Set_Strategy_Info_Line4  lcd12864_display_menu_set_strategy_info.o
    0x08006908   0x08006908   0x00000114   Code   RO         5705    i.LCD12864_Set_Strategy_Info_Page  lcd12864_display_menu_set_strategy_info.o
    0x08006a1c   0x08006a1c   0x00000026   Code   RO         5706    i.LCD12864_Set_Strategy_Info_Refresh  lcd12864_display_menu_set_strategy_info.o
    0x08006a42   0x08006a42   0x00000002   PAD
    0x08006a44   0x08006a44   0x0000019c   Code   RO         5707    i.LCD12864_Set_Strategy_Info_Up_Key_Opt  lcd12864_display_menu_set_strategy_info.o
    0x08006be0   0x08006be0   0x0000010c   Code   RO         5160    i.LCD12864_Set_Strategy_Line  lcd12864_display_menu_set_strategy.o
    0x08006cec   0x08006cec   0x0000000c   Code   RO         5161    i.LCD12864_Set_Strategy_Line1  lcd12864_display_menu_set_strategy.o
    0x08006cf8   0x08006cf8   0x0000000c   Code   RO         5162    i.LCD12864_Set_Strategy_Line2  lcd12864_display_menu_set_strategy.o
    0x08006d04   0x08006d04   0x0000000c   Code   RO         5163    i.LCD12864_Set_Strategy_Line3  lcd12864_display_menu_set_strategy.o
    0x08006d10   0x08006d10   0x0000000c   Code   RO         5164    i.LCD12864_Set_Strategy_Line4  lcd12864_display_menu_set_strategy.o
    0x08006d1c   0x08006d1c   0x0000000c   Code   RO         5165    i.LCD12864_Set_Strategy_Line5  lcd12864_display_menu_set_strategy.o
    0x08006d28   0x08006d28   0x0000000c   Code   RO         5166    i.LCD12864_Set_Strategy_Line6  lcd12864_display_menu_set_strategy.o
    0x08006d34   0x08006d34   0x0000000c   Code   RO         5167    i.LCD12864_Set_Strategy_Line7  lcd12864_display_menu_set_strategy.o
    0x08006d40   0x08006d40   0x0000000c   Code   RO         5168    i.LCD12864_Set_Strategy_Line8  lcd12864_display_menu_set_strategy.o
    0x08006d4c   0x08006d4c   0x00000110   Code   RO         5169    i.LCD12864_Set_Strategy_Menu  lcd12864_display_menu_set_strategy.o
    0x08006e5c   0x08006e5c   0x00000004   Code   RO         5785    i.LCD12864_Set_Time_Key_Null_Opt  lcd12864_display_menu_set_time.o
    0x08006e60   0x08006e60   0x00000004   Code   RO         5840    i.LCD12864_Stroking_Cycle_Key_Null_Opt  lcd12864_display_menu_stroking_cycle.o
    0x08006e64   0x08006e64   0x0000001c   Code   RO          636    i.MX_FATFS_Init     fatfs.o
    0x08006e80   0x08006e80   0x00000148   Code   RO          364    i.MX_GPIO_Init      main.o
    0x08006fc8   0x08006fc8   0x00000078   Code   RO          365    i.MX_RTC_Init       main.o
    0x08007040   0x08007040   0x0000004c   Code   RO          366    i.MX_SPI1_Init      main.o
    0x0800708c   0x0800708c   0x0000003c   Code   RO          367    i.MX_USART1_UART_Init  main.o
    0x080070c8   0x080070c8   0x0000003c   Code   RO          368    i.MX_USART2_UART_Init  main.o
    0x08007104   0x08007104   0x00000002   Code   RO          723    i.MemManage_Handler  stm32f1xx_it.o
    0x08007106   0x08007106   0x00000002   PAD
    0x08007108   0x08007108   0x00000060   Code   RO         5068    i.Motor_Forward     relay.o
    0x08007168   0x08007168   0x00000064   Code   RO         5069    i.Motor_Reverses    relay.o
    0x080071cc   0x080071cc   0x00000098   Code   RO         5070    i.Motor_Stop        relay.o
    0x08007264   0x08007264   0x00000002   Code   RO          724    i.NMI_Handler       stm32f1xx_it.o
    0x08007266   0x08007266   0x00000020   Code   RO         2458    i.NVIC_SetPriority  stm32f1xx_hal_cortex.o
    0x08007286   0x08007286   0x00000012   Code   RO         1021    i.RTC_Bcd2ToByte    stm32f1xx_hal_rtc.o
    0x08007298   0x08007298   0x00000016   Code   RO         1022    i.RTC_ByteToBcd2    stm32f1xx_hal_rtc.o
    0x080072ae   0x080072ae   0x000000ae   Code   RO         1023    i.RTC_DateUpdate    stm32f1xx_hal_rtc.o
    0x0800735c   0x0800735c   0x00000034   Code   RO         1024    i.RTC_EnterInitMode  stm32f1xx_hal_rtc.o
    0x08007390   0x08007390   0x00000036   Code   RO         1025    i.RTC_ExitInitMode  stm32f1xx_hal_rtc.o
    0x080073c6   0x080073c6   0x0000000e   Code   RO         1026    i.RTC_ReadAlarmCounter  stm32f1xx_hal_rtc.o
    0x080073d4   0x080073d4   0x00000020   Code   RO         1027    i.RTC_ReadTimeCounter  stm32f1xx_hal_rtc.o
    0x080073f4   0x080073f4   0x00000056   Code   RO         1028    i.RTC_WeekDayNum    stm32f1xx_hal_rtc.o
    0x0800744a   0x0800744a   0x00000028   Code   RO         1029    i.RTC_WriteAlarmCounter  stm32f1xx_hal_rtc.o
    0x08007472   0x08007472   0x00000028   Code   RO         1030    i.RTC_WriteTimeCounter  stm32f1xx_hal_rtc.o
    0x0800749a   0x0800749a   0x00000002   PAD
    0x0800749c   0x0800749c   0x00000080   Code   RO         6180    i.ReadNByte         am2320.o
    0x0800751c   0x0800751c   0x00000064   Code   RO         6394    i.Recv_CSQ_Opt      sim800c_scheduler_data.o
    0x08007580   0x08007580   0x000000dc   Code   RO         6395    i.Recv_Data_Opt     sim800c_scheduler_data.o
    0x0800765c   0x0800765c   0x000000bc   Code   RO         6396    i.Recv_SEND_OK_Opt  sim800c_scheduler_data.o
    0x08007718   0x08007718   0x000000c8   Code   RO         6397    i.Recv_Symbol_Opt   sim800c_scheduler_data.o
    0x080077e0   0x080077e0   0x00000044   Code   RO         5071    i.Relay_key_Opt     relay.o
    0x08007824   0x08007824   0x0000003c   Code   RO         2874    i.Reset_Uart_DMA    uart.o
    0x08007860   0x08007860   0x00000038   Code   RO         5350    i.SDA_IN            iic.o
    0x08007898   0x08007898   0x00000038   Code   RO         5351    i.SDA_OUT           iic.o
    0x080078d0   0x080078d0   0x0000000c   Code   RO          725    i.SPI1_IRQHandler   stm32f1xx_it.o
    0x080078dc   0x080078dc   0x00000010   Code   RO         1315    i.SPI_DMAAbortOnError  stm32f1xx_hal_spi.o
    0x080078ec   0x080078ec   0x00000022   Code   RO         4971    i.Save_G_Now_Route  monitor_in1.o
    0x0800790e   0x0800790e   0x00000002   PAD
    0x08007910   0x08007910   0x00000214   Code   RO         4596    i.Scan_Button_Task  button.o
    0x08007b24   0x08007b24   0x000000a8   Code   RO         4696    i.Send_Notify       lcd12864.o
    0x08007bcc   0x08007bcc   0x00000140   Code   RO         6337    i.Send_Temp_Humi_F_R  sim800c_send_state_data.o
    0x08007d0c   0x08007d0c   0x0000002c   Code   RO         2875    i.Send_To_Uart2_Str  uart.o
    0x08007d38   0x08007d38   0x000000e8   Code   RO         6254    i.Send_Version_Information  board_info.o
    0x08007e20   0x08007e20   0x0000011c   Code   RO          369    i.StartDefaultTask  main.o
    0x08007f3c   0x08007f3c   0x00000040   Code   RO         4597    i.Start_Button_Task  button.o
    0x08007f7c   0x08007f7c   0x000000b4   Code   RO         4891    i.Start_Check_Stroking_Cycle_Task  check_stroking_cycle.o
    0x08008030   0x08008030   0x0000001c   Code   RO          370    i.Start_Delete_Task  main.o
    0x0800804c   0x0800804c   0x0000003c   Code   RO         5946    i.Start_HUMI_Task   humi.o
    0x08008088   0x08008088   0x0000002e   Code   RO         5895    i.Start_LCD12864_Delay_Inspection_Task  lcd12864_display_menu_delay_inspection.o
    0x080080b6   0x080080b6   0x00000002   PAD
    0x080080b8   0x080080b8   0x00000070   Code   RO         4697    i.Start_LCD12864_Display_HUMI_Task  lcd12864.o
    0x08008128   0x08008128   0x00000038   Code   RO         5433    i.Start_LCD12864_Display_Menu_Task  lcd12864_display_menu.o
    0x08008160   0x08008160   0x0000002e   Code   RO         5530    i.Start_LCD12864_HUMI_Compensation_Task  lcd12864_display_menu_humi_compensation.o
    0x0800818e   0x0800818e   0x0000002e   Code   RO         5586    i.Start_LCD12864_Max_Route_Task  lcd12864_display_menu_max_route.o
    0x080081bc   0x080081bc   0x0000002e   Code   RO         5650    i.Start_LCD12864_Route_Reset_Task  lcd12864_display_menu_route_reset.o
    0x080081ea   0x080081ea   0x00000034   Code   RO         5708    i.Start_LCD12864_Set_Strategy_Info_Task  lcd12864_display_menu_set_strategy_info.o
    0x0800821e   0x0800821e   0x0000002e   Code   RO         5170    i.Start_LCD12864_Set_Strategy_Task  lcd12864_display_menu_set_strategy.o
    0x0800824c   0x0800824c   0x0000002e   Code   RO         5786    i.Start_LCD12864_Set_Time_Task  lcd12864_display_menu_set_time.o
    0x0800827a   0x0800827a   0x0000002e   Code   RO         5841    i.Start_LCD12864_Stroking_Cycle_Task  lcd12864_display_menu_stroking_cycle.o
    0x080082a8   0x080082a8   0x00000100   Code   RO         4698    i.Start_LCD12864_Task  lcd12864.o
    0x080083a8   0x080083a8   0x00000024   Code   RO         6048    i.Start_LED_Task    led.o
    0x080083cc   0x080083cc   0x00000130   Code   RO         4972    i.Start_Monitor_IN1_Task  monitor_in1.o
    0x080084fc   0x080084fc   0x000000b8   Code   RO         6049    i.Start_RUN_LED_Task  led.o
    0x080085b4   0x080085b4   0x000000b4   Code   RO         6450    i.Start_Recv_Onenet_data_Task  sim800c_recv_onenet_data.o
    0x08008668   0x08008668   0x00000058   Code   RO         5072    i.Start_Relay_Task  relay.o
    0x080086c0   0x080086c0   0x000000dc   Code   RO         6085    i.Start_Reset_Sim800c_Task  sim800c.o
    0x0800879c   0x0800879c   0x00000094   Code   RO         6398    i.Start_Scheduler_data_Task  sim800c_scheduler_data.o
    0x08008830   0x08008830   0x000000b4   Code   RO         6338    i.Start_Send_State_data_Task  sim800c_send_state_data.o
    0x080088e4   0x080088e4   0x0000008c   Code   RO         6086    i.Start_Sim800c_Task  sim800c.o
    0x08008970   0x08008970   0x000000d8   Code   RO           16    i.Start_Strategy_Task  strategy.o
    0x08008a48   0x08008a48   0x0000000e   Code   RO          726    i.SysTick_Handler   stm32f1xx_it.o
    0x08008a56   0x08008a56   0x00000002   PAD
    0x08008a58   0x08008a58   0x00000098   Code   RO          371    i.SystemClock_Config  main.o
    0x08008af0   0x08008af0   0x00000048   Code   RO         2947    i.SystemInit        system_stm32f1xx.o
    0x08008b38   0x08008b38   0x00000054   Code   RO         6181    i.Test_Ack          am2320.o
    0x08008b8c   0x08008b8c   0x00000010   Code   RO         1697    i.UART_DMAAbortOnError  stm32f1xx_hal_uart.o
    0x08008b9c   0x08008b9c   0x0000004a   Code   RO         1698    i.UART_DMAError     stm32f1xx_hal_uart.o
    0x08008be6   0x08008be6   0x0000003c   Code   RO         1699    i.UART_DMAReceiveCplt  stm32f1xx_hal_uart.o
    0x08008c22   0x08008c22   0x0000000a   Code   RO         1701    i.UART_DMARxHalfCplt  stm32f1xx_hal_uart.o
    0x08008c2c   0x08008c2c   0x0000002e   Code   RO         1703    i.UART_DMATransmitCplt  stm32f1xx_hal_uart.o
    0x08008c5a   0x08008c5a   0x0000000a   Code   RO         1705    i.UART_DMATxHalfCplt  stm32f1xx_hal_uart.o
    0x08008c64   0x08008c64   0x0000001c   Code   RO         1707    i.UART_EndRxTransfer  stm32f1xx_hal_uart.o
    0x08008c80   0x08008c80   0x00000012   Code   RO         1708    i.UART_EndTxTransfer  stm32f1xx_hal_uart.o
    0x08008c92   0x08008c92   0x00000096   Code   RO         1709    i.UART_Receive_IT   stm32f1xx_hal_uart.o
    0x08008d28   0x08008d28   0x00000170   Code   RO         1710    i.UART_SetConfig    stm32f1xx_hal_uart.o
    0x08008e98   0x08008e98   0x00000062   Code   RO         1711    i.UART_Transmit_IT  stm32f1xx_hal_uart.o
    0x08008efa   0x08008efa   0x00000064   Code   RO         1712    i.UART_WaitOnFlagUntilTimeout  stm32f1xx_hal_uart.o
    0x08008f5e   0x08008f5e   0x00000002   PAD
    0x08008f60   0x08008f60   0x0000000c   Code   RO          727    i.USART1_IRQHandler  stm32f1xx_it.o
    0x08008f6c   0x08008f6c   0x0000000c   Code   RO          728    i.USART2_IRQHandler  stm32f1xx_it.o
    0x08008f78   0x08008f78   0x00000010   Code   RO          555    i.USER_initialize   user_diskio.o
    0x08008f88   0x08008f88   0x00000004   Code   RO          556    i.USER_ioctl        user_diskio.o
    0x08008f8c   0x08008f8c   0x00000004   Code   RO          557    i.USER_read         user_diskio.o
    0x08008f90   0x08008f90   0x00000010   Code   RO          558    i.USER_status       user_diskio.o
    0x08008fa0   0x08008fa0   0x00000004   Code   RO          559    i.USER_write        user_diskio.o
    0x08008fa4   0x08008fa4   0x00000002   Code   RO          729    i.UsageFault_Handler  stm32f1xx_it.o
    0x08008fa6   0x08008fa6   0x00000024   Code   RO         6182    i.Waken             am2320.o
    0x08008fca   0x08008fca   0x00000002   PAD
    0x08008fcc   0x08008fcc   0x0000008c   Code   RO         4699    i.WriteCommand      lcd12864.o
    0x08009058   0x08009058   0x00000080   Code   RO         6183    i.WriteNByte        am2320.o
    0x080090d8   0x080090d8   0x0000008c   Code   RO         4700    i.Write_Data        lcd12864.o
    0x08009164   0x08009164   0x00000018   Code   RO          372    i._Error_Handler    main.o
    0x0800917c   0x0800917c   0x00000020   Code   RO         7312    i.__0printf         mc_w.l(printfa.o)
    0x0800919c   0x0800919c   0x00000028   Code   RO         7314    i.__0sprintf        mc_w.l(printfa.o)
    0x080091c4   0x080091c4   0x00000008   Code   RO         7427    i.__aeabi_errno_addr  mc_w.l(errno.o)
    0x080091cc   0x080091cc   0x0000000e   Code   RO         7506    i.__scatterload_copy  mc_w.l(handlers.o)
    0x080091da   0x080091da   0x00000002   Code   RO         7507    i.__scatterload_null  mc_w.l(handlers.o)
    0x080091dc   0x080091dc   0x0000000e   Code   RO         7508    i.__scatterload_zeroinit  mc_w.l(handlers.o)
    0x080091ea   0x080091ea   0x00000002   PAD
    0x080091ec   0x080091ec   0x00000184   Code   RO         7319    i._fp_digits        mc_w.l(printfa.o)
    0x08009370   0x08009370   0x0000000e   Code   RO         7372    i._is_digit         mc_w.l(scanf_fp.o)
    0x0800937e   0x0800937e   0x00000002   PAD
    0x08009380   0x08009380   0x000006dc   Code   RO         7320    i._printf_core      mc_w.l(printfa.o)
    0x08009a5c   0x08009a5c   0x00000024   Code   RO         7321    i._printf_post_padding  mc_w.l(printfa.o)
    0x08009a80   0x08009a80   0x0000002e   Code   RO         7322    i._printf_pre_padding  mc_w.l(printfa.o)
    0x08009aae   0x08009aae   0x0000000a   Code   RO         7324    i._sputc            mc_w.l(printfa.o)
    0x08009ab8   0x08009ab8   0x0000002c   Code   RO         6540    i.buffer_skip_whitespace  cjson.o
    0x08009ae4   0x08009ae4   0x0000001e   Code   RO         6543    i.cJSON_AddItemToArray  cjson.o
    0x08009b02   0x08009b02   0x00000002   PAD
    0x08009b04   0x08009b04   0x0000002c   Code   RO         6544    i.cJSON_AddItemToObject  cjson.o
    0x08009b30   0x08009b30   0x0000003c   Code   RO         6545    i.cJSON_AddItemToObjectCS  cjson.o
    0x08009b6c   0x08009b6c   0x00000018   Code   RO         6555    i.cJSON_CreateObject  cjson.o
    0x08009b84   0x08009b84   0x00000030   Code   RO         6557    i.cJSON_CreateString  cjson.o
    0x08009bb4   0x08009bb4   0x00000048   Code   RO         6560    i.cJSON_Delete      cjson.o
    0x08009bfc   0x08009bfc   0x00000006   Code   RO         6572    i.cJSON_GetObjectItem  cjson.o
    0x08009c02   0x08009c02   0x00000016   Code   RO         6588    i.cJSON_New_Item    cjson.o
    0x08009c18   0x08009c18   0x00000008   Code   RO         6589    i.cJSON_Parse       cjson.o
    0x08009c20   0x08009c20   0x000000b4   Code   RO         6590    i.cJSON_ParseWithOpts  cjson.o
    0x08009cd4   0x08009cd4   0x0000000c   Code   RO         6591    i.cJSON_Print       cjson.o
    0x08009ce0   0x08009ce0   0x0000000c   Code   RO         6594    i.cJSON_PrintUnformatted  cjson.o
    0x08009cec   0x08009cec   0x00000028   Code   RO         6603    i.cJSON_strdup      cjson.o
    0x08009d14   0x08009d14   0x00000044   Code   RO         4865    i.delay_us          delay.o
    0x08009d58   0x08009d58   0x00000068   Code   RO         3889    i.eTaskGetState     tasks.o
    0x08009dc0   0x08009dc0   0x0000008a   Code   RO         6605    i.ensure            cjson.o
    0x08009e4a   0x08009e4a   0x00000002   PAD
    0x08009e4c   0x08009e4c   0x00000024   Code   RO          373    i.fputc             main.o
    0x08009e70   0x08009e70   0x00000050   Code   RO         7340    i.free              mc_w.l(malloc.o)
    0x08009ec0   0x08009ec0   0x0000000c   Code   RO         6607    i.get_decimal_point  cjson.o
    0x08009ecc   0x08009ecc   0x00000070   Code   RO         6608    i.get_object_item   cjson.o
    0x08009f3c   0x08009f3c   0x00000180   Code   RO         6491    i.init_OneNet_Pack  mqtt.o
    0x0800a0bc   0x0800a0bc   0x000000d8   Code   RO         6339    i.init_OneNet_Temp_Humi_F_R_Pack  sim800c_send_state_data.o
    0x0800a194   0x0800a194   0x00000198   Code   RO         6255    i.init_OneNet_Version_Information_Pack  board_info.o
    0x0800a32c   0x0800a32c   0x00000174   Code   RO         6087    i.init_Sim800C      sim800c.o
    0x0800a4a0   0x0800a4a0   0x00000088   Code   RO          374    i.main              main.o
    0x0800a528   0x0800a528   0x0000000c   Code   RO         4225    i.makeFreeRtosPriority  cmsis_os.o
    0x0800a534   0x0800a534   0x00000040   Code   RO          873    i.mem_free          malloc.o
    0x0800a574   0x0800a574   0x00000028   Code   RO          874    i.mem_init          malloc.o
    0x0800a59c   0x0800a59c   0x0000005c   Code   RO          875    i.mem_malloc        malloc.o
    0x0800a5f8   0x0800a5f8   0x0000002c   Code   RO          876    i.mem_perused       malloc.o
    0x0800a624   0x0800a624   0x00000014   Code   RO          877    i.myfree            malloc.o
    0x0800a638   0x0800a638   0x0000001c   Code   RO          878    i.mymalloc          malloc.o
    0x0800a654   0x0800a654   0x00000012   Code   RO          879    i.mymemcpy          malloc.o
    0x0800a666   0x0800a666   0x00000002   PAD
    0x0800a668   0x0800a668   0x0000000e   Code   RO          880    i.mymemset          malloc.o
    0x0800a676   0x0800a676   0x00000002   PAD
    0x0800a678   0x0800a678   0x00000034   Code   RO          881    i.myrealloc         malloc.o
    0x0800a6ac   0x0800a6ac   0x0000000e   Code   RO         4227    i.osDelay           cmsis_os.o
    0x0800a6ba   0x0800a6ba   0x0000000a   Code   RO         4230    i.osKernelStart     cmsis_os.o
    0x0800a6c4   0x0800a6c4   0x00000014   Code   RO         4263    i.osSystickHandler  cmsis_os.o
    0x0800a6d8   0x0800a6d8   0x0000002e   Code   RO         4264    i.osThreadCreate    cmsis_os.o
    0x0800a706   0x0800a706   0x0000000a   Code   RO         4273    i.osThreadTerminate  cmsis_os.o
    0x0800a710   0x0800a710   0x000000cc   Code   RO         6609    i.parse_array       cjson.o
    0x0800a7dc   0x0800a7dc   0x00000040   Code   RO         6610    i.parse_hex4        cjson.o
    0x0800a81c   0x0800a81c   0x000000f0   Code   RO         6611    i.parse_number      cjson.o
    0x0800a90c   0x0800a90c   0x00000106   Code   RO         6612    i.parse_object      cjson.o
    0x0800aa12   0x0800aa12   0x0000010c   Code   RO         6613    i.parse_string      cjson.o
    0x0800ab1e   0x0800ab1e   0x00000002   PAD
    0x0800ab20   0x0800ab20   0x000000fc   Code   RO         6614    i.parse_value       cjson.o
    0x0800ac1c   0x0800ac1c   0x00000092   Code   RO         6615    i.print             cjson.o
    0x0800acae   0x0800acae   0x00000096   Code   RO         6616    i.print_array       cjson.o
    0x0800ad44   0x0800ad44   0x000000a8   Code   RO         6617    i.print_number      cjson.o
    0x0800adec   0x0800adec   0x00000140   Code   RO         6618    i.print_object      cjson.o
    0x0800af2c   0x0800af2c   0x00000110   Code   RO         6619    i.print_string_ptr  cjson.o
    0x0800b03c   0x0800b03c   0x000000dc   Code   RO         6620    i.print_value       cjson.o
    0x0800b118   0x0800b118   0x00000070   Code   RO         3891    i.prvAddCurrentTaskToDelayedList  tasks.o
    0x0800b188   0x0800b188   0x000000d0   Code   RO         3892    i.prvAddNewTaskToReadyList  tasks.o
    0x0800b258   0x0800b258   0x00000050   Code   RO         3893    i.prvCheckTasksWaitingTermination  tasks.o
    0x0800b2a8   0x0800b2a8   0x00000026   Code   RO         3735    i.prvCopyDataFromQueue  queue.o
    0x0800b2ce   0x0800b2ce   0x0000006c   Code   RO         3736    i.prvCopyDataToQueue  queue.o
    0x0800b33a   0x0800b33a   0x00000014   Code   RO         3894    i.prvDeleteTCB      tasks.o
    0x0800b34e   0x0800b34e   0x00000002   PAD
    0x0800b350   0x0800b350   0x0000004c   Code   RO         3465    i.prvHeapInit       heap_4.o
    0x0800b39c   0x0800b39c   0x00000028   Code   RO         3895    i.prvIdleTask       tasks.o
    0x0800b3c4   0x0800b3c4   0x0000009c   Code   RO         3896    i.prvInitialiseNewTask  tasks.o
    0x0800b460   0x0800b460   0x0000004c   Code   RO         3466    i.prvInsertBlockIntoFreeList  heap_4.o
    0x0800b4ac   0x0800b4ac   0x0000001c   Code   RO         3737    i.prvIsQueueEmpty   queue.o
    0x0800b4c8   0x0800b4c8   0x00000020   Code   RO         3898    i.prvResetNextTaskUnblockTime  tasks.o
    0x0800b4e8   0x0800b4e8   0x00000014   Code   RO         3899    i.prvTaskCheckFreeStackSpace  tasks.o
    0x0800b4fc   0x0800b4fc   0x00000028   Code   RO         3527    i.prvTaskExitError  port.o
    0x0800b524   0x0800b524   0x00000034   Code   RO         3900    i.prvTaskIsTaskSuspended  tasks.o
    0x0800b558   0x0800b558   0x0000006a   Code   RO         3738    i.prvUnlockQueue    queue.o
    0x0800b5c2   0x0800b5c2   0x00000002   PAD
    0x0800b5c4   0x0800b5c4   0x000000d8   Code   RO         3467    i.pvPortMalloc      heap_4.o
    0x0800b69c   0x0800b69c   0x00000018   Code   RO         3901    i.pvTaskIncrementMutexHeldCount  tasks.o
    0x0800b6b4   0x0800b6b4   0x00000024   Code   RO         3528    i.pxPortInitialiseStack  port.o
    0x0800b6d8   0x0800b6d8   0x00000060   Code   RO         6088    i.reset_Sim800C     sim800c.o
    0x0800b738   0x0800b738   0x0000001c   Code   RO         7047    i.strtod            m_ws.l(strtod.o)
    0x0800b754   0x0800b754   0x0000001c   Code   RO         6622    i.update_offset     cjson.o
    0x0800b770   0x0800b770   0x000000d2   Code   RO         6623    i.utf16_literal_to_utf8  cjson.o
    0x0800b842   0x0800b842   0x00000024   Code   RO         3698    i.uxListRemove      list.o
    0x0800b866   0x0800b866   0x00000016   Code   RO         3699    i.vListInitialise   list.o
    0x0800b87c   0x0800b87c   0x00000006   Code   RO         3700    i.vListInitialiseItem  list.o
    0x0800b882   0x0800b882   0x00000030   Code   RO         3701    i.vListInsert       list.o
    0x0800b8b2   0x0800b8b2   0x00000018   Code   RO         3702    i.vListInsertEnd    list.o
    0x0800b8ca   0x0800b8ca   0x00000002   PAD
    0x0800b8cc   0x0800b8cc   0x00000040   Code   RO         3530    i.vPortEnterCritical  port.o
    0x0800b90c   0x0800b90c   0x00000028   Code   RO         3531    i.vPortExitCritical  port.o
    0x0800b934   0x0800b934   0x0000005c   Code   RO         3468    i.vPortFree         heap_4.o
    0x0800b990   0x0800b990   0x00000020   Code   RO         3532    i.vPortSetupTimerInterrupt  port.o
    0x0800b9b0   0x0800b9b0   0x00000054   Code   RO         3533    i.vPortValidateInterruptPriority  port.o
    0x0800ba04   0x0800ba04   0x0000004c   Code   RO         3910    i.vTaskDelay        tasks.o
    0x0800ba50   0x0800ba50   0x000000ac   Code   RO         3911    i.vTaskDelete       tasks.o
    0x0800bafc   0x0800bafc   0x00000078   Code   RO         3913    i.vTaskGetInfo      tasks.o
    0x0800bb74   0x0800bb74   0x0000000c   Code   RO         3914    i.vTaskMissedYield  tasks.o
    0x0800bb80   0x0800bb80   0x00000030   Code   RO         3916    i.vTaskPlaceOnEventList  tasks.o
    0x0800bbb0   0x0800bbb0   0x00000084   Code   RO         3918    i.vTaskPriorityInherit  tasks.o
    0x0800bc34   0x0800bc34   0x0000007c   Code   RO         3920    i.vTaskResume       tasks.o
    0x0800bcb0   0x0800bcb0   0x00000024   Code   RO         3922    i.vTaskSetTimeOutState  tasks.o
    0x0800bcd4   0x0800bcd4   0x00000068   Code   RO         3923    i.vTaskStartScheduler  tasks.o
    0x0800bd3c   0x0800bd3c   0x000000b0   Code   RO         3924    i.vTaskSuspend      tasks.o
    0x0800bdec   0x0800bdec   0x00000010   Code   RO         3925    i.vTaskSuspendAll   tasks.o
    0x0800bdfc   0x0800bdfc   0x0000005c   Code   RO         3926    i.vTaskSwitchContext  tasks.o
    0x0800be58   0x0800be58   0x0000000c   Code   RO         3470    i.xPortGetFreeHeapSize  heap_4.o
    0x0800be64   0x0800be64   0x00000074   Code   RO         3534    i.xPortStartScheduler  port.o
    0x0800bed8   0x0800bed8   0x0000002c   Code   RO         3535    i.xPortSysTickHandler  port.o
    0x0800bf04   0x0800bf04   0x00000024   Code   RO         3748    i.xQueueCreateMutex  queue.o
    0x0800bf28   0x0800bf28   0x00000052   Code   RO         3749    i.xQueueGenericCreate  queue.o
    0x0800bf7a   0x0800bf7a   0x00000002   PAD
    0x0800bf7c   0x0800bf7c   0x0000016c   Code   RO         3750    i.xQueueGenericReceive  queue.o
    0x0800c0e8   0x0800c0e8   0x00000088   Code   RO         3751    i.xQueueGenericReset  queue.o
    0x0800c170   0x0800c170   0x00000160   Code   RO         3752    i.xQueueGenericSend  queue.o
    0x0800c2d0   0x0800c2d0   0x0000009c   Code   RO         3754    i.xQueueGiveFromISR  queue.o
    0x0800c36c   0x0800c36c   0x0000006c   Code   RO         3927    i.xTaskCheckForTimeOut  tasks.o
    0x0800c3d8   0x0800c3d8   0x00000056   Code   RO         3928    i.xTaskCreate       tasks.o
    0x0800c42e   0x0800c42e   0x00000002   PAD
    0x0800c430   0x0800c430   0x000000cc   Code   RO         3929    i.xTaskGenericNotify  tasks.o
    0x0800c4fc   0x0800c4fc   0x0000001c   Code   RO         3932    i.xTaskGetSchedulerState  tasks.o
    0x0800c518   0x0800c518   0x000000c8   Code   RO         3935    i.xTaskIncrementTick  tasks.o
    0x0800c5e0   0x0800c5e0   0x0000008c   Code   RO         3937    i.xTaskNotifyWait   tasks.o
    0x0800c66c   0x0800c66c   0x00000098   Code   RO         3938    i.xTaskPriorityDisinherit  tasks.o
    0x0800c704   0x0800c704   0x00000074   Code   RO         3939    i.xTaskRemoveFromEventList  tasks.o
    0x0800c778   0x0800c778   0x000000c4   Code   RO         3941    i.xTaskResumeAll    tasks.o
    0x0800c83c   0x0800c83c   0x000000b4   Data   RO          378    .constdata          main.o
    0x0800c8f0   0x0800c8f0   0x00000010   Data   RO         2948    .constdata          system_stm32f1xx.o
    0x0800c900   0x0800c900   0x00000008   Data   RO         2949    .constdata          system_stm32f1xx.o
    0x0800c908   0x0800c908   0x00000028   Data   RO         4598    .constdata          button.o
    0x0800c930   0x0800c930   0x00000028   Data   RO         4701    .constdata          lcd12864.o
    0x0800c958   0x0800c958   0x00000028   Data   RO         5073    .constdata          relay.o
    0x0800c980   0x0800c980   0x00000028   Data   RO         5172    .constdata          lcd12864_display_menu_set_strategy.o
    0x0800c9a8   0x0800c9a8   0x0000008c   Data   RO         5434    .constdata          lcd12864_display_menu.o
    0x0800ca34   0x0800ca34   0x00000014   Data   RO         6050    .constdata          led.o
    0x0800ca48   0x0800ca48   0x00000050   Data   RO         6089    .constdata          sim800c.o
    0x0800ca98   0x0800ca98   0x00000014   Data   RO         6257    .constdata          board_info.o
    0x0800caac   0x0800caac   0x00000028   Data   RO         6340    .constdata          sim800c_send_state_data.o
    0x0800cad4   0x0800cad4   0x00000014   Data   RO         6493    .constdata          mqtt.o
    0x0800cae8   0x0800cae8   0x00000038   Data   RO         7423    .constdata          mc_w.l(ilconv.o)
    0x0800cb20   0x0800cb20   0x00000081   Data   RO         7468    .constdata          mc_w.l(ctype_o.o)
    0x0800cba1   0x0800cba1   0x00000003   PAD
    0x0800cba4   0x0800cba4   0x00000004   Data   RO         7469    .constdata          mc_w.l(ctype_o.o)
    0x0800cba8   0x0800cba8   0x0000006c   Data   RO          379    .conststring        main.o
    0x0800cc14   0x0800cc14   0x0000001f   Data   RO         4599    .conststring        button.o
    0x0800cc33   0x0800cc33   0x00000001   PAD
    0x0800cc34   0x0800cc34   0x00000037   Data   RO         4702    .conststring        lcd12864.o
    0x0800cc6b   0x0800cc6b   0x00000001   PAD
    0x0800cc6c   0x0800cc6c   0x0000002e   Data   RO         5074    .conststring        relay.o
    0x0800cc9a   0x0800cc9a   0x00000002   PAD
    0x0800cc9c   0x0800cc9c   0x00000020   Data   RO         5173    .conststring        lcd12864_display_menu_set_strategy.o
    0x0800ccbc   0x0800ccbc   0x000000c7   Data   RO         5435    .conststring        lcd12864_display_menu.o
    0x0800cd83   0x0800cd83   0x00000001   PAD
    0x0800cd84   0x0800cd84   0x0000000d   Data   RO         6051    .conststring        led.o
    0x0800cd91   0x0800cd91   0x00000003   PAD
    0x0800cd94   0x0800cd94   0x00000057   Data   RO         6090    .conststring        sim800c.o
    0x0800cdeb   0x0800cdeb   0x00000001   PAD
    0x0800cdec   0x0800cdec   0x00000005   Data   RO         7424    .conststring        mc_w.l(ilconv.o)
    0x0800cdf1   0x0800cdf1   0x00000003   PAD
    0x0800cdf4   0x0800cdf4   0x00000020   Data   RO         7504    Region$$Table       anon$$obj.o


    Execution Region RW_IRAM1 (Exec base: 0x20000000, Load base: 0x0800ce14, Size: 0x0000b790, Max: 0x0000c000, ABSOLUTE, COMPRESSED[0x00000b50])

    Exec Addr    Load Addr    Size         Type   Attr      Idx    E Section Name        Object

    0x20000000   COMPRESSED   0x0000002c   Data   RW          380    .data               main.o
    0x2000002c   COMPRESSED   0x00000001   Data   RW          560    .data               user_diskio.o
    0x2000002d   COMPRESSED   0x00000003   PAD
    0x20000030   COMPRESSED   0x00000014   Data   RW          561    .data               user_diskio.o
    0x20000044   COMPRESSED   0x00000005   Data   RW          640    .data               fatfs.o
    0x20000049   COMPRESSED   0x00000003   PAD
    0x2000004c   COMPRESSED   0x00000014   Data   RW          887    .data               malloc.o
    0x20000060   COMPRESSED   0x0000000c   Data   RW         2008    .data               stm32f1xx_hal.o
    0x2000006c   COMPRESSED   0x00000002   Data   RW         2881    .data               uart.o
    0x2000006e   COMPRESSED   0x00000002   PAD
    0x20000070   COMPRESSED   0x00000004   Data   RW         2950    .data               system_stm32f1xx.o
    0x20000074   COMPRESSED   0x00000018   Data   RW         3473    .data               heap_4.o
    0x2000008c   COMPRESSED   0x0000000c   Data   RW         3536    .data               port.o
    0x20000098   COMPRESSED   0x0000003c   Data   RW         3944    .data               tasks.o
    0x200000d4   COMPRESSED   0x00000008   Data   RW         4600    .data               button.o
    0x200000dc   COMPRESSED   0x0000000c   Data   RW         4703    .data               lcd12864.o
    0x200000e8   COMPRESSED   0x00000230   Data   RW         4843    .data               typeface.o
    0x20000318   COMPRESSED   0x00000040   Data   RW         4845    .data               typeface.o
    0x20000358   COMPRESSED   0x000006a0   Data   RW         4846    .data               typeface.o
    0x200009f8   COMPRESSED   0x00000300   Data   RW         4847    .data               typeface.o
    0x20000cf8   COMPRESSED   0x00000060   Data   RW         4848    .data               typeface.o
    0x20000d58   COMPRESSED   0x000005b0   Data   RW         4849    .data               typeface.o
    0x20001308   COMPRESSED   0x00000001   Data   RW         4866    .data               delay.o
    0x20001309   COMPRESSED   0x00000001   PAD
    0x2000130a   COMPRESSED   0x00000002   Data   RW         4892    .data               check_stroking_cycle.o
    0x2000130c   COMPRESSED   0x00000001   Data   RW         4973    .data               monitor_in1.o
    0x2000130d   COMPRESSED   0x00000003   PAD
    0x20001310   COMPRESSED   0x00000010   Data   RW         5075    .data               relay.o
    0x20001320   COMPRESSED   0x00000004   Data   RW         5076    .data               relay.o
    0x20001324   COMPRESSED   0x00000008   Data   RW         5174    .data               lcd12864_display_menu_set_strategy.o
    0x2000132c   COMPRESSED   0x00000002   Data   RW         5269    .data               24c0x.o
    0x2000132e   COMPRESSED   0x00000003   Data   RW         5436    .data               lcd12864_display_menu.o
    0x20001331   COMPRESSED   0x00000003   PAD
    0x20001334   COMPRESSED   0x00000008   Data   RW         5531    .data               lcd12864_display_menu_humi_compensation.o
    0x2000133c   COMPRESSED   0x00000008   Data   RW         5587    .data               lcd12864_display_menu_max_route.o
    0x20001344   COMPRESSED   0x00000004   Data   RW         5651    .data               lcd12864_display_menu_route_reset.o
    0x20001348   COMPRESSED   0x00000008   Data   RW         5710    .data               lcd12864_display_menu_set_strategy_info.o
    0x20001350   COMPRESSED   0x0000000c   Data   RW         5787    .data               lcd12864_display_menu_set_time.o
    0x2000135c   COMPRESSED   0x00000008   Data   RW         5842    .data               lcd12864_display_menu_stroking_cycle.o
    0x20001364   COMPRESSED   0x00000008   Data   RW         5896    .data               lcd12864_display_menu_delay_inspection.o
    0x2000136c   COMPRESSED   0x0000000c   Data   RW         5952    .data               humi.o
    0x20001378   COMPRESSED   0x00000008   Data   RW         6052    .data               led.o
    0x20001380   COMPRESSED   0x00000018   Data   RW         6091    .data               sim800c.o
    0x20001398   COMPRESSED   0x00000004   Data   RW         6186    .data               am2320.o
    0x2000139c   COMPRESSED   0x00000002   Data   RW         6342    .data               sim800c_send_state_data.o
    0x2000139e   COMPRESSED   0x00000002   PAD
    0x200013a0   COMPRESSED   0x00000008   Data   RW         6399    .data               sim800c_scheduler_data.o
    0x200013a8   COMPRESSED   0x00000014   Data   RW         6625    .data               cjson.o
    0x200013bc   COMPRESSED   0x00000004   Data   RW         7418    .data               mc_w.l(stdout.o)
    0x200013c0   COMPRESSED   0x00000004   Data   RW         7425    .data               mc_w.l(mvars.o)
    0x200013c4   COMPRESSED   0x00000004   Data   RW         7430    .data               mc_w.l(errno.o)
    0x200013c8        -       0x00000080   Zero   RW          287    .bss                gprs.o
    0x20001448        -       0x000000ec   Zero   RW          375    .bss                main.o
    0x20001534        -       0x00000044   Zero   RW          376    .bss                main.o
    0x20001578        -       0x00000044   Zero   RW          377    .bss                main.o
    0x200015bc        -       0x00004000   Zero   RW          882    .bss                malloc.o
    0x200055bc        -       0x00000400   Zero   RW          883    .bss                malloc.o
    0x200059bc        -       0x00000140   Zero   RW         2879    .bss                uart.o
    0x20005afc        -       0x0000000c   Zero   RW         3422    .bss                ff_gen_drv.o
    0x20005b08        -       0x00005000   Zero   RW         3472    .bss                heap_4.o
    0x2000ab08        -       0x000000f0   Zero   RW         3943    .bss                tasks.o
    0x2000abf8        -       0x00000060   Zero   RW         5171    .bss                lcd12864_display_menu_set_strategy.o
    0x2000ac58        -       0x00000060   Zero   RW         5709    .bss                lcd12864_display_menu_set_strategy_info.o
    0x2000acb8        -       0x0000000f   Zero   RW         6184    .bss                am2320.o
    0x2000acc7        -       0x00000032   Zero   RW         6256    .bss                board_info.o
    0x2000acf9        -       0x00000200   Zero   RW         6451    .bss                sim800c_recv_onenet_data.o
    0x2000aef9   COMPRESSED   0x00000003   PAD
    0x2000aefc        -       0x00000494   Zero   RW         6492    .bss                mqtt.o
    0x2000b390        -       0x00000400   Zero   RW            1    STACK               startup_stm32f103xe.o


==============================================================================

Image component sizes


      Code (inc. data)   RO Data    RW Data    ZI Data      Debug   Object Name

       342          8          0          2          0       4278   24c0x.o
       656         78          0          4         15       5756   am2320.o
      1936        558         20          0         50       9075   board_info.o
      1096        272         71          8          0       6858   button.o
        80         10          0          0          0        958   buzzer.o
       180         66          0          2          0       4638   check_stroking_cycle.o
      3668        146          0         20          0      27914   cjson.o
       112          0          0          0          0      13760   cmsis_os.o
        68          6          0          1          0        847   delay.o
         0          0          0          0          0       8080   event_groups.o
        28         10          0          5          0       1010   fatfs.o
        70          4          0          0         12       1567   ff_gen_drv.o
         0          0          0          0          0       2540   freertos.o
       508        216          0          0        128       8842   gprs.o
       472         30          0         24      20480       7762   heap_4.o
       136         12          0         12          0       5297   humi.o
      1464        100          0          0          0       7337   iic.o
      2304        190         95         12          0      17416   lcd12864.o
      1628         96        339          3          0      10726   lcd12864_display_menu.o
       652         76          0          8          0       4911   lcd12864_display_menu_delay_inspection.o
       772         94          0          8          0       5013   lcd12864_display_menu_humi_compensation.o
       828         72          0          8          0       6183   lcd12864_display_menu_max_route.o
       412         72          0          4          0       3624   lcd12864_display_menu_route_reset.o
      1010         62         72          8         96      10439   lcd12864_display_menu_set_strategy.o
      2150        128          0          8         96       8450   lcd12864_display_menu_set_strategy_info.o
       924         42          0         12          0       4891   lcd12864_display_menu_set_time.o
       548         72          0          8          0       4807   lcd12864_display_menu_stroking_cycle.o
       220         36         33          8          0       2405   led.o
       136          0          0          0          0       3362   list.o
      1404        158        288         44        372      18135   main.o
       372         34          0         20      17408     209717   malloc.o
       338         30          0          1          0       6982   monitor_in1.o
       908        186         20          0       1172       4737   mqtt.o
       606         72          0         12          0      10965   port.o
      1406         14          0          0          0      12646   queue.o
       876        104         86         20          0       7394   relay.o
       828        302        167         24          0       4139   sim800c.o
       180         74          0          0        512       1514   sim800c_recv_onenet_data.o
       856        332          0          8          0       3636   sim800c_scheduler_data.o
       716        256         40          2          0       6869   sim800c_send_state_data.o
        36          8        304          0       1024        792   startup_stm32f103xe.o
       128         24          0         12          0       3205   stm32f1xx_hal.o
       218         14          0          0          0      26317   stm32f1xx_hal_cortex.o
      1222         52          0          0          0       5002   stm32f1xx_hal_dma.o
       508         42          0          0          0       3495   stm32f1xx_hal_gpio.o
       596         92          0          0          0       3045   stm32f1xx_hal_msp.o
        12          4          0          0          0        507   stm32f1xx_hal_pwr.o
      1296        104          0          0          0       5612   stm32f1xx_hal_rcc.o
       448         44          0          0          0       2553   stm32f1xx_hal_rcc_ex.o
      1334         14          0          0          0      11830   stm32f1xx_hal_rtc.o
       214          6          0          0          0       2593   stm32f1xx_hal_spi.o
       130          0          0          0          0       1055   stm32f1xx_hal_spi_ex.o
      1992         38          0          0          0      15949   stm32f1xx_hal_uart.o
       104         42          0          0          0       5099   stm32f1xx_it.o
       888        110          0          0          0     495105   strategy.o
        72         16         24          4          0       1147   system_stm32f1xx.o
      3186        258          0         60        240      29630   tasks.o
         0          0          0       4640          0        931   typeface.o
       192         44          0          2        320       2814   uart.o
        44         12          0         21          0      11728   user_diskio.o

    ----------------------------------------------------------------------
     43584       4942       1600       5052      41928    1113889   Object Totals
         0          0         32          0          0          0   (incl. Generated)
        74          0          9         17          3          0   (incl. Padding)

    ----------------------------------------------------------------------

      Code (inc. data)   RO Data    RW Data    ZI Data      Debug   Library Member Name

        28          0          0          0          0         80   strtod.o
        56          8          0          0          0         84   __0sscanf.o
        86          0          0          0          0          0   __dczerorl2.o
        28          0          0          0          0         68   _chval.o
       812          4          0          0          0        112   _scanf.o
        64          0          0          0          0         84   _sgetc.o
       158          0          0          0          0         92   _strtoul.o
        26          0          0          0          0         80   atoi.o
         8          4        133          0          0         68   ctype_o.o
         0          0          0          0          0          0   entry.o
         0          0          0          0          0          0   entry10a.o
         0          0          0          0          0          0   entry11a.o
         8          4          0          0          0          0   entry2.o
         4          0          0          0          0          0   entry5.o
         0          0          0          0          0          0   entry7b.o
         0          0          0          0          0          0   entry8b.o
         8          4          0          0          0          0   entry9a.o
         8          4          0          4          0         68   errno.o
        30          0          0          0          0          0   handlers.o
         0          0         61          0          0          0   ilconv.o
        36          8          0          0          0         68   init.o
        18          0          0          0          0         76   isspace_o.o
         0          0          0          0          0          0   iusefp.o
        30          0          0          0          0         68   llshl.o
        36          0          0          0          0         68   llsshr.o
        32          0          0          0          0         68   llushr.o
         8          4          0          0          0         68   localeconv.o
        80          4          0          0          0         76   malloc.o
        36          0          0          0          0         68   memcpya.o
        36          0          0          0          0        108   memseta.o
         0          0          0          4          0          0   mvars.o
      2308         96          0          0          0        604   printfa.o
        40          8          0          0          0         84   scanf_char.o
       878         12          0          0          0        216   scanf_fp.o
         0          0          0          4          0          0   stdout.o
        28          0          0          0          0         76   strcmp.o
        18          0          0          0          0         68   strcpy.o
        14          0          0          0          0         68   strlen.o
        30          0          0          0          0         80   strncmp.o
        24          0          0          0          0         76   strncpy.o
        36          0          0          0          0         80   strstr.o
       156         12          0          0          0        120   strtod.o
       112          0          0          0          0         88   strtol.o
        12          0          0          0          0         68   tolower.o
        44          0          0          0          0         80   uidiv.o
        98          0          0          0          0         92   uldiv.o
        48          0          0          0          0         68   cdcmple.o
        48          0          0          0          0         68   cdrcmple.o
        20          0          0          0          0         68   cfcmple.o
        20          0          0          0          0         68   cfrcmple.o
        56          0          0          0          0         88   d2f.o
       334          0          0          0          0        148   dadd.o
       222          0          0          0          0        100   ddiv.o
       186          0          0          0          0        176   depilogue.o
        62          0          0          0          0         80   dfixi.o
        48          0          0          0          0         68   dfixul.o
        24          0          0          0          0         76   dfltul.o
       228          0          0          0          0         96   dmul.o
       176          0          0          0          0        140   fadd.o
       124          0          0          0          0         88   fdiv.o
       110          0          0          0          0        168   fepilogue.o
        50          0          0          0          0         68   ffixi.o
        40          0          0          0          0         68   ffixui.o
        18          0          0          0          0         68   fflti.o
        10          0          0          0          0         68   ffltui.o
       100          0          0          0          0         76   fmul.o

    ----------------------------------------------------------------------
      7372        172        200         12          0       5052   Library Totals
        14          0          6          0          0          0   (incl. Padding)

    ----------------------------------------------------------------------

      Code (inc. data)   RO Data    RW Data    ZI Data      Debug   Library Name

        28          0          0          0          0         80   m_ws.l
      5406        172        194         12          0       3124   mc_w.l
      1924          0          0          0          0       1848   mf_w.l

    ----------------------------------------------------------------------
      7372        172        200         12          0       5052   Library Totals

    ----------------------------------------------------------------------

==============================================================================


      Code (inc. data)   RO Data    RW Data    ZI Data      Debug   

     50956       5114       1800       5064      41928    1095929   Grand Totals
     50956       5114       1800       2896      41928    1095929   ELF Image Totals (compressed)
     50956       5114       1800       2896          0          0   ROM Totals

==============================================================================

    Total RO  Size (Code + RO Data)                52756 (  51.52kB)
    Total RW  Size (RW Data + ZI Data)             46992 (  45.89kB)
    Total ROM Size (Code + RO Data + RW Data)      55652 (  54.35kB)

==============================================================================

